graph: { title: "/boron.a/gnatmail/sandbox/gpl-2015/arm-elf-linux/recompilablerts/src/bb-runtimes/obj/ravenscar-sfp-stm32f4.build/common/a-assert.adb"
node: { title: "__gnat_last_chance_handler" label: "Last_Chance_Handler\n/boron.a/gnatmail/sandbox/gpl-2015/arm-elf-linux/recompilablerts/src/bb-runtimes/obj/ravenscar-sfp-stm32f4.build/common/a-except.adb:41:17" shape : ellipse }
node: { title: "ada__assertions__assert__2" label: "Assert\n/boron.a/gnatmail/sandbox/gpl-2015/arm-elf-linux/recompilablerts/src/bb-runtimes/obj/ravenscar-sfp-stm32f4.build/common/a-assert.adb:46:4\n8 bytes (static)\n0 dynamic objects" }
edge: { sourcename: "ada__assertions__assert__2" targetname: "__gnat_last_chance_handler" label: "/boron.a/gnatmail/sandbox/gpl-2015/arm-elf-linux/recompilablerts/src/bb-runtimes/obj/ravenscar-sfp-stm32f4.build/common/a-assert.adb:49:10" }
node: { title: "ada__assertions__assert" label: "Assert\n/boron.a/gnatmail/sandbox/gpl-2015/arm-elf-linux/recompilablerts/src/bb-runtimes/obj/ravenscar-sfp-stm32f4.build/common/a-assert.adb:39:4\n8 bytes (static)\n0 dynamic objects" }
edge: { sourcename: "ada__assertions__assert" targetname: "__gnat_last_chance_handler" label: "/boron.a/gnatmail/sandbox/gpl-2015/arm-elf-linux/recompilablerts/src/bb-runtimes/obj/ravenscar-sfp-stm32f4.build/common/a-assert.adb:42:10" }
}
