graph: { title: "/boron.a/gnatmail/sandbox/gpl-2015/arm-elf-linux/recompilablerts/src/bb-runtimes/obj/ravenscar-sfp-stm32f4.build/gnarl-common/a-extiin.adb"
node: { title: "system__bb__protection__leave_kernel" label: "Leave_Kernel\n/boron.a/gnatmail/sandbox/gpl-2015/arm-elf-linux/recompilablerts/src/bb-runtimes/obj/ravenscar-sfp-stm32f4.build/gnarl-common/s-bbprot.ads:54:14" shape : ellipse }
node: { title: "system__bb__execution_time__elapsed_time" label: "Elapsed_Time\n/boron.a/gnatmail/sandbox/gpl-2015/arm-elf-linux/recompilablerts/src/bb-runtimes/obj/ravenscar-sfp-stm32f4.build/gnarl-common/s-bbexti.adb:83:13" shape : ellipse }
node: { title: "system__bb__interrupts__current_interrupt" label: "Current_Interrupt\n/boron.a/gnatmail/sandbox/gpl-2015/arm-elf-linux/recompilablerts/src/bb-runtimes/obj/ravenscar-sfp-stm32f4.build/gnarl-common/s-bbinte.ads:76:13" shape : ellipse }
node: { title: "ada__execution_time__interrupts__supported" label: "Supported\n/boron.a/gnatmail/sandbox/gpl-2015/arm-elf-linux/recompilablerts/src/bb-runtimes/obj/ravenscar-sfp-stm32f4.build/gnarl-common/a-extiin.adb:61:4\n0 bytes\n0 dynamic objects" }
node: { title: "ada__execution_time__interrupts__clock" label: "Clock\n/boron.a/gnatmail/sandbox/gpl-2015/arm-elf-linux/recompilablerts/src/bb-runtimes/obj/ravenscar-sfp-stm32f4.build/gnarl-common/a-extiin.adb:54:4\n16 bytes (static)\n0 dynamic objects" }
edge: { sourcename: "ada__execution_time__interrupts__clock" targetname: "system__bb__protection__leave_kernel" label: "/boron.a/gnatmail/sandbox/gpl-2015/arm-elf-linux/recompilablerts/src/bb-runtimes/obj/ravenscar-sfp-stm32f4.build/gnarl-common/s-bbexti.adb:197:27" }
edge: { sourcename: "ada__execution_time__interrupts__clock" targetname: "system__bb__execution_time__elapsed_time" label: "/boron.a/gnatmail/sandbox/gpl-2015/arm-elf-linux/recompilablerts/src/bb-runtimes/obj/ravenscar-sfp-stm32f4.build/gnarl-common/s-bbexti.adb:190:27" }
edge: { sourcename: "ada__execution_time__interrupts__clock" targetname: "system__bb__interrupts__current_interrupt" label: "/boron.a/gnatmail/sandbox/gpl-2015/arm-elf-linux/recompilablerts/src/bb-runtimes/obj/ravenscar-sfp-stm32f4.build/gnarl-common/s-bbexti.adb:189:30" }
}
