graph: { title: "/boron.a/gnatmail/sandbox/gpl-2015/arm-elf-linux/recompilablerts/src/bb-runtimes/obj/ravenscar-sfp-stm32f4.build/gnarl-common/a-exetim.adb"
node: { title: "system__bb__execution_time__global_interrupt_clock" label: "Global_Interrupt_Clock\n/boron.a/gnatmail/sandbox/gpl-2015/arm-elf-linux/recompilablerts/src/bb-runtimes/obj/ravenscar-sfp-stm32f4.build/gnarl-common/s-bbexti.ads:36:13" shape : ellipse }
node: { title: "ada__real_time__time_of" label: "Time_Of\n/boron.a/gnatmail/sandbox/gpl-2015/arm-elf-linux/recompilablerts/src/bb-runtimes/obj/ravenscar-sfp-stm32f4.build/gnarl-common/a-reatim.ads:113:13" shape : ellipse }
node: { title: "ada__real_time__split" label: "Split\n/boron.a/gnatmail/sandbox/gpl-2015/arm-elf-linux/recompilablerts/src/bb-runtimes/obj/ravenscar-sfp-stm32f4.build/gnarl-common/a-reatim.ads:112:14" shape : ellipse }
node: { title: "system__bb__execution_time__elapsed_time" label: "Elapsed_Time\n/boron.a/gnatmail/sandbox/gpl-2015/arm-elf-linux/recompilablerts/src/bb-runtimes/obj/ravenscar-sfp-stm32f4.build/gnarl-common/s-bbexti.adb:83:13" shape : ellipse }
node: { title: "system__bb__interrupts__current_interrupt" label: "Current_Interrupt\n/boron.a/gnatmail/sandbox/gpl-2015/arm-elf-linux/recompilablerts/src/bb-runtimes/obj/ravenscar-sfp-stm32f4.build/gnarl-common/s-bbinte.ads:76:13" shape : ellipse }
node: { title: "system__bb__execution_time__read_execution_time_atomic" label: "Read_Execution_Time_Atomic\n/boron.a/gnatmail/sandbox/gpl-2015/arm-elf-linux/recompilablerts/src/bb-runtimes/obj/ravenscar-sfp-stm32f4.build/gnarl-common/s-bbexti.adb:88:13" shape : ellipse }
node: { title: "system__task_primitives__operations__get_thread_id" label: "Get_Thread_Id\n/boron.a/gnatmail/sandbox/gpl-2015/arm-elf-linux/recompilablerts/src/bb-runtimes/obj/ravenscar-sfp-stm32f4.build/gnarl-common/s-taprop.ads:95:13" shape : ellipse }
node: { title: "__gnat_last_chance_handler" label: "gnat_last_chance_handler\n<built-in>" shape : ellipse }
node: { title: "ada__real_time__Osubtract__2" label: "-\n/boron.a/gnatmail/sandbox/gpl-2015/arm-elf-linux/recompilablerts/src/bb-runtimes/obj/ravenscar-sfp-stm32f4.build/gnarl-common/a-reatim.ads:66:13" shape : ellipse }
node: { title: "ada__real_time__Osubtract" label: "-\n/boron.a/gnatmail/sandbox/gpl-2015/arm-elf-linux/recompilablerts/src/bb-runtimes/obj/ravenscar-sfp-stm32f4.build/gnarl-common/a-reatim.ads:65:13" shape : ellipse }
node: { title: "ada__real_time__Oadd" label: "+\n/boron.a/gnatmail/sandbox/gpl-2015/arm-elf-linux/recompilablerts/src/bb-runtimes/obj/ravenscar-sfp-stm32f4.build/gnarl-common/a-reatim.ads:64:13" shape : ellipse }
node: { title: "ada__execution_time___elabs" label: "Execution_Time\n/boron.a/gnatmail/sandbox/gpl-2015/arm-elf-linux/recompilablerts/src/bb-runtimes/obj/ravenscar-sfp-stm32f4.build/gnarl-common/a-exetim.ads:19:1\n0 bytes\n0 dynamic objects" }
node: { title: "ada__execution_time__clock_for_interrupts" label: "Clock_For_Interrupts\n/boron.a/gnatmail/sandbox/gpl-2015/arm-elf-linux/recompilablerts/src/bb-runtimes/obj/ravenscar-sfp-stm32f4.build/gnarl-common/a-exetim.adb:155:4\n0 bytes\n0 dynamic objects" }
edge: { sourcename: "ada__execution_time__clock_for_interrupts" targetname: "system__bb__execution_time__global_interrupt_clock" label: "/boron.a/gnatmail/sandbox/gpl-2015/arm-elf-linux/recompilablerts/src/bb-runtimes/obj/ravenscar-sfp-stm32f4.build/gnarl-common/a-exetim.adb:157:7" }
node: { title: "ada__execution_time__time_of" label: "Time_Of\n/boron.a/gnatmail/sandbox/gpl-2015/arm-elf-linux/recompilablerts/src/bb-runtimes/obj/ravenscar-sfp-stm32f4.build/gnarl-common/a-exetim.adb:142:4\n0 bytes\n0 dynamic objects" }
edge: { sourcename: "ada__execution_time__time_of" targetname: "ada__real_time__time_of" label: "/boron.a/gnatmail/sandbox/gpl-2015/arm-elf-linux/recompilablerts/src/bb-runtimes/obj/ravenscar-sfp-stm32f4.build/gnarl-common/a-exetim.adb:148:7" }
node: { title: "ada__execution_time__split" label: "Split\n/boron.a/gnatmail/sandbox/gpl-2015/arm-elf-linux/recompilablerts/src/bb-runtimes/obj/ravenscar-sfp-stm32f4.build/gnarl-common/a-exetim.adb:128:4\n24 bytes (static)\n0 dynamic objects" }
edge: { sourcename: "ada__execution_time__split" targetname: "ada__real_time__split" label: "/boron.a/gnatmail/sandbox/gpl-2015/arm-elf-linux/recompilablerts/src/bb-runtimes/obj/ravenscar-sfp-stm32f4.build/gnarl-common/a-exetim.adb:135:20" }
node: { title: "ada__execution_time__clock" label: "Clock\n/boron.a/gnatmail/sandbox/gpl-2015/arm-elf-linux/recompilablerts/src/bb-runtimes/obj/ravenscar-sfp-stm32f4.build/gnarl-common/a-exetim.adb:106:4\n24 bytes (static)\n0 dynamic objects" }
edge: { sourcename: "ada__execution_time__clock" targetname: "system__bb__execution_time__read_execution_time_atomic" label: "/boron.a/gnatmail/sandbox/gpl-2015/arm-elf-linux/recompilablerts/src/bb-runtimes/obj/ravenscar-sfp-stm32f4.build/gnarl-common/s-bbexti.adb:330:17" }
edge: { sourcename: "ada__execution_time__clock" targetname: "system__bb__execution_time__read_execution_time_atomic" label: "/boron.a/gnatmail/sandbox/gpl-2015/arm-elf-linux/recompilablerts/src/bb-runtimes/obj/ravenscar-sfp-stm32f4.build/gnarl-common/s-bbexti.adb:320:14" }
edge: { sourcename: "ada__execution_time__clock" targetname: "system__bb__execution_time__elapsed_time" label: "/boron.a/gnatmail/sandbox/gpl-2015/arm-elf-linux/recompilablerts/src/bb-runtimes/obj/ravenscar-sfp-stm32f4.build/gnarl-common/s-bbexti.adb:318:13" }
edge: { sourcename: "ada__execution_time__clock" targetname: "system__bb__interrupts__current_interrupt" label: "/boron.a/gnatmail/sandbox/gpl-2015/arm-elf-linux/recompilablerts/src/bb-runtimes/obj/ravenscar-sfp-stm32f4.build/gnarl-common/s-bbexti.adb:315:38" }
edge: { sourcename: "ada__execution_time__clock" targetname: "system__bb__execution_time__read_execution_time_atomic" label: "/boron.a/gnatmail/sandbox/gpl-2015/arm-elf-linux/recompilablerts/src/bb-runtimes/obj/ravenscar-sfp-stm32f4.build/gnarl-common/s-bbexti.adb:308:11" }
edge: { sourcename: "ada__execution_time__clock" targetname: "system__task_primitives__operations__get_thread_id" label: "/boron.a/gnatmail/sandbox/gpl-2015/arm-elf-linux/recompilablerts/src/bb-runtimes/obj/ravenscar-sfp-stm32f4.build/gnarl-common/a-exetim.adb:119:10" }
edge: { sourcename: "ada__execution_time__clock" targetname: "__gnat_last_chance_handler" label: "/boron.a/gnatmail/sandbox/gpl-2015/arm-elf-linux/recompilablerts/src/bb-runtimes/obj/ravenscar-sfp-stm32f4.build/gnarl-common/a-exetim.adb:116:10" }
node: { title: "ada__execution_time__Osubtract__2" label: "-\n/boron.a/gnatmail/sandbox/gpl-2015/arm-elf-linux/recompilablerts/src/bb-runtimes/obj/ravenscar-sfp-stm32f4.build/gnarl-common/a-exetim.adb:93:4\n0 bytes\n0 dynamic objects" }
edge: { sourcename: "ada__execution_time__Osubtract__2" targetname: "ada__real_time__Osubtract__2" label: "/boron.a/gnatmail/sandbox/gpl-2015/arm-elf-linux/recompilablerts/src/bb-runtimes/obj/ravenscar-sfp-stm32f4.build/gnarl-common/a-exetim.adb:99:7" }
node: { title: "ada__execution_time__Osubtract" label: "-\n/boron.a/gnatmail/sandbox/gpl-2015/arm-elf-linux/recompilablerts/src/bb-runtimes/obj/ravenscar-sfp-stm32f4.build/gnarl-common/a-exetim.adb:84:4\n0 bytes\n0 dynamic objects" }
edge: { sourcename: "ada__execution_time__Osubtract" targetname: "ada__real_time__Osubtract" label: "/boron.a/gnatmail/sandbox/gpl-2015/arm-elf-linux/recompilablerts/src/bb-runtimes/obj/ravenscar-sfp-stm32f4.build/gnarl-common/a-exetim.adb:90:7" }
node: { title: "ada__execution_time__Oadd__2" label: "+\n/boron.a/gnatmail/sandbox/gpl-2015/arm-elf-linux/recompilablerts/src/bb-runtimes/obj/ravenscar-sfp-stm32f4.build/gnarl-common/a-exetim.adb:71:4\n8 bytes (static)\n0 dynamic objects" }
edge: { sourcename: "ada__execution_time__Oadd__2" targetname: "ada__real_time__Oadd" label: "/boron.a/gnatmail/sandbox/gpl-2015/arm-elf-linux/recompilablerts/src/bb-runtimes/obj/ravenscar-sfp-stm32f4.build/gnarl-common/a-reatim.ads:69:13" }
node: { title: "ada__execution_time__Oadd" label: "+\n/boron.a/gnatmail/sandbox/gpl-2015/arm-elf-linux/recompilablerts/src/bb-runtimes/obj/ravenscar-sfp-stm32f4.build/gnarl-common/a-exetim.adb:62:4\n0 bytes\n0 dynamic objects" }
edge: { sourcename: "ada__execution_time__Oadd" targetname: "ada__real_time__Oadd" label: "/boron.a/gnatmail/sandbox/gpl-2015/arm-elf-linux/recompilablerts/src/bb-runtimes/obj/ravenscar-sfp-stm32f4.build/gnarl-common/a-exetim.adb:68:7" }
}
