graph: { title: "/boron.a/gnatmail/sandbox/gpl-2015/arm-elf-linux/recompilablerts/src/bb-runtimes/obj/ravenscar-sfp-stm32f4.build/common/s-assert.adb"
node: { title: "__gnat_last_chance_handler" label: "Last_Chance_Handler\n/boron.a/gnatmail/sandbox/gpl-2015/arm-elf-linux/recompilablerts/src/bb-runtimes/obj/ravenscar-sfp-stm32f4.build/common/a-except.adb:41:17" shape : ellipse }
node: { title: "system__assertions__raise_assert_failure" label: "Raise_Assert_Failure\n/boron.a/gnatmail/sandbox/gpl-2015/arm-elf-linux/recompilablerts/src/bb-runtimes/obj/ravenscar-sfp-stm32f4.build/common/s-assert.adb:40:4\n8 bytes (static)\n0 dynamic objects" }
edge: { sourcename: "system__assertions__raise_assert_failure" targetname: "__gnat_last_chance_handler" label: "/boron.a/gnatmail/sandbox/gpl-2015/arm-elf-linux/recompilablerts/src/bb-runtimes/obj/ravenscar-sfp-stm32f4.build/common/s-assert.adb:42:7" }
}
