class {
  classname: "system__bb__timing_events__timing_event"
  label: "system__bb__timing_events__timing_event\s-bbtiev.ads:42:9"
  virtuals: "1:system__bb__timing_events__set_handler\n
             2:system__bb__timing_events__current_handler\n
             3:system__bb__timing_events__cancel_handler\n
             4:system__bb__timing_events__time_of_event\n
             -1:system__bb__timing_events___size"
}
graph: { title: "/boron.a/gnatmail/sandbox/gpl-2015/arm-elf-linux/recompilablerts/src/bb-runtimes/obj/ravenscar-sfp-stm32f4.build/gnarl-common/s-bbtiev.adb"
node: { title: "system__bb__time__update_alarm" label: "Update_Alarm\n/boron.a/gnatmail/sandbox/gpl-2015/arm-elf-linux/recompilablerts/src/bb-runtimes/obj/ravenscar-sfp-stm32f4.build/gnarl-common/s-bbtime.ads:147:14" shape : ellipse }
node: { title: "system__bb__time__get_next_timeout" label: "Get_Next_Timeout\n/boron.a/gnatmail/sandbox/gpl-2015/arm-elf-linux/recompilablerts/src/bb-runtimes/obj/ravenscar-sfp-stm32f4.build/gnarl-common/s-bbtime.ads:144:13" shape : ellipse }
node: { title: "system__bb__timing_events__insert" label: "Insert\n/boron.a/gnatmail/sandbox/gpl-2015/arm-elf-linux/recompilablerts/src/bb-runtimes/obj/ravenscar-sfp-stm32f4.build/gnarl-common/s-bbtiev.adb:404:4\n16 bytes (static)\n0 dynamic objects" }
node: { title: "system__bb__timing_events__extract" label: "Extract\n/boron.a/gnatmail/sandbox/gpl-2015/arm-elf-linux/recompilablerts/src/bb-runtimes/obj/ravenscar-sfp-stm32f4.build/gnarl-common/s-bbtiev.adb:371:4\n0 bytes\n0 dynamic objects" }
node: { title: "system__bb__timing_events__time_of_event" label: "Time_Of_Event\n/boron.a/gnatmail/sandbox/gpl-2015/arm-elf-linux/recompilablerts/src/bb-runtimes/obj/ravenscar-sfp-stm32f4.build/gnarl-common/s-bbtiev.adb:358:4\n0 bytes\n0 dynamic objects" }
node: { title: "system__bb__timing_events__get_next_timeout" label: "Get_Next_Timeout\n/boron.a/gnatmail/sandbox/gpl-2015/arm-elf-linux/recompilablerts/src/bb-runtimes/obj/ravenscar-sfp-stm32f4.build/gnarl-common/s-bbtiev.adb:342:4\n0 bytes\n0 dynamic objects" }
node: { title: "system__bb__timing_events__execute_expired_timing_events" label: "Execute_Expired_Timing_Events\n/boron.a/gnatmail/sandbox/gpl-2015/arm-elf-linux/recompilablerts/src/bb-runtimes/obj/ravenscar-sfp-stm32f4.build/gnarl-common/s-bbtiev.adb:273:4\n40 bytes (static)\n0 dynamic objects" }
edge: { sourcename: "system__bb__timing_events__execute_expired_timing_events" targetname: "__indirect_call" label: "/boron.a/gnatmail/sandbox/gpl-2015/arm-elf-linux/recompilablerts/src/bb-runtimes/obj/ravenscar-sfp-stm32f4.build/gnarl-common/s-bbtiev.adb:325:10" }
node: { title: "__indirect_call" label: "Indirect Call Placeholder" shape : ellipse }
node: { title: "system__bb__timing_events__cancel_handler" label: "Cancel_Handler\n/boron.a/gnatmail/sandbox/gpl-2015/arm-elf-linux/recompilablerts/src/bb-runtimes/obj/ravenscar-sfp-stm32f4.build/gnarl-common/s-bbtiev.adb:240:4\n8 bytes (static)\n0 dynamic objects" }
edge: { sourcename: "system__bb__timing_events__cancel_handler" targetname: "system__bb__time__update_alarm" label: "/boron.a/gnatmail/sandbox/gpl-2015/arm-elf-linux/recompilablerts/src/bb-runtimes/obj/ravenscar-sfp-stm32f4.build/gnarl-common/s-bbtiev.adb:260:17" }
edge: { sourcename: "system__bb__timing_events__cancel_handler" targetname: "system__bb__time__get_next_timeout" label: "/boron.a/gnatmail/sandbox/gpl-2015/arm-elf-linux/recompilablerts/src/bb-runtimes/obj/ravenscar-sfp-stm32f4.build/gnarl-common/s-bbtiev.adb:259:24" }
node: { title: "system__bb__timing_events__current_handler" label: "Current_Handler\n/boron.a/gnatmail/sandbox/gpl-2015/arm-elf-linux/recompilablerts/src/bb-runtimes/obj/ravenscar-sfp-stm32f4.build/gnarl-common/s-bbtiev.adb:229:4\n0 bytes\n0 dynamic objects" }
node: { title: "system__bb__timing_events__set_handler" label: "Set_Handler\n/boron.a/gnatmail/sandbox/gpl-2015/arm-elf-linux/recompilablerts/src/bb-runtimes/obj/ravenscar-sfp-stm32f4.build/gnarl-common/s-bbtiev.adb:163:4\n16 bytes (static)\n0 dynamic objects" }
edge: { sourcename: "system__bb__timing_events__set_handler" targetname: "system__bb__timing_events__insert" label: "/boron.a/gnatmail/sandbox/gpl-2015/arm-elf-linux/recompilablerts/src/bb-runtimes/obj/ravenscar-sfp-stm32f4.build/gnarl-common/s-bbtiev.adb:192:10" }
edge: { sourcename: "system__bb__timing_events__set_handler" targetname: "system__bb__time__update_alarm" label: "/boron.a/gnatmail/sandbox/gpl-2015/arm-elf-linux/recompilablerts/src/bb-runtimes/obj/ravenscar-sfp-stm32f4.build/gnarl-common/s-bbtiev.adb:199:14" }
edge: { sourcename: "system__bb__timing_events__set_handler" targetname: "system__bb__time__get_next_timeout" label: "/boron.a/gnatmail/sandbox/gpl-2015/arm-elf-linux/recompilablerts/src/bb-runtimes/obj/ravenscar-sfp-stm32f4.build/gnarl-common/s-bbtiev.adb:198:21" }
edge: { sourcename: "system__bb__timing_events__set_handler" targetname: "system__bb__timing_events__insert" label: "/boron.a/gnatmail/sandbox/gpl-2015/arm-elf-linux/recompilablerts/src/bb-runtimes/obj/ravenscar-sfp-stm32f4.build/gnarl-common/s-bbtiev.adb:192:10" }
node: { title: "system__bb__timing_events___size" label: "Timing_Events\n/boron.a/gnatmail/sandbox/gpl-2015/arm-elf-linux/recompilablerts/src/bb-runtimes/obj/ravenscar-sfp-stm32f4.build/gnarl-common/s-bbtiev.ads:42:9\n0 bytes\n0 dynamic objects" }
node: { title: "system__bb__timing_events__timing_eventIP" label: "Timing_Eventip\n/boron.a/gnatmail/sandbox/gpl-2015/arm-elf-linux/recompilablerts/src/bb-runtimes/obj/ravenscar-sfp-stm32f4.build/gnarl-common/s-bbtiev.ads:42:9\n0 bytes\n0 dynamic objects" }
}
