graph: { title: "/boron.a/gnatmail/sandbox/gpl-2015/arm-elf-linux/recompilablerts/src/bb-runtimes/obj/ravenscar-sfp-stm32f4.build/gnarl-common/s-bbinte.adb"
node: { title: "system__bb__board_support__install_interrupt_handler" label: "Install_Interrupt_Handler\n/boron.a/gnatmail/sandbox/gpl-2015/arm-elf-linux/recompilablerts/src/bb-runtimes/obj/ravenscar-sfp-stm32f4.build/gnarl-common/s-bbbosu.ads:125:14" shape : ellipse }
node: { title: "system__bb__interrupts__initialize_interrupts" label: "Initialize_Interrupts\n/boron.a/gnatmail/sandbox/gpl-2015/arm-elf-linux/recompilablerts/src/bb-runtimes/obj/ravenscar-sfp-stm32f4.build/gnarl-common/s-bbinte.adb:251:4\n0 bytes\n0 dynamic objects" }
node: { title: "system__bb__interrupts__within_interrupt_stack" label: "Within_Interrupt_Stack\n/boron.a/gnatmail/sandbox/gpl-2015/arm-elf-linux/recompilablerts/src/bb-runtimes/obj/ravenscar-sfp-stm32f4.build/gnarl-common/s-bbinte.adb:237:4\n0 bytes\n0 dynamic objects" }
node: { title: "system__bb__interrupts__interrupt_wrapper" label: "Interrupt_Wrapper\n/boron.a/gnatmail/sandbox/gpl-2015/arm-elf-linux/recompilablerts/src/bb-runtimes/obj/ravenscar-sfp-stm32f4.build/gnarl-common/s-bbinte.adb:153:4\n40 bytes (static)\n0 dynamic objects" }
edge: { sourcename: "system__bb__interrupts__interrupt_wrapper" targetname: "__indirect_call" label: "/boron.a/gnatmail/sandbox/gpl-2015/arm-elf-linux/recompilablerts/src/bb-runtimes/obj/ravenscar-sfp-stm32f4.build/gnarl-common/s-bbinte.adb:216:32" }
node: { title: "__indirect_call" label: "Indirect Call Placeholder" shape : ellipse }
edge: { sourcename: "system__bb__interrupts__interrupt_wrapper" targetname: "__indirect_call" label: "/boron.a/gnatmail/sandbox/gpl-2015/arm-elf-linux/recompilablerts/src/bb-runtimes/obj/ravenscar-sfp-stm32f4.build/gnarl-common/s-bbinte.adb:207:44" }
edge: { sourcename: "system__bb__interrupts__interrupt_wrapper" targetname: "__indirect_call" label: "/boron.a/gnatmail/sandbox/gpl-2015/arm-elf-linux/recompilablerts/src/bb-runtimes/obj/ravenscar-sfp-stm32f4.build/gnarl-common/s-bbinte.adb:177:32" }
node: { title: "system__bb__interrupts__current_interrupt" label: "Current_Interrupt\n/boron.a/gnatmail/sandbox/gpl-2015/arm-elf-linux/recompilablerts/src/bb-runtimes/obj/ravenscar-sfp-stm32f4.build/gnarl-common/s-bbinte.adb:135:4\n0 bytes\n0 dynamic objects" }
node: { title: "system__bb__interrupts__attach_handler" label: "Attach_Handler\n/boron.a/gnatmail/sandbox/gpl-2015/arm-elf-linux/recompilablerts/src/bb-runtimes/obj/ravenscar-sfp-stm32f4.build/gnarl-common/s-bbinte.adb:109:4\n0 bytes\n0 dynamic objects" }
edge: { sourcename: "system__bb__interrupts__attach_handler" targetname: "system__bb__board_support__install_interrupt_handler" label: "/boron.a/gnatmail/sandbox/gpl-2015/arm-elf-linux/recompilablerts/src/bb-runtimes/obj/ravenscar-sfp-stm32f4.build/gnarl-common/s-bbinte.adb:127:20" }
node: { title: "system__bb__interrupts__Tinterrupt_stack_tableBIP" label: "Tinterrupt_Stack_Tablebip\n/boron.a/gnatmail/sandbox/gpl-2015/arm-elf-linux/recompilablerts/src/bb-runtimes/obj/ravenscar-sfp-stm32f4.build/gnarl-common/s-bbinte.adb:76:4\n0 bytes\n0 dynamic objects" }
node: { title: "system__bb__interrupts__Tinterrupt_stacksBIP" label: "Tinterrupt_Stacksbip\n/boron.a/gnatmail/sandbox/gpl-2015/arm-elf-linux/recompilablerts/src/bb-runtimes/obj/ravenscar-sfp-stm32f4.build/gnarl-common/s-bbinte.adb:67:4\n0 bytes\n0 dynamic objects" }
}
