graph: { title: "/boron.a/gnatmail/sandbox/gpl-2015/arm-elf-linux/recompilablerts/src/bb-runtimes/obj/ravenscar-sfp-stm32f4.build/gnarl-common/s-bbthre.adb"
node: { title: "__gnat_last_chance_handler" label: "gnat_last_chance_handler\n<built-in>" shape : ellipse }
node: { title: "system__bb__cpu_primitives__initialize_cpu" label: "Initialize_Cpu\n/boron.a/gnatmail/sandbox/gpl-2015/arm-elf-linux/recompilablerts/src/bb-runtimes/obj/ravenscar-sfp-stm32f4.build/gnarl-common/s-bbcppr.adb:159:14" shape : ellipse }
node: { title: "system__bb__protection__leave_kernel" label: "Leave_Kernel\n/boron.a/gnatmail/sandbox/gpl-2015/arm-elf-linux/recompilablerts/src/bb-runtimes/obj/ravenscar-sfp-stm32f4.build/gnarl-common/s-bbprot.ads:54:14" shape : ellipse }
node: { title: "system__bb__time__initialize_timers" label: "Initialize_Timers\n/boron.a/gnatmail/sandbox/gpl-2015/arm-elf-linux/recompilablerts/src/bb-runtimes/obj/ravenscar-sfp-stm32f4.build/gnarl-common/s-bbtime.ads:127:14" shape : ellipse }
node: { title: "system__bb__interrupts__initialize_interrupts" label: "Initialize_Interrupts\n/boron.a/gnatmail/sandbox/gpl-2015/arm-elf-linux/recompilablerts/src/bb-runtimes/obj/ravenscar-sfp-stm32f4.build/gnarl-common/s-bbinte.ads:61:14" shape : ellipse }
node: { title: "system__bb__board_support__initialize_board" label: "Initialize_Board\n/boron.a/gnatmail/sandbox/gpl-2015/arm-elf-linux/recompilablerts/src/bb-runtimes/obj/ravenscar-sfp-stm32f4.build/gnarl-common/s-bbbosu.ads:53:14" shape : ellipse }
node: { title: "system__bb__threads__wakeup" label: "Wakeup\n/boron.a/gnatmail/sandbox/gpl-2015/arm-elf-linux/recompilablerts/src/bb-runtimes/obj/ravenscar-sfp-stm32f4.build/gnarl-common/s-bbthre.adb:541:4\n4 bytes (static)\n0 dynamic objects" }
edge: { sourcename: "system__bb__threads__wakeup" targetname: "system__bb__protection__leave_kernel" label: "/boron.a/gnatmail/sandbox/gpl-2015/arm-elf-linux/recompilablerts/src/bb-runtimes/obj/ravenscar-sfp-stm32f4.build/gnarl-common/s-bbthre.adb:569:17" }
node: { title: "system__bb__threads__thread_self" label: "Thread_Self\n/boron.a/gnatmail/sandbox/gpl-2015/arm-elf-linux/recompilablerts/src/bb-runtimes/obj/ravenscar-sfp-stm32f4.build/gnarl-common/s-bbthre.adb:530:4\n0 bytes\n0 dynamic objects" }
node: { title: "system__bb__threads__thread_create" label: "Thread_Create\n/boron.a/gnatmail/sandbox/gpl-2015/arm-elf-linux/recompilablerts/src/bb-runtimes/obj/ravenscar-sfp-stm32f4.build/gnarl-common/s-bbthre.adb:451:4\n56 bytes (static)\n0 dynamic objects" }
edge: { sourcename: "system__bb__threads__thread_create" targetname: "system__bb__protection__leave_kernel" label: "/boron.a/gnatmail/sandbox/gpl-2015/arm-elf-linux/recompilablerts/src/bb-runtimes/obj/ravenscar-sfp-stm32f4.build/gnarl-common/s-bbthre.adb:523:17" }
node: { title: "system__bb__threads__sleep" label: "Sleep\n/boron.a/gnatmail/sandbox/gpl-2015/arm-elf-linux/recompilablerts/src/bb-runtimes/obj/ravenscar-sfp-stm32f4.build/gnarl-common/s-bbthre.adb:392:4\n0 bytes\n0 dynamic objects" }
edge: { sourcename: "system__bb__threads__sleep" targetname: "system__bb__protection__leave_kernel" label: "/boron.a/gnatmail/sandbox/gpl-2015/arm-elf-linux/recompilablerts/src/bb-runtimes/obj/ravenscar-sfp-stm32f4.build/gnarl-common/s-bbthre.adb:441:17" }
node: { title: "system__bb__threads__set_priority" label: "Set_Priority\n/boron.a/gnatmail/sandbox/gpl-2015/arm-elf-linux/recompilablerts/src/bb-runtimes/obj/ravenscar-sfp-stm32f4.build/gnarl-common/s-bbthre.adb:364:4\n4 bytes (static)\n0 dynamic objects" }
edge: { sourcename: "system__bb__threads__set_priority" targetname: "system__bb__protection__leave_kernel" label: "/boron.a/gnatmail/sandbox/gpl-2015/arm-elf-linux/recompilablerts/src/bb-runtimes/obj/ravenscar-sfp-stm32f4.build/gnarl-common/s-bbthre.adb:385:17" }
node: { title: "system__bb__threads__set_atcb" label: "Set_Atcb\n/boron.a/gnatmail/sandbox/gpl-2015/arm-elf-linux/recompilablerts/src/bb-runtimes/obj/ravenscar-sfp-stm32f4.build/gnarl-common/s-bbthre.adb:351:4\n0 bytes\n0 dynamic objects" }
node: { title: "system__bb__threads__initialize_slave_environment" label: "Initialize_Slave_Environment\n/boron.a/gnatmail/sandbox/gpl-2015/arm-elf-linux/recompilablerts/src/bb-runtimes/obj/ravenscar-sfp-stm32f4.build/gnarl-common/s-bbthre.adb:266:4\n8 bytes (static)\n0 dynamic objects" }
edge: { sourcename: "system__bb__threads__initialize_slave_environment" targetname: "__gnat_last_chance_handler" label: "/boron.a/gnatmail/sandbox/gpl-2015/arm-elf-linux/recompilablerts/src/bb-runtimes/obj/ravenscar-sfp-stm32f4.build/gnarl-common/s-bbthre.adb:281:10" }
node: { title: "system__bb__threads__initialize" label: "Initialize\n/boron.a/gnatmail/sandbox/gpl-2015/arm-elf-linux/recompilablerts/src/bb-runtimes/obj/ravenscar-sfp-stm32f4.build/gnarl-common/s-bbthre.adb:151:4\n24 bytes (static)\n0 dynamic objects" }
edge: { sourcename: "system__bb__threads__initialize" targetname: "system__bb__protection__leave_kernel" label: "/boron.a/gnatmail/sandbox/gpl-2015/arm-elf-linux/recompilablerts/src/bb-runtimes/obj/ravenscar-sfp-stm32f4.build/gnarl-common/s-bbthre.adb:259:17" }
edge: { sourcename: "system__bb__threads__initialize" targetname: "system__bb__cpu_primitives__initialize_cpu" label: "/boron.a/gnatmail/sandbox/gpl-2015/arm-elf-linux/recompilablerts/src/bb-runtimes/obj/ravenscar-sfp-stm32f4.build/gnarl-common/s-bbcppr.adb:537:14" }
edge: { sourcename: "system__bb__threads__initialize" targetname: "system__bb__time__initialize_timers" label: "/boron.a/gnatmail/sandbox/gpl-2015/arm-elf-linux/recompilablerts/src/bb-runtimes/obj/ravenscar-sfp-stm32f4.build/gnarl-common/s-bbthre.adb:163:11" }
edge: { sourcename: "system__bb__threads__initialize" targetname: "system__bb__interrupts__initialize_interrupts" label: "/boron.a/gnatmail/sandbox/gpl-2015/arm-elf-linux/recompilablerts/src/bb-runtimes/obj/ravenscar-sfp-stm32f4.build/gnarl-common/s-bbthre.adb:162:17" }
edge: { sourcename: "system__bb__threads__initialize" targetname: "system__bb__board_support__initialize_board" label: "/boron.a/gnatmail/sandbox/gpl-2015/arm-elf-linux/recompilablerts/src/bb-runtimes/obj/ravenscar-sfp-stm32f4.build/gnarl-common/s-bbthre.adb:161:20" }
node: { title: "system__bb__threads__get_priority" label: "Get_Priority\n/boron.a/gnatmail/sandbox/gpl-2015/arm-elf-linux/recompilablerts/src/bb-runtimes/obj/ravenscar-sfp-stm32f4.build/gnarl-common/s-bbthre.adb:137:4\n0 bytes\n0 dynamic objects" }
node: { title: "system__bb__threads__get_atcb" label: "Get_Atcb\n/boron.a/gnatmail/sandbox/gpl-2015/arm-elf-linux/recompilablerts/src/bb-runtimes/obj/ravenscar-sfp-stm32f4.build/gnarl-common/s-bbthre.adb:128:4\n0 bytes\n0 dynamic objects" }
node: { title: "system__bb__threads__get_cpu" label: "Get_Cpu\n/boron.a/gnatmail/sandbox/gpl-2015/arm-elf-linux/recompilablerts/src/bb-runtimes/obj/ravenscar-sfp-stm32f4.build/gnarl-common/s-bbthre.adb:112:4\n0 bytes\n0 dynamic objects" }
node: { title: "system__bb__threads__get_affinity" label: "Get_Affinity\n/boron.a/gnatmail/sandbox/gpl-2015/arm-elf-linux/recompilablerts/src/bb-runtimes/obj/ravenscar-sfp-stm32f4.build/gnarl-common/s-bbthre.adb:103:4\n0 bytes\n0 dynamic objects" }
node: { title: "system__bb__threads__Tslave_stacks_tableBIP" label: "Tslave_Stacks_Tablebip\n/boron.a/gnatmail/sandbox/gpl-2015/arm-elf-linux/recompilablerts/src/bb-runtimes/obj/ravenscar-sfp-stm32f4.build/gnarl-common/s-bbthre.adb:78:4\n0 bytes\n0 dynamic objects" }
node: { title: "system__bb__threads__Tslave_stacksBIP" label: "Tslave_Stacksbip\n/boron.a/gnatmail/sandbox/gpl-2015/arm-elf-linux/recompilablerts/src/bb-runtimes/obj/ravenscar-sfp-stm32f4.build/gnarl-common/s-bbthre.adb:73:4\n0 bytes\n0 dynamic objects" }
node: { title: "system__bb__threads__thread_descriptorIP" label: "Thread_Descriptorip\n/boron.a/gnatmail/sandbox/gpl-2015/arm-elf-linux/recompilablerts/src/bb-runtimes/obj/ravenscar-sfp-stm32f4.build/gnarl-common/s-bbthre.ads:77:9\n0 bytes\n0 dynamic objects" }
}
