graph: { title: "/boron.a/gnatmail/sandbox/gpl-2015/arm-elf-linux/recompilablerts/src/bb-runtimes/obj/ravenscar-sfp-stm32f4.build/gnarl-common/s-bbexti.adb"
node: { title: "system__bb__protection__leave_kernel" label: "Leave_Kernel\n/boron.a/gnatmail/sandbox/gpl-2015/arm-elf-linux/recompilablerts/src/bb-runtimes/obj/ravenscar-sfp-stm32f4.build/gnarl-common/s-bbprot.ads:54:14" shape : ellipse }
node: { title: "system__bb__interrupts__current_interrupt" label: "Current_Interrupt\n/boron.a/gnatmail/sandbox/gpl-2015/arm-elf-linux/recompilablerts/src/bb-runtimes/obj/ravenscar-sfp-stm32f4.build/gnarl-common/s-bbinte.ads:76:13" shape : ellipse }
node: { title: "system__bb__board_support__read_clock" label: "Read_Clock\n/boron.a/gnatmail/sandbox/gpl-2015/arm-elf-linux/recompilablerts/src/bb-runtimes/obj/ravenscar-sfp-stm32f4.build/gnarl-common/s-bbbosu.ads:84:13" shape : ellipse }
node: { title: "system__bb__execution_time___elabb" label: "Execution_Time\n/boron.a/gnatmail/sandbox/gpl-2015/arm-elf-linux/recompilablerts/src/bb-runtimes/obj/ravenscar-sfp-stm32f4.build/gnarl-common/s-bbexti.adb:44:1\n8 bytes (static)\n0 dynamic objects" }
node: { title: "system__bb__execution_time__to_time" label: "To_Time\n/boron.a/gnatmail/sandbox/gpl-2015/arm-elf-linux/recompilablerts/src/bb-runtimes/obj/ravenscar-sfp-stm32f4.build/gnarl-common/s-bbexti.adb:355:4\n8 bytes (static)\n0 dynamic objects" }
node: { title: "system__bb__execution_time__to_composite_execution_time" label: "To_Composite_Execution_Time\n/boron.a/gnatmail/sandbox/gpl-2015/arm-elf-linux/recompilablerts/src/bb-runtimes/obj/ravenscar-sfp-stm32f4.build/gnarl-common/s-bbexti.adb:344:4\n0 bytes\n0 dynamic objects" }
node: { title: "system__bb__execution_time__thread_clock" label: "Thread_Clock\n/boron.a/gnatmail/sandbox/gpl-2015/arm-elf-linux/recompilablerts/src/bb-runtimes/obj/ravenscar-sfp-stm32f4.build/gnarl-common/s-bbexti.adb:294:4\n48 bytes (static)\n0 dynamic objects" }
edge: { sourcename: "system__bb__execution_time__thread_clock" targetname: "system__bb__execution_time__read_execution_time_atomic" label: "/boron.a/gnatmail/sandbox/gpl-2015/arm-elf-linux/recompilablerts/src/bb-runtimes/obj/ravenscar-sfp-stm32f4.build/gnarl-common/s-bbexti.adb:330:17" }
edge: { sourcename: "system__bb__execution_time__thread_clock" targetname: "system__bb__execution_time__read_execution_time_atomic" label: "/boron.a/gnatmail/sandbox/gpl-2015/arm-elf-linux/recompilablerts/src/bb-runtimes/obj/ravenscar-sfp-stm32f4.build/gnarl-common/s-bbexti.adb:320:14" }
edge: { sourcename: "system__bb__execution_time__thread_clock" targetname: "system__bb__board_support__read_clock" label: "/boron.a/gnatmail/sandbox/gpl-2015/arm-elf-linux/recompilablerts/src/bb-runtimes/obj/ravenscar-sfp-stm32f4.build/gnarl-common/s-bbtime.adb:273:18" }
edge: { sourcename: "system__bb__execution_time__thread_clock" targetname: "system__bb__interrupts__current_interrupt" label: "/boron.a/gnatmail/sandbox/gpl-2015/arm-elf-linux/recompilablerts/src/bb-runtimes/obj/ravenscar-sfp-stm32f4.build/gnarl-common/s-bbexti.adb:315:38" }
edge: { sourcename: "system__bb__execution_time__thread_clock" targetname: "system__bb__execution_time__read_execution_time_atomic" label: "/boron.a/gnatmail/sandbox/gpl-2015/arm-elf-linux/recompilablerts/src/bb-runtimes/obj/ravenscar-sfp-stm32f4.build/gnarl-common/s-bbexti.adb:308:11" }
node: { title: "system__bb__execution_time__scheduling_event" label: "Scheduling_Event\n/boron.a/gnatmail/sandbox/gpl-2015/arm-elf-linux/recompilablerts/src/bb-runtimes/obj/ravenscar-sfp-stm32f4.build/gnarl-common/s-bbexti.adb:236:4\n40 bytes (static)\n0 dynamic objects" }
edge: { sourcename: "system__bb__execution_time__scheduling_event" targetname: "system__bb__interrupts__current_interrupt" label: "/boron.a/gnatmail/sandbox/gpl-2015/arm-elf-linux/recompilablerts/src/bb-runtimes/obj/ravenscar-sfp-stm32f4.build/gnarl-common/s-bbexti.adb:270:39" }
edge: { sourcename: "system__bb__execution_time__scheduling_event" targetname: "system__bb__interrupts__current_interrupt" label: "/boron.a/gnatmail/sandbox/gpl-2015/arm-elf-linux/recompilablerts/src/bb-runtimes/obj/ravenscar-sfp-stm32f4.build/gnarl-common/s-bbexti.adb:269:37" }
edge: { sourcename: "system__bb__execution_time__scheduling_event" targetname: "system__bb__interrupts__current_interrupt" label: "/boron.a/gnatmail/sandbox/gpl-2015/arm-elf-linux/recompilablerts/src/bb-runtimes/obj/ravenscar-sfp-stm32f4.build/gnarl-common/s-bbexti.adb:261:10" }
edge: { sourcename: "system__bb__execution_time__scheduling_event" targetname: "system__bb__board_support__read_clock" label: "/boron.a/gnatmail/sandbox/gpl-2015/arm-elf-linux/recompilablerts/src/bb-runtimes/obj/ravenscar-sfp-stm32f4.build/gnarl-common/s-bbtime.adb:273:18" }
node: { title: "system__bb__execution_time__read_execution_time_atomic" label: "Read_Execution_Time_Atomic\n/boron.a/gnatmail/sandbox/gpl-2015/arm-elf-linux/recompilablerts/src/bb-runtimes/obj/ravenscar-sfp-stm32f4.build/gnarl-common/s-bbexti.adb:206:4\n4 bytes (static)\n0 dynamic objects" }
node: { title: "system__bb__execution_time__interrupt_clock" label: "Interrupt_Clock\n/boron.a/gnatmail/sandbox/gpl-2015/arm-elf-linux/recompilablerts/src/bb-runtimes/obj/ravenscar-sfp-stm32f4.build/gnarl-common/s-bbexti.adb:166:4\n40 bytes (static)\n0 dynamic objects" }
edge: { sourcename: "system__bb__execution_time__interrupt_clock" targetname: "system__bb__protection__leave_kernel" label: "/boron.a/gnatmail/sandbox/gpl-2015/arm-elf-linux/recompilablerts/src/bb-runtimes/obj/ravenscar-sfp-stm32f4.build/gnarl-common/s-bbexti.adb:197:27" }
edge: { sourcename: "system__bb__execution_time__interrupt_clock" targetname: "system__bb__board_support__read_clock" label: "/boron.a/gnatmail/sandbox/gpl-2015/arm-elf-linux/recompilablerts/src/bb-runtimes/obj/ravenscar-sfp-stm32f4.build/gnarl-common/s-bbtime.adb:273:18" }
edge: { sourcename: "system__bb__execution_time__interrupt_clock" targetname: "system__bb__interrupts__current_interrupt" label: "/boron.a/gnatmail/sandbox/gpl-2015/arm-elf-linux/recompilablerts/src/bb-runtimes/obj/ravenscar-sfp-stm32f4.build/gnarl-common/s-bbexti.adb:189:30" }
node: { title: "system__bb__execution_time__global_interrupt_clock" label: "Global_Interrupt_Clock\n/boron.a/gnatmail/sandbox/gpl-2015/arm-elf-linux/recompilablerts/src/bb-runtimes/obj/ravenscar-sfp-stm32f4.build/gnarl-common/s-bbexti.adb:134:4\n40 bytes (static)\n0 dynamic objects" }
edge: { sourcename: "system__bb__execution_time__global_interrupt_clock" targetname: "system__bb__board_support__read_clock" label: "/boron.a/gnatmail/sandbox/gpl-2015/arm-elf-linux/recompilablerts/src/bb-runtimes/obj/ravenscar-sfp-stm32f4.build/gnarl-common/s-bbtime.adb:273:18" }
edge: { sourcename: "system__bb__execution_time__global_interrupt_clock" targetname: "system__bb__interrupts__current_interrupt" label: "/boron.a/gnatmail/sandbox/gpl-2015/arm-elf-linux/recompilablerts/src/bb-runtimes/obj/ravenscar-sfp-stm32f4.build/gnarl-common/s-bbexti.adb:151:30" }
node: { title: "system__bb__execution_time__elapsed_time" label: "Elapsed_Time\n/boron.a/gnatmail/sandbox/gpl-2015/arm-elf-linux/recompilablerts/src/bb-runtimes/obj/ravenscar-sfp-stm32f4.build/gnarl-common/s-bbexti.adb:116:4\n32 bytes (static)\n0 dynamic objects" }
edge: { sourcename: "system__bb__execution_time__elapsed_time" targetname: "system__bb__board_support__read_clock" label: "/boron.a/gnatmail/sandbox/gpl-2015/arm-elf-linux/recompilablerts/src/bb-runtimes/obj/ravenscar-sfp-stm32f4.build/gnarl-common/s-bbtime.adb:273:18" }
node: { title: "system__bb__execution_time__disable_execution_time" label: "Disable_Execution_Time\n/boron.a/gnatmail/sandbox/gpl-2015/arm-elf-linux/recompilablerts/src/bb-runtimes/obj/ravenscar-sfp-stm32f4.build/gnarl-common/s-bbexti.adb:106:4\n0 bytes\n0 dynamic objects" }
node: { title: "system__bb__execution_time__Tcpu_clockBIP" label: "Tcpu_Clockbip\n/boron.a/gnatmail/sandbox/gpl-2015/arm-elf-linux/recompilablerts/src/bb-runtimes/obj/ravenscar-sfp-stm32f4.build/gnarl-common/s-bbexti.adb:61:4\n0 bytes\n0 dynamic objects" }
}
