graph: { title: "/boron.a/gnatmail/sandbox/gpl-2015/arm-elf-linux/recompilablerts/src/bb-runtimes/obj/ravenscar-sfp-stm32f4.build/common/s-imgint.adb"
node: { title: "system__img_int__set_image_integer" label: "Set_Image_Integer\n/boron.a/gnatmail/sandbox/gpl-2015/arm-elf-linux/recompilablerts/src/bb-runtimes/obj/ravenscar-sfp-stm32f4.build/common/s-imgint.adb:60:4\n32 bytes (static)\n0 dynamic objects" }
edge: { sourcename: "system__img_int__set_image_integer" targetname: "/boron.a/gnatmail/sandbox/gpl-2015/arm-elf-linux/recompilablerts/src/bb-runtimes/obj/ravenscar-sfp-stm32f4.build/common/s-imgint.adb:system__img_int__set_image_integer__set_digits.4112" label: "/boron.a/gnatmail/sandbox/gpl-2015/arm-elf-linux/recompilablerts/src/bb-runtimes/obj/ravenscar-sfp-stm32f4.build/common/s-imgint.adb:94:10" }
edge: { sourcename: "system__img_int__set_image_integer" targetname: "/boron.a/gnatmail/sandbox/gpl-2015/arm-elf-linux/recompilablerts/src/bb-runtimes/obj/ravenscar-sfp-stm32f4.build/common/s-imgint.adb:system__img_int__set_image_integer__set_digits.4112" label: "/boron.a/gnatmail/sandbox/gpl-2015/arm-elf-linux/recompilablerts/src/bb-runtimes/obj/ravenscar-sfp-stm32f4.build/common/s-imgint.adb:90:10" }
node: { title: "/boron.a/gnatmail/sandbox/gpl-2015/arm-elf-linux/recompilablerts/src/bb-runtimes/obj/ravenscar-sfp-stm32f4.build/common/s-imgint.adb:system__img_int__set_image_integer__set_digits.4112" label: "Set_Digits\n/boron.a/gnatmail/sandbox/gpl-2015/arm-elf-linux/recompilablerts/src/bb-runtimes/obj/ravenscar-sfp-stm32f4.build/common/s-imgint.adb:74:7\n16 bytes (static)\n0 dynamic objects" }
edge: { sourcename: "/boron.a/gnatmail/sandbox/gpl-2015/arm-elf-linux/recompilablerts/src/bb-runtimes/obj/ravenscar-sfp-stm32f4.build/common/s-imgint.adb:system__img_int__set_image_integer__set_digits.4112" targetname: "/boron.a/gnatmail/sandbox/gpl-2015/arm-elf-linux/recompilablerts/src/bb-runtimes/obj/ravenscar-sfp-stm32f4.build/common/s-imgint.adb:system__img_int__set_image_integer__set_digits.4112" label: "/boron.a/gnatmail/sandbox/gpl-2015/arm-elf-linux/recompilablerts/src/bb-runtimes/obj/ravenscar-sfp-stm32f4.build/common/s-imgint.adb:77:13" }
node: { title: "system__img_int__image_integer" label: "Image_Integer\n/boron.a/gnatmail/sandbox/gpl-2015/arm-elf-linux/recompilablerts/src/bb-runtimes/obj/ravenscar-sfp-stm32f4.build/common/s-imgint.adb:38:4\n16 bytes (static)\n0 dynamic objects" }
edge: { sourcename: "system__img_int__image_integer" targetname: "system__img_int__set_image_integer" label: "/boron.a/gnatmail/sandbox/gpl-2015/arm-elf-linux/recompilablerts/src/bb-runtimes/obj/ravenscar-sfp-stm32f4.build/common/s-imgint.adb:53:7" }
}
