graph: { title: "/boron.a/gnatmail/sandbox/gpl-2015/arm-elf-linux/recompilablerts/src/bb-runtimes/obj/ravenscar-sfp-stm32f4.build/gnarl-common/s-mufalo.adb"
node: { title: "system__multiprocessors__fair_locks__unlock" label: "Unlock\n/boron.a/gnatmail/sandbox/gpl-2015/arm-elf-linux/recompilablerts/src/bb-runtimes/obj/ravenscar-sfp-stm32f4.build/gnarl-common/s-mufalo.adb:142:4\n0 bytes\n0 dynamic objects" }
node: { title: "system__multiprocessors__fair_locks__try_lock" label: "Try_Lock\n/boron.a/gnatmail/sandbox/gpl-2015/arm-elf-linux/recompilablerts/src/bb-runtimes/obj/ravenscar-sfp-stm32f4.build/gnarl-common/s-mufalo.adb:133:4\n0 bytes\n0 dynamic objects" }
node: { title: "system__multiprocessors__fair_locks__next_spinning" label: "Next_Spinning\n/boron.a/gnatmail/sandbox/gpl-2015/arm-elf-linux/recompilablerts/src/bb-runtimes/obj/ravenscar-sfp-stm32f4.build/gnarl-common/s-mufalo.adb:105:4\n0 bytes\n0 dynamic objects" }
node: { title: "system__multiprocessors__fair_locks__locked" label: "Locked\n/boron.a/gnatmail/sandbox/gpl-2015/arm-elf-linux/recompilablerts/src/bb-runtimes/obj/ravenscar-sfp-stm32f4.build/gnarl-common/s-mufalo.adb:96:4\n0 bytes\n0 dynamic objects" }
node: { title: "system__multiprocessors__fair_locks__lock" label: "Lock\n/boron.a/gnatmail/sandbox/gpl-2015/arm-elf-linux/recompilablerts/src/bb-runtimes/obj/ravenscar-sfp-stm32f4.build/gnarl-common/s-mufalo.adb:57:4\n4 bytes (static)\n0 dynamic objects" }
node: { title: "system__multiprocessors__fair_locks__initialize" label: "Initialize\n/boron.a/gnatmail/sandbox/gpl-2015/arm-elf-linux/recompilablerts/src/bb-runtimes/obj/ravenscar-sfp-stm32f4.build/gnarl-common/s-mufalo.adb:47:4\n0 bytes\n0 dynamic objects" }
node: { title: "system__multiprocessors__fair_locks__fair_lockIP" label: "Fair_Lockip\n/boron.a/gnatmail/sandbox/gpl-2015/arm-elf-linux/recompilablerts/src/bb-runtimes/obj/ravenscar-sfp-stm32f4.build/gnarl-common/s-mufalo.ads:45:9\n0 bytes\n0 dynamic objects" }
node: { title: "system__multiprocessors__fair_locks__Tspinning_arrayBIP" label: "Tspinning_Arraybip\n/boron.a/gnatmail/sandbox/gpl-2015/arm-elf-linux/recompilablerts/src/bb-runtimes/obj/ravenscar-sfp-stm32f4.build/gnarl-common/s-mufalo.ads:42:4\n0 bytes\n0 dynamic objects" }
}
