graph: { title: "/boron.a/gnatmail/sandbox/gpl-2015/arm-elf-linux/recompilablerts/src/bb-runtimes/obj/ravenscar-sfp-stm32f4.build/gnarl-common/s-taprop.adb"
node: { title: "system__bb__interrupts__current_interrupt" label: "Current_Interrupt\n/boron.a/gnatmail/sandbox/gpl-2015/arm-elf-linux/recompilablerts/src/bb-runtimes/obj/ravenscar-sfp-stm32f4.build/gnarl-common/s-bbinte.ads:76:13" shape : ellipse }
node: { title: "system__bb__threads__initialize_slave_environment" label: "Initialize_Slave_Environment\n/boron.a/gnatmail/sandbox/gpl-2015/arm-elf-linux/recompilablerts/src/bb-runtimes/obj/ravenscar-sfp-stm32f4.build/gnarl-common/s-bbthre.ads:198:14" shape : ellipse }
node: { title: "system__bb__threads__initialize" label: "Initialize\n/boron.a/gnatmail/sandbox/gpl-2015/arm-elf-linux/recompilablerts/src/bb-runtimes/obj/ravenscar-sfp-stm32f4.build/gnarl-common/s-bbthre.ads:162:14" shape : ellipse }
node: { title: "system__bb__threads__thread_create" label: "Thread_Create\n/boron.a/gnatmail/sandbox/gpl-2015/arm-elf-linux/recompilablerts/src/bb-runtimes/obj/ravenscar-sfp-stm32f4.build/gnarl-common/s-bbthre.ads:226:14" shape : ellipse }
node: { title: "system__bb__protection__leave_kernel" label: "Leave_Kernel\n/boron.a/gnatmail/sandbox/gpl-2015/arm-elf-linux/recompilablerts/src/bb-runtimes/obj/ravenscar-sfp-stm32f4.build/gnarl-common/s-bbprot.ads:54:14" shape : ellipse }
node: { title: "system__bb__threads__wakeup" label: "Wakeup\n/boron.a/gnatmail/sandbox/gpl-2015/arm-elf-linux/recompilablerts/src/bb-runtimes/obj/ravenscar-sfp-stm32f4.build/gnarl-common/s-bbthre.ads:275:14" shape : ellipse }
node: { title: "system__bb__board_support__read_clock" label: "Read_Clock\n/boron.a/gnatmail/sandbox/gpl-2015/arm-elf-linux/recompilablerts/src/bb-runtimes/obj/ravenscar-sfp-stm32f4.build/gnarl-common/s-bbbosu.ads:84:13" shape : ellipse }
node: { title: "system__bb__time__delay_until" label: "Delay_Until\n/boron.a/gnatmail/sandbox/gpl-2015/arm-elf-linux/recompilablerts/src/bb-runtimes/obj/ravenscar-sfp-stm32f4.build/gnarl-common/s-bbtime.ads:141:14" shape : ellipse }
node: { title: "system__bb__threads__sleep" label: "Sleep\n/boron.a/gnatmail/sandbox/gpl-2015/arm-elf-linux/recompilablerts/src/bb-runtimes/obj/ravenscar-sfp-stm32f4.build/gnarl-common/s-bbthre.ads:268:14" shape : ellipse }
node: { title: "system__task_primitives__operations__is_task_context" label: "Is_Task_Context\n/boron.a/gnatmail/sandbox/gpl-2015/arm-elf-linux/recompilablerts/src/bb-runtimes/obj/ravenscar-sfp-stm32f4.build/gnarl-common/s-taprop.adb:300:4\n8 bytes (static)\n0 dynamic objects" }
edge: { sourcename: "system__task_primitives__operations__is_task_context" targetname: "system__bb__interrupts__current_interrupt" label: "/boron.a/gnatmail/sandbox/gpl-2015/arm-elf-linux/recompilablerts/src/bb-runtimes/obj/ravenscar-sfp-stm32f4.build/gnarl-common/s-taprop.adb:302:33" }
node: { title: "system__task_primitives__operations__initialize_slave" label: "Initialize_Slave\n/boron.a/gnatmail/sandbox/gpl-2015/arm-elf-linux/recompilablerts/src/bb-runtimes/obj/ravenscar-sfp-stm32f4.build/gnarl-common/s-taprop.adb:277:4\n16 bytes (static)\n0 dynamic objects" }
edge: { sourcename: "system__task_primitives__operations__initialize_slave" targetname: "system__bb__protection__leave_kernel" label: "/boron.a/gnatmail/sandbox/gpl-2015/arm-elf-linux/recompilablerts/src/bb-runtimes/obj/ravenscar-sfp-stm32f4.build/gnarl-common/s-bbthre.adb:385:17" }
edge: { sourcename: "system__task_primitives__operations__initialize_slave" targetname: "system__bb__threads__initialize_slave_environment" label: "/boron.a/gnatmail/sandbox/gpl-2015/arm-elf-linux/recompilablerts/src/bb-runtimes/obj/ravenscar-sfp-stm32f4.build/gnarl-common/s-taprop.adb:288:26" }
node: { title: "system__task_primitives__operations__initialize" label: "Initialize\n/boron.a/gnatmail/sandbox/gpl-2015/arm-elf-linux/recompilablerts/src/bb-runtimes/obj/ravenscar-sfp-stm32f4.build/gnarl-common/s-taprop.adb:249:4\n16 bytes (static)\n0 dynamic objects" }
edge: { sourcename: "system__task_primitives__operations__initialize" targetname: "system__bb__protection__leave_kernel" label: "/boron.a/gnatmail/sandbox/gpl-2015/arm-elf-linux/recompilablerts/src/bb-runtimes/obj/ravenscar-sfp-stm32f4.build/gnarl-common/s-bbthre.adb:385:17" }
edge: { sourcename: "system__task_primitives__operations__initialize" targetname: "system__bb__threads__initialize" label: "/boron.a/gnatmail/sandbox/gpl-2015/arm-elf-linux/recompilablerts/src/bb-runtimes/obj/ravenscar-sfp-stm32f4.build/gnarl-common/s-taprop.adb:260:26" }
node: { title: "system__task_primitives__operations__create_task" label: "Create_Task\n/boron.a/gnatmail/sandbox/gpl-2015/arm-elf-linux/recompilablerts/src/bb-runtimes/obj/ravenscar-sfp-stm32f4.build/gnarl-common/s-taprop.adb:213:4\n32 bytes (static)\n0 dynamic objects" }
edge: { sourcename: "system__task_primitives__operations__create_task" targetname: "system__bb__threads__thread_create" label: "/boron.a/gnatmail/sandbox/gpl-2015/arm-elf-linux/recompilablerts/src/bb-runtimes/obj/ravenscar-sfp-stm32f4.build/gnarl-common/s-taprop.adb:233:26" }
node: { title: "system__task_primitives__operations__initialize_tcb" label: "Initialize_Tcb\n/boron.a/gnatmail/sandbox/gpl-2015/arm-elf-linux/recompilablerts/src/bb-runtimes/obj/ravenscar-sfp-stm32f4.build/gnarl-common/s-taprop.adb:201:4\n0 bytes\n0 dynamic objects" }
node: { title: "system__task_primitives__operations__enter_task" label: "Enter_Task\n/boron.a/gnatmail/sandbox/gpl-2015/arm-elf-linux/recompilablerts/src/bb-runtimes/obj/ravenscar-sfp-stm32f4.build/gnarl-common/s-taprop.adb:176:4\n8 bytes (static)\n0 dynamic objects" }
edge: { sourcename: "system__task_primitives__operations__enter_task" targetname: "system__bb__protection__leave_kernel" label: "/boron.a/gnatmail/sandbox/gpl-2015/arm-elf-linux/recompilablerts/src/bb-runtimes/obj/ravenscar-sfp-stm32f4.build/gnarl-common/s-bbthre.adb:385:17" }
node: { title: "system__task_primitives__operations__get_thread_id" label: "Get_Thread_Id\n/boron.a/gnatmail/sandbox/gpl-2015/arm-elf-linux/recompilablerts/src/bb-runtimes/obj/ravenscar-sfp-stm32f4.build/gnarl-common/s-taprop.adb:167:4\n0 bytes\n0 dynamic objects" }
node: { title: "system__task_primitives__operations__get_cpu" label: "Get_Cpu\n/boron.a/gnatmail/sandbox/gpl-2015/arm-elf-linux/recompilablerts/src/bb-runtimes/obj/ravenscar-sfp-stm32f4.build/gnarl-common/s-taprop.adb:157:4\n0 bytes\n0 dynamic objects" }
node: { title: "system__task_primitives__operations__get_affinity" label: "Get_Affinity\n/boron.a/gnatmail/sandbox/gpl-2015/arm-elf-linux/recompilablerts/src/bb-runtimes/obj/ravenscar-sfp-stm32f4.build/gnarl-common/s-taprop.adb:146:4\n0 bytes\n0 dynamic objects" }
node: { title: "system__task_primitives__operations__get_priority" label: "Get_Priority\n/boron.a/gnatmail/sandbox/gpl-2015/arm-elf-linux/recompilablerts/src/bb-runtimes/obj/ravenscar-sfp-stm32f4.build/gnarl-common/s-taprop.adb:135:4\n0 bytes\n0 dynamic objects" }
node: { title: "system__task_primitives__operations__set_priority" label: "Set_Priority\n/boron.a/gnatmail/sandbox/gpl-2015/arm-elf-linux/recompilablerts/src/bb-runtimes/obj/ravenscar-sfp-stm32f4.build/gnarl-common/s-taprop.adb:120:4\n4 bytes (static)\n0 dynamic objects" }
edge: { sourcename: "system__task_primitives__operations__set_priority" targetname: "system__bb__protection__leave_kernel" label: "/boron.a/gnatmail/sandbox/gpl-2015/arm-elf-linux/recompilablerts/src/bb-runtimes/obj/ravenscar-sfp-stm32f4.build/gnarl-common/s-bbthre.adb:385:17" }
node: { title: "system__task_primitives__operations__wakeup" label: "Wakeup\n/boron.a/gnatmail/sandbox/gpl-2015/arm-elf-linux/recompilablerts/src/bb-runtimes/obj/ravenscar-sfp-stm32f4.build/gnarl-common/s-taprop.adb:110:4\n0 bytes\n0 dynamic objects" }
edge: { sourcename: "system__task_primitives__operations__wakeup" targetname: "system__bb__threads__wakeup" label: "/boron.a/gnatmail/sandbox/gpl-2015/arm-elf-linux/recompilablerts/src/bb-runtimes/obj/ravenscar-sfp-stm32f4.build/gnarl-common/s-taprop.adb:113:26" }
node: { title: "system__task_primitives__operations__monotonic_clock" label: "Monotonic_Clock\n/boron.a/gnatmail/sandbox/gpl-2015/arm-elf-linux/recompilablerts/src/bb-runtimes/obj/ravenscar-sfp-stm32f4.build/gnarl-common/s-taprop.adb:101:4\n32 bytes (static)\n0 dynamic objects" }
edge: { sourcename: "system__task_primitives__operations__monotonic_clock" targetname: "system__bb__board_support__read_clock" label: "/boron.a/gnatmail/sandbox/gpl-2015/arm-elf-linux/recompilablerts/src/bb-runtimes/obj/ravenscar-sfp-stm32f4.build/gnarl-common/s-bbtime.adb:273:18" }
node: { title: "system__task_primitives__operations__delay_until" label: "Delay_Until\n/boron.a/gnatmail/sandbox/gpl-2015/arm-elf-linux/recompilablerts/src/bb-runtimes/obj/ravenscar-sfp-stm32f4.build/gnarl-common/s-taprop.adb:89:4\n8 bytes (static)\n0 dynamic objects" }
edge: { sourcename: "system__task_primitives__operations__delay_until" targetname: "system__bb__time__delay_until" label: "/boron.a/gnatmail/sandbox/gpl-2015/arm-elf-linux/recompilablerts/src/bb-runtimes/obj/ravenscar-sfp-stm32f4.build/gnarl-common/s-taprop.adb:93:26" }
node: { title: "system__task_primitives__operations__sleep" label: "Sleep\n/boron.a/gnatmail/sandbox/gpl-2015/arm-elf-linux/recompilablerts/src/bb-runtimes/obj/ravenscar-sfp-stm32f4.build/gnarl-common/s-taprop.adb:72:4\n0 bytes\n0 dynamic objects" }
edge: { sourcename: "system__task_primitives__operations__sleep" targetname: "system__bb__threads__sleep" label: "/boron.a/gnatmail/sandbox/gpl-2015/arm-elf-linux/recompilablerts/src/bb-runtimes/obj/ravenscar-sfp-stm32f4.build/gnarl-common/s-taprop.adb:82:26" }
node: { title: "system__task_primitives__operations__self" label: "Self\n/boron.a/gnatmail/sandbox/gpl-2015/arm-elf-linux/recompilablerts/src/bb-runtimes/obj/ravenscar-sfp-stm32f4.build/gnarl-common/s-taprop.adb:63:4\n0 bytes\n0 dynamic objects" }
}
