graph: { title: "/boron.a/gnatmail/sandbox/gpl-2015/arm-elf-linux/recompilablerts/src/bb-runtimes/obj/ravenscar-sfp-stm32f4.build/gnarl-common/s-taskin.adb"
node: { title: "system__bb__threads__sleep" label: "Sleep\n/boron.a/gnatmail/sandbox/gpl-2015/arm-elf-linux/recompilablerts/src/bb-runtimes/obj/ravenscar-sfp-stm32f4.build/gnarl-common/s-bbthre.ads:268:14" shape : ellipse }
node: { title: "system__bb__threads__initialize_slave_environment" label: "Initialize_Slave_Environment\n/boron.a/gnatmail/sandbox/gpl-2015/arm-elf-linux/recompilablerts/src/bb-runtimes/obj/ravenscar-sfp-stm32f4.build/gnarl-common/s-bbthre.ads:198:14" shape : ellipse }
node: { title: "__gnat_last_chance_handler" label: "Last_Chance_Handler\n/boron.a/gnatmail/sandbox/gpl-2015/arm-elf-linux/recompilablerts/src/bb-runtimes/obj/ravenscar-sfp-stm32f4.build/common/a-except.adb:41:17" shape : ellipse }
node: { title: "system__bb__protection__leave_kernel" label: "Leave_Kernel\n/boron.a/gnatmail/sandbox/gpl-2015/arm-elf-linux/recompilablerts/src/bb-runtimes/obj/ravenscar-sfp-stm32f4.build/gnarl-common/s-bbprot.ads:54:14" shape : ellipse }
node: { title: "system__bb__threads__initialize" label: "Initialize\n/boron.a/gnatmail/sandbox/gpl-2015/arm-elf-linux/recompilablerts/src/bb-runtimes/obj/ravenscar-sfp-stm32f4.build/gnarl-common/s-bbthre.ads:162:14" shape : ellipse }
node: { title: "system__secondary_stack__ss_init" label: "Ss_Init\n/boron.a/gnatmail/sandbox/gpl-2015/arm-elf-linux/recompilablerts/src/bb-runtimes/obj/ravenscar-sfp-stm32f4.build/common/s-secsta.ads:43:14" shape : ellipse }
node: { title: "system__parameters__adjust_storage_size" label: "Adjust_Storage_Size\n/boron.a/gnatmail/sandbox/gpl-2015/arm-elf-linux/recompilablerts/src/bb-runtimes/obj/ravenscar-sfp-stm32f4.build/common/s-parame.ads:86:13" shape : ellipse }
node: { title: "system__tasking__storage_size" label: "Storage_Size\n/boron.a/gnatmail/sandbox/gpl-2015/arm-elf-linux/recompilablerts/src/bb-runtimes/obj/ravenscar-sfp-stm32f4.build/gnarl-common/s-taskin.adb:286:4\n0 bytes\n0 dynamic objects" }
node: { title: "system__tasking__set_sec_stack" label: "Set_Sec_Stack\n/boron.a/gnatmail/sandbox/gpl-2015/arm-elf-linux/recompilablerts/src/bb-runtimes/obj/ravenscar-sfp-stm32f4.build/gnarl-common/s-taskin.adb:277:4\n0 bytes\n0 dynamic objects" }
node: { title: "system__tasking__self" label: "Self\n/boron.a/gnatmail/sandbox/gpl-2015/arm-elf-linux/recompilablerts/src/bb-runtimes/obj/ravenscar-sfp-stm32f4.build/gnarl-common/s-taskin.adb:271:13\n0 bytes\n0 dynamic objects" }
node: { title: "__gnat_initialize_slave" label: "Initialize_Slave\n/boron.a/gnatmail/sandbox/gpl-2015/arm-elf-linux/recompilablerts/src/bb-runtimes/obj/ravenscar-sfp-stm32f4.build/gnarl-common/s-taskin.adb:233:4\n40 bytes (static)\n0 dynamic objects" }
edge: { sourcename: "__gnat_initialize_slave" targetname: "system__bb__threads__sleep" label: "/boron.a/gnatmail/sandbox/gpl-2015/arm-elf-linux/recompilablerts/src/bb-runtimes/obj/ravenscar-sfp-stm32f4.build/gnarl-common/s-taprop.adb:82:26" }
edge: { sourcename: "__gnat_initialize_slave" targetname: "system__bb__protection__leave_kernel" label: "/boron.a/gnatmail/sandbox/gpl-2015/arm-elf-linux/recompilablerts/src/bb-runtimes/obj/ravenscar-sfp-stm32f4.build/gnarl-common/s-bbthre.adb:385:17" }
edge: { sourcename: "__gnat_initialize_slave" targetname: "system__bb__protection__leave_kernel" label: "/boron.a/gnatmail/sandbox/gpl-2015/arm-elf-linux/recompilablerts/src/bb-runtimes/obj/ravenscar-sfp-stm32f4.build/gnarl-common/s-bbthre.adb:385:17" }
edge: { sourcename: "__gnat_initialize_slave" targetname: "system__bb__threads__initialize_slave_environment" label: "/boron.a/gnatmail/sandbox/gpl-2015/arm-elf-linux/recompilablerts/src/bb-runtimes/obj/ravenscar-sfp-stm32f4.build/gnarl-common/s-taprop.adb:288:26" }
edge: { sourcename: "__gnat_initialize_slave" targetname: "system__tasking__initialize_atcb" label: "/boron.a/gnatmail/sandbox/gpl-2015/arm-elf-linux/recompilablerts/src/bb-runtimes/obj/ravenscar-sfp-stm32f4.build/gnarl-common/s-taskin.adb:242:7" }
node: { title: "system__tasking__initialize" label: "Initialize\n/boron.a/gnatmail/sandbox/gpl-2015/arm-elf-linux/recompilablerts/src/bb-runtimes/obj/ravenscar-sfp-stm32f4.build/gnarl-common/s-taskin.adb:141:4\n40 bytes (static)\n0 dynamic objects" }
edge: { sourcename: "system__tasking__initialize" targetname: "__gnat_last_chance_handler" label: "/boron.a/gnatmail/sandbox/gpl-2015/arm-elf-linux/recompilablerts/src/bb-runtimes/obj/ravenscar-sfp-stm32f4.build/gnarl-common/s-taskin.adb:225:10" }
edge: { sourcename: "system__tasking__initialize" targetname: "system__secondary_stack__ss_init" label: "/boron.a/gnatmail/sandbox/gpl-2015/arm-elf-linux/recompilablerts/src/bb-runtimes/obj/ravenscar-sfp-stm32f4.build/gnarl-common/s-taskin.adb:216:7" }
edge: { sourcename: "system__tasking__initialize" targetname: "system__bb__protection__leave_kernel" label: "/boron.a/gnatmail/sandbox/gpl-2015/arm-elf-linux/recompilablerts/src/bb-runtimes/obj/ravenscar-sfp-stm32f4.build/gnarl-common/s-bbthre.adb:385:17" }
edge: { sourcename: "system__tasking__initialize" targetname: "system__bb__threads__initialize" label: "/boron.a/gnatmail/sandbox/gpl-2015/arm-elf-linux/recompilablerts/src/bb-runtimes/obj/ravenscar-sfp-stm32f4.build/gnarl-common/s-taprop.adb:260:26" }
edge: { sourcename: "system__tasking__initialize" targetname: "system__tasking__initialize_atcb" label: "/boron.a/gnatmail/sandbox/gpl-2015/arm-elf-linux/recompilablerts/src/bb-runtimes/obj/ravenscar-sfp-stm32f4.build/gnarl-common/s-taskin.adb:197:7" }
node: { title: "system__tasking__initialize_atcb" label: "Initialize_Atcb\n/boron.a/gnatmail/sandbox/gpl-2015/arm-elf-linux/recompilablerts/src/bb-runtimes/obj/ravenscar-sfp-stm32f4.build/gnarl-common/s-taskin.adb:91:4\n24 bytes (static)\n0 dynamic objects" }
edge: { sourcename: "system__tasking__initialize_atcb" targetname: "system__parameters__adjust_storage_size" label: "/boron.a/gnatmail/sandbox/gpl-2015/arm-elf-linux/recompilablerts/src/bb-runtimes/obj/ravenscar-sfp-stm32f4.build/gnarl-common/s-taskin.adb:125:22" }
node: { title: "__gnat_get_secondary_stack" label: "Get_Sec_Stack\n/boron.a/gnatmail/sandbox/gpl-2015/arm-elf-linux/recompilablerts/src/bb-runtimes/obj/ravenscar-sfp-stm32f4.build/gnarl-common/s-taskin.adb:82:4\n0 bytes\n0 dynamic objects" }
node: { title: "system__tasking__Tenvironment_taskBIP" label: "Tenvironment_Taskbip\n/boron.a/gnatmail/sandbox/gpl-2015/arm-elf-linux/recompilablerts/src/bb-runtimes/obj/ravenscar-sfp-stm32f4.build/gnarl-common/s-taskin.adb:70:4\n0 bytes\n0 dynamic objects" }
node: { title: "system__tasking__activation_chainIP" label: "Activation_Chainip\n/boron.a/gnatmail/sandbox/gpl-2015/arm-elf-linux/recompilablerts/src/bb-runtimes/obj/ravenscar-sfp-stm32f4.build/gnarl-common/s-taskin.ads:410:9\n0 bytes\n0 dynamic objects" }
node: { title: "system__tasking__E5sIP" label: "E5sip\n/boron.a/gnatmail/sandbox/gpl-2015/arm-elf-linux/recompilablerts/src/bb-runtimes/obj/ravenscar-sfp-stm32f4.build/gnarl-common/s-taskin.ads:200:4\n0 bytes\n0 dynamic objects" }
}
