graph: { title: "/boron.a/gnatmail/sandbox/gpl-2015/arm-elf-linux/recompilablerts/src/bb-runtimes/obj/ravenscar-sfp-stm32f4.build/gnarl-common/s-tposen.adb"
node: { title: "system__tasking__protected_objects__unlock" label: "Unlock\n/boron.a/gnatmail/sandbox/gpl-2015/arm-elf-linux/recompilablerts/src/bb-runtimes/obj/ravenscar-sfp-stm32f4.build/gnarl-common/s-taprob.ads:199:14" shape : ellipse }
node: { title: "system__bb__threads__wakeup" label: "Wakeup\n/boron.a/gnatmail/sandbox/gpl-2015/arm-elf-linux/recompilablerts/src/bb-runtimes/obj/ravenscar-sfp-stm32f4.build/gnarl-common/s-bbthre.ads:275:14" shape : ellipse }
node: { title: "system__bb__threads__sleep" label: "Sleep\n/boron.a/gnatmail/sandbox/gpl-2015/arm-elf-linux/recompilablerts/src/bb-runtimes/obj/ravenscar-sfp-stm32f4.build/gnarl-common/s-bbthre.ads:268:14" shape : ellipse }
node: { title: "__gnat_last_chance_handler" label: "gnat_last_chance_handler\n<built-in>" shape : ellipse }
node: { title: "system__tasking__protected_objects__lock" label: "Lock\n/boron.a/gnatmail/sandbox/gpl-2015/arm-elf-linux/recompilablerts/src/bb-runtimes/obj/ravenscar-sfp-stm32f4.build/gnarl-common/s-taprob.ads:185:14" shape : ellipse }
node: { title: "system__tasking__protected_objects__initialize_protection" label: "Initialize_Protection\n/boron.a/gnatmail/sandbox/gpl-2015/arm-elf-linux/recompilablerts/src/bb-runtimes/obj/ravenscar-sfp-stm32f4.build/gnarl-common/s-taprob.ads:179:14" shape : ellipse }
node: { title: "system__tasking__protected_objects__single_entry__unlock_entry" label: "Unlock_Entry\n/boron.a/gnatmail/sandbox/gpl-2015/arm-elf-linux/recompilablerts/src/bb-runtimes/obj/ravenscar-sfp-stm32f4.build/gnarl-common/s-tposen.adb:256:4\n0 bytes\n0 dynamic objects" }
edge: { sourcename: "system__tasking__protected_objects__single_entry__unlock_entry" targetname: "system__tasking__protected_objects__unlock" label: "/boron.a/gnatmail/sandbox/gpl-2015/arm-elf-linux/recompilablerts/src/bb-runtimes/obj/ravenscar-sfp-stm32f4.build/gnarl-common/s-tposen.adb:258:7" }
node: { title: "system__tasking__protected_objects__single_entry__service_entry" label: "Service_Entry\n/boron.a/gnatmail/sandbox/gpl-2015/arm-elf-linux/recompilablerts/src/bb-runtimes/obj/ravenscar-sfp-stm32f4.build/gnarl-common/s-tposen.adb:202:4\n16 bytes (static)\n0 dynamic objects" }
edge: { sourcename: "system__tasking__protected_objects__single_entry__service_entry" targetname: "system__tasking__protected_objects__unlock" label: "/boron.a/gnatmail/sandbox/gpl-2015/arm-elf-linux/recompilablerts/src/bb-runtimes/obj/ravenscar-sfp-stm32f4.build/gnarl-common/s-tposen.adb:258:7" }
edge: { sourcename: "system__tasking__protected_objects__single_entry__service_entry" targetname: "system__bb__threads__wakeup" label: "/boron.a/gnatmail/sandbox/gpl-2015/arm-elf-linux/recompilablerts/src/bb-runtimes/obj/ravenscar-sfp-stm32f4.build/gnarl-common/s-taprop.adb:113:26" }
edge: { sourcename: "system__tasking__protected_objects__single_entry__service_entry" targetname: "system__tasking__protected_objects__unlock" label: "/boron.a/gnatmail/sandbox/gpl-2015/arm-elf-linux/recompilablerts/src/bb-runtimes/obj/ravenscar-sfp-stm32f4.build/gnarl-common/s-tposen.adb:258:7" }
edge: { sourcename: "system__tasking__protected_objects__single_entry__service_entry" targetname: "__indirect_call" label: "/boron.a/gnatmail/sandbox/gpl-2015/arm-elf-linux/recompilablerts/src/bb-runtimes/obj/ravenscar-sfp-stm32f4.build/gnarl-common/s-tposen.adb:224:27" }
node: { title: "__indirect_call" label: "Indirect Call Placeholder" shape : ellipse }
edge: { sourcename: "system__tasking__protected_objects__single_entry__service_entry" targetname: "__indirect_call" label: "/boron.a/gnatmail/sandbox/gpl-2015/arm-elf-linux/recompilablerts/src/bb-runtimes/obj/ravenscar-sfp-stm32f4.build/gnarl-common/s-tposen.adb:208:35" }
node: { title: "system__tasking__protected_objects__single_entry__protected_single_entry_caller" label: "Protected_Single_Entry_Caller\n/boron.a/gnatmail/sandbox/gpl-2015/arm-elf-linux/recompilablerts/src/bb-runtimes/obj/ravenscar-sfp-stm32f4.build/gnarl-common/s-tposen.adb:191:4\n0 bytes\n0 dynamic objects" }
node: { title: "system__tasking__protected_objects__single_entry__protected_single_entry_call" label: "Protected_Single_Entry_Call\n/boron.a/gnatmail/sandbox/gpl-2015/arm-elf-linux/recompilablerts/src/bb-runtimes/obj/ravenscar-sfp-stm32f4.build/gnarl-common/s-tposen.adb:120:4\n16 bytes (static)\n0 dynamic objects" }
edge: { sourcename: "system__tasking__protected_objects__single_entry__protected_single_entry_call" targetname: "system__bb__threads__sleep" label: "/boron.a/gnatmail/sandbox/gpl-2015/arm-elf-linux/recompilablerts/src/bb-runtimes/obj/ravenscar-sfp-stm32f4.build/gnarl-common/s-taprop.adb:82:26" }
edge: { sourcename: "system__tasking__protected_objects__single_entry__protected_single_entry_call" targetname: "system__tasking__protected_objects__unlock" label: "/boron.a/gnatmail/sandbox/gpl-2015/arm-elf-linux/recompilablerts/src/bb-runtimes/obj/ravenscar-sfp-stm32f4.build/gnarl-common/s-tposen.adb:258:7" }
edge: { sourcename: "system__tasking__protected_objects__single_entry__protected_single_entry_call" targetname: "__gnat_last_chance_handler" label: "/boron.a/gnatmail/sandbox/gpl-2015/arm-elf-linux/recompilablerts/src/bb-runtimes/obj/ravenscar-sfp-stm32f4.build/gnarl-common/s-tposen.adb:167:13" }
edge: { sourcename: "system__tasking__protected_objects__single_entry__protected_single_entry_call" targetname: "system__tasking__protected_objects__unlock" label: "/boron.a/gnatmail/sandbox/gpl-2015/arm-elf-linux/recompilablerts/src/bb-runtimes/obj/ravenscar-sfp-stm32f4.build/gnarl-common/s-tposen.adb:258:7" }
edge: { sourcename: "system__tasking__protected_objects__single_entry__protected_single_entry_call" targetname: "system__tasking__protected_objects__unlock" label: "/boron.a/gnatmail/sandbox/gpl-2015/arm-elf-linux/recompilablerts/src/bb-runtimes/obj/ravenscar-sfp-stm32f4.build/gnarl-common/s-tposen.adb:258:7" }
edge: { sourcename: "system__tasking__protected_objects__single_entry__protected_single_entry_call" targetname: "__indirect_call" label: "/boron.a/gnatmail/sandbox/gpl-2015/arm-elf-linux/recompilablerts/src/bb-runtimes/obj/ravenscar-sfp-stm32f4.build/gnarl-common/s-tposen.adb:152:27" }
edge: { sourcename: "system__tasking__protected_objects__single_entry__protected_single_entry_call" targetname: "__indirect_call" label: "/boron.a/gnatmail/sandbox/gpl-2015/arm-elf-linux/recompilablerts/src/bb-runtimes/obj/ravenscar-sfp-stm32f4.build/gnarl-common/s-tposen.adb:138:27" }
edge: { sourcename: "system__tasking__protected_objects__single_entry__protected_single_entry_call" targetname: "system__tasking__protected_objects__lock" label: "/boron.a/gnatmail/sandbox/gpl-2015/arm-elf-linux/recompilablerts/src/bb-runtimes/obj/ravenscar-sfp-stm32f4.build/gnarl-common/s-tposen.adb:104:7" }
edge: { sourcename: "system__tasking__protected_objects__single_entry__protected_single_entry_call" targetname: "__gnat_last_chance_handler" label: "/boron.a/gnatmail/sandbox/gpl-2015/arm-elf-linux/recompilablerts/src/bb-runtimes/obj/ravenscar-sfp-stm32f4.build/gnarl-common/s-tposen.adb:132:10" }
node: { title: "system__tasking__protected_objects__single_entry__protected_count_entry" label: "Protected_Count_Entry\n/boron.a/gnatmail/sandbox/gpl-2015/arm-elf-linux/recompilablerts/src/bb-runtimes/obj/ravenscar-sfp-stm32f4.build/gnarl-common/s-tposen.adb:111:4\n0 bytes\n0 dynamic objects" }
node: { title: "system__tasking__protected_objects__single_entry__lock_entry" label: "Lock_Entry\n/boron.a/gnatmail/sandbox/gpl-2015/arm-elf-linux/recompilablerts/src/bb-runtimes/obj/ravenscar-sfp-stm32f4.build/gnarl-common/s-tposen.adb:102:4\n0 bytes\n0 dynamic objects" }
edge: { sourcename: "system__tasking__protected_objects__single_entry__lock_entry" targetname: "system__tasking__protected_objects__lock" label: "/boron.a/gnatmail/sandbox/gpl-2015/arm-elf-linux/recompilablerts/src/bb-runtimes/obj/ravenscar-sfp-stm32f4.build/gnarl-common/s-tposen.adb:104:7" }
node: { title: "system__tasking__protected_objects__single_entry__initialize_protection_entry" label: "Initialize_Protection_Entry\n/boron.a/gnatmail/sandbox/gpl-2015/arm-elf-linux/recompilablerts/src/bb-runtimes/obj/ravenscar-sfp-stm32f4.build/gnarl-common/s-tposen.adb:83:4\n16 bytes (static)\n0 dynamic objects" }
edge: { sourcename: "system__tasking__protected_objects__single_entry__initialize_protection_entry" targetname: "system__tasking__protected_objects__initialize_protection" label: "/boron.a/gnatmail/sandbox/gpl-2015/arm-elf-linux/recompilablerts/src/bb-runtimes/obj/ravenscar-sfp-stm32f4.build/gnarl-common/s-tposen.adb:90:7" }
}
