graph: { title: "/boron.a/gnatmail/sandbox/gpl-2015/arm-elf-linux/recompilablerts/src/bb-runtimes/obj/ravenscar-sfp-stm32f4.build/gnarl-common/s-tpobmu.adb"
node: { title: "system__bb__threads__wakeup" label: "Wakeup\n/boron.a/gnatmail/sandbox/gpl-2015/arm-elf-linux/recompilablerts/src/bb-runtimes/obj/ravenscar-sfp-stm32f4.build/gnarl-common/s-bbthre.ads:275:14" shape : ellipse }
node: { title: "system__bb__cpu_primitives__multiprocessors__poke_cpu" label: "Poke_Cpu\n/boron.a/gnatmail/sandbox/gpl-2015/arm-elf-linux/recompilablerts/src/bb-runtimes/obj/ravenscar-sfp-stm32f4.build/gnarl-common/s-bcprmu.ads:40:14" shape : ellipse }
node: { title: "system__task_primitives__operations__get_cpu" label: "Get_Cpu\n/boron.a/gnatmail/sandbox/gpl-2015/arm-elf-linux/recompilablerts/src/bb-runtimes/obj/ravenscar-sfp-stm32f4.build/gnarl-common/s-taprop.ads:93:13" shape : ellipse }
node: { title: "system__tasking__protected_objects__multiprocessors___elabb" label: "Multiprocessors\n/boron.a/gnatmail/sandbox/gpl-2015/arm-elf-linux/recompilablerts/src/bb-runtimes/obj/ravenscar-sfp-stm32f4.build/gnarl-common/s-tpobmu.adb:44:1\n0 bytes\n0 dynamic objects" }
node: { title: "system__tasking__protected_objects__multiprocessors__wakeup_served_entry" label: "Wakeup_Served_Entry\n/boron.a/gnatmail/sandbox/gpl-2015/arm-elf-linux/recompilablerts/src/bb-runtimes/obj/ravenscar-sfp-stm32f4.build/gnarl-common/s-tpobmu.adb:130:4\n16 bytes (static)\n0 dynamic objects" }
edge: { sourcename: "system__tasking__protected_objects__multiprocessors__wakeup_served_entry" targetname: "system__bb__threads__wakeup" label: "/boron.a/gnatmail/sandbox/gpl-2015/arm-elf-linux/recompilablerts/src/bb-runtimes/obj/ravenscar-sfp-stm32f4.build/gnarl-common/s-taprop.adb:113:26" }
edge: { sourcename: "system__tasking__protected_objects__multiprocessors__wakeup_served_entry" targetname: "system__task_primitives__operations__get_cpu" label: "/boron.a/gnatmail/sandbox/gpl-2015/arm-elf-linux/recompilablerts/src/bb-runtimes/obj/ravenscar-sfp-stm32f4.build/gnarl-common/s-tpobmu.adb:131:7" }
node: { title: "system__tasking__protected_objects__multiprocessors__served" label: "Served\n/boron.a/gnatmail/sandbox/gpl-2015/arm-elf-linux/recompilablerts/src/bb-runtimes/obj/ravenscar-sfp-stm32f4.build/gnarl-common/s-tpobmu.adb:68:4\n24 bytes (static)\n0 dynamic objects" }
edge: { sourcename: "system__tasking__protected_objects__multiprocessors__served" targetname: "system__bb__cpu_primitives__multiprocessors__poke_cpu" label: "/boron.a/gnatmail/sandbox/gpl-2015/arm-elf-linux/recompilablerts/src/bb-runtimes/obj/ravenscar-sfp-stm32f4.build/gnarl-common/s-tpobmu.adb:122:50" }
edge: { sourcename: "system__tasking__protected_objects__multiprocessors__served" targetname: "system__task_primitives__operations__get_cpu" label: "/boron.a/gnatmail/sandbox/gpl-2015/arm-elf-linux/recompilablerts/src/bb-runtimes/obj/ravenscar-sfp-stm32f4.build/gnarl-common/s-tpobmu.adb:70:7" }
node: { title: "system__tasking__protected_objects__multiprocessors__entry_call_listIP" label: "Entry_Call_Listip\n/boron.a/gnatmail/sandbox/gpl-2015/arm-elf-linux/recompilablerts/src/bb-runtimes/obj/ravenscar-sfp-stm32f4.build/gnarl-common/s-tpobmu.adb:52:9\n0 bytes\n0 dynamic objects" }
}
