graph: { title: "/home/becker/async/StratoX.git/runtime/ravenscar-sfp-stm32f427/common/a-assert.adb"
node: { title: "__gnat_last_chance_handler" label: "Last_Chance_Handler\n/home/becker/async/StratoX.git/runtime/ravenscar-sfp-stm32f427/common/a-except.adb:41:17" shape : ellipse }
node: { title: "ada__assertions__assert__2" label: "Assert\n/home/becker/async/StratoX.git/runtime/ravenscar-sfp-stm32f427/common/a-assert.adb:46:4\n32 bytes (static)\n0 dynamic objects" }
edge: { sourcename: "ada__assertions__assert__2" targetname: "__gnat_last_chance_handler" label: "/home/becker/async/StratoX.git/runtime/ravenscar-sfp-stm32f427/common/a-assert.adb:49:10" }
node: { title: "ada__assertions__assert" label: "Assert\n/home/becker/async/StratoX.git/runtime/ravenscar-sfp-stm32f427/common/a-assert.adb:39:4\n24 bytes (static)\n0 dynamic objects" }
edge: { sourcename: "ada__assertions__assert" targetname: "__gnat_last_chance_handler" label: "/home/becker/async/StratoX.git/runtime/ravenscar-sfp-stm32f427/common/a-assert.adb:42:10" }
}
