graph: { title: "/home/emu/Software/gnatarm/arm-eabi/lib/gnat/ravenscar-sfp-stm32f4/common/a-elchha.adb"
node: { title: "system__machine_reset__stop" label: "Stop\n/home/emu/Software/gnatarm/arm-eabi/lib/gnat/ravenscar-sfp-stm32f4/common/s-macres.ads:37:14" shape : ellipse }
node: { title: "gnat__io__new_line" label: "NEW_LINE\n/home/emu/Software/gnatarm/arm-eabi/lib/gnat/ravenscar-sfp-stm32f4/common/g-io.ads:60:14" shape : ellipse }
node: { title: "gnat__io__put" label: "PUT\n/home/emu/Software/gnatarm/arm-eabi/lib/gnat/ravenscar-sfp-stm32f4/common/g-io.ads:46:14" shape : ellipse }
node: { title: "gnat__io__put__2" label: "PUT\n/home/emu/Software/gnatarm/arm-eabi/lib/gnat/ravenscar-sfp-stm32f4/common/g-io.ads:50:14" shape : ellipse }
node: { title: "gnat__io__put__3" label: "PUT\n/home/emu/Software/gnatarm/arm-eabi/lib/gnat/ravenscar-sfp-stm32f4/common/g-io.ads:53:14" shape : ellipse }
node: { title: "gnat__io__put_line" label: "PUT_LINE\n/home/emu/Software/gnatarm/arm-eabi/lib/gnat/ravenscar-sfp-stm32f4/common/g-io.ads:56:14" shape : ellipse }
node: { title: "__gnat_last_chance_handler" label: "Last_Chance_Handler\n/home/emu/Software/gnatarm/arm-eabi/lib/gnat/ravenscar-sfp-stm32f4/common/a-elchha.adb:43:1\n8 bytes (static)\n0 dynamic objects" }
edge: { sourcename: "__gnat_last_chance_handler" targetname: "system__machine_reset__stop" label: "/home/emu/Software/gnatarm/arm-eabi/lib/gnat/ravenscar-sfp-stm32f4/common/a-elchha.adb:84:24" }
edge: { sourcename: "__gnat_last_chance_handler" targetname: "gnat__io__new_line" label: "/home/emu/Software/gnatarm/arm-eabi/lib/gnat/ravenscar-sfp-stm32f4/common/a-elchha.adb:80:4" }
edge: { sourcename: "__gnat_last_chance_handler" targetname: "/home/emu/Software/gnatarm/arm-eabi/lib/gnat/ravenscar-sfp-stm32f4/common/a-elchha.adb:ada__exceptions__last_chance_handler__put.4097" label: "/home/emu/Software/gnatarm/arm-eabi/lib/gnat/ravenscar-sfp-stm32f4/common/a-elchha.adb:77:7" }
edge: { sourcename: "__gnat_last_chance_handler" targetname: "gnat__io__put__3" label: "/home/emu/Software/gnatarm/arm-eabi/lib/gnat/ravenscar-sfp-stm32f4/common/a-elchha.adb:76:7" }
edge: { sourcename: "__gnat_last_chance_handler" targetname: "gnat__io__put" label: "/home/emu/Software/gnatarm/arm-eabi/lib/gnat/ravenscar-sfp-stm32f4/common/a-elchha.adb:74:7" }
edge: { sourcename: "__gnat_last_chance_handler" targetname: "gnat__io__put__2" label: "/home/emu/Software/gnatarm/arm-eabi/lib/gnat/ravenscar-sfp-stm32f4/common/a-elchha.adb:73:7" }
edge: { sourcename: "__gnat_last_chance_handler" targetname: "/home/emu/Software/gnatarm/arm-eabi/lib/gnat/ravenscar-sfp-stm32f4/common/a-elchha.adb:ada__exceptions__last_chance_handler__put.4097" label: "/home/emu/Software/gnatarm/arm-eabi/lib/gnat/ravenscar-sfp-stm32f4/common/a-elchha.adb:72:7" }
edge: { sourcename: "__gnat_last_chance_handler" targetname: "gnat__io__put__3" label: "/home/emu/Software/gnatarm/arm-eabi/lib/gnat/ravenscar-sfp-stm32f4/common/a-elchha.adb:71:7" }
edge: { sourcename: "__gnat_last_chance_handler" targetname: "gnat__io__put_line" label: "/home/emu/Software/gnatarm/arm-eabi/lib/gnat/ravenscar-sfp-stm32f4/common/a-elchha.adb:68:4" }
node: { title: "/home/emu/Software/gnatarm/arm-eabi/lib/gnat/ravenscar-sfp-stm32f4/common/a-elchha.adb:ada__exceptions__last_chance_handler__put.4097" label: "Put\n/home/emu/Software/gnatarm/arm-eabi/lib/gnat/ravenscar-sfp-stm32f4/common/a-elchha.adb:53:4\n16 bytes (static)\n0 dynamic objects" }
edge: { sourcename: "/home/emu/Software/gnatarm/arm-eabi/lib/gnat/ravenscar-sfp-stm32f4/common/a-elchha.adb:ada__exceptions__last_chance_handler__put.4097" targetname: "gnat__io__put__2" label: "/home/emu/Software/gnatarm/arm-eabi/lib/gnat/ravenscar-sfp-stm32f4/common/a-elchha.adb:63:10" }
}
