graph: { title: "/home/becker/async/StratoX.git/runtime/ravenscar-sfp-stm32f427/common/a-except.adb"
node: { title: "__gnat_last_chance_handler" label: "Last_Chance_Handler\n/home/becker/async/StratoX.git/runtime/ravenscar-sfp-stm32f427/common/a-except.adb:41:17" shape : ellipse }
node: { title: "ada__exceptions__raise_exception" label: "Raise_Exception\n/home/becker/async/StratoX.git/runtime/ravenscar-sfp-stm32f427/common/a-except.adb:38:4\n8 bytes (static)\n0 dynamic objects" }
edge: { sourcename: "ada__exceptions__raise_exception" targetname: "__gnat_last_chance_handler" label: "/home/becker/async/StratoX.git/runtime/ravenscar-sfp-stm32f427/common/a-except.adb:46:7" }
}
