graph: { title: "/home/becker/async/StratoX.git/runtime/ravenscar-sfp-stm32f427/gnarl-common/a-sytaco.adb"
node: { title: "system__task_primitives__operations__sleep" label: "Sleep\n/home/becker/async/StratoX.git/runtime/ravenscar-sfp-stm32f427/gnarl-common/s-taprop.ads:107:14" shape : ellipse }
node: { title: "__gnat_last_chance_handler" label: "gnat_last_chance_handler\n<built-in>" shape : ellipse }
node: { title: "system__task_primitives__operations__wakeup" label: "Wakeup\n/home/becker/async/StratoX.git/runtime/ravenscar-sfp-stm32f427/gnarl-common/s-taprop.ads:116:14" shape : ellipse }
node: { title: "system__task_primitives__operations__set_priority" label: "Set_Priority\n/home/becker/async/StratoX.git/runtime/ravenscar-sfp-stm32f427/gnarl-common/s-taprop.ads:82:14" shape : ellipse }
node: { title: "system__task_primitives__operations__get_priority" label: "Get_Priority\n/home/becker/async/StratoX.git/runtime/ravenscar-sfp-stm32f427/gnarl-common/s-taprop.ads:87:13" shape : ellipse }
node: { title: "system__tasking__self" label: "Self\n/home/becker/async/StratoX.git/runtime/ravenscar-sfp-stm32f427/gnarl-common/s-taskin.ads:70:13" shape : ellipse }
node: { title: "ada__synchronous_task_control__suspend_until_true" label: "Suspend_Until_True\n/home/becker/async/StratoX.git/runtime/ravenscar-sfp-stm32f427/gnarl-common/a-sytaco.adb:104:4\n24 bytes (static)\n0 dynamic objects" }
edge: { sourcename: "ada__synchronous_task_control__suspend_until_true" targetname: "__gnat_last_chance_handler" label: "/home/becker/async/StratoX.git/runtime/ravenscar-sfp-stm32f427/gnarl-common/a-sytaco.adb:165:10" }
edge: { sourcename: "ada__synchronous_task_control__suspend_until_true" targetname: "system__task_primitives__operations__set_priority" label: "/home/becker/async/StratoX.git/runtime/ravenscar-sfp-stm32f427/gnarl-common/a-sytaco.adb:164:43" }
edge: { sourcename: "ada__synchronous_task_control__suspend_until_true" targetname: "system__task_primitives__operations__set_priority" label: "/home/becker/async/StratoX.git/runtime/ravenscar-sfp-stm32f427/gnarl-common/a-sytaco.adb:155:46" }
edge: { sourcename: "ada__synchronous_task_control__suspend_until_true" targetname: "system__task_primitives__operations__sleep" label: "/home/becker/async/StratoX.git/runtime/ravenscar-sfp-stm32f427/gnarl-common/a-sytaco.adb:147:46" }
edge: { sourcename: "ada__synchronous_task_control__suspend_until_true" targetname: "system__task_primitives__operations__set_priority" label: "/home/becker/async/StratoX.git/runtime/ravenscar-sfp-stm32f427/gnarl-common/a-sytaco.adb:141:46" }
edge: { sourcename: "ada__synchronous_task_control__suspend_until_true" targetname: "system__task_primitives__operations__set_priority" label: "/home/becker/async/StratoX.git/runtime/ravenscar-sfp-stm32f427/gnarl-common/a-sytaco.adb:122:40" }
edge: { sourcename: "ada__synchronous_task_control__suspend_until_true" targetname: "__gnat_last_chance_handler" label: "/home/becker/async/StratoX.git/runtime/ravenscar-sfp-stm32f427/gnarl-common/a-sytaco.adb:117:10" }
edge: { sourcename: "ada__synchronous_task_control__suspend_until_true" targetname: "system__task_primitives__operations__get_priority" label: "/home/becker/async/StratoX.git/runtime/ravenscar-sfp-stm32f427/gnarl-common/a-sytaco.adb:106:7" }
edge: { sourcename: "ada__synchronous_task_control__suspend_until_true" targetname: "system__tasking__self" label: "/home/becker/async/StratoX.git/runtime/ravenscar-sfp-stm32f427/gnarl-common/a-sytaco.adb:105:7" }
node: { title: "ada__synchronous_task_control__set_true" label: "Set_True\n/home/becker/async/StratoX.git/runtime/ravenscar-sfp-stm32f427/gnarl-common/a-sytaco.adb:64:4\n32 bytes (static)\n0 dynamic objects" }
edge: { sourcename: "ada__synchronous_task_control__set_true" targetname: "system__task_primitives__operations__set_priority" label: "/home/becker/async/StratoX.git/runtime/ravenscar-sfp-stm32f427/gnarl-common/a-sytaco.adb:97:40" }
edge: { sourcename: "ada__synchronous_task_control__set_true" targetname: "system__task_primitives__operations__wakeup" label: "/home/becker/async/StratoX.git/runtime/ravenscar-sfp-stm32f427/gnarl-common/a-sytaco.adb:86:43" }
edge: { sourcename: "ada__synchronous_task_control__set_true" targetname: "system__task_primitives__operations__set_priority" label: "/home/becker/async/StratoX.git/runtime/ravenscar-sfp-stm32f427/gnarl-common/a-sytaco.adb:76:40" }
edge: { sourcename: "ada__synchronous_task_control__set_true" targetname: "system__task_primitives__operations__get_priority" label: "/home/becker/async/StratoX.git/runtime/ravenscar-sfp-stm32f427/gnarl-common/a-sytaco.adb:66:7" }
edge: { sourcename: "ada__synchronous_task_control__set_true" targetname: "system__tasking__self" label: "/home/becker/async/StratoX.git/runtime/ravenscar-sfp-stm32f427/gnarl-common/a-sytaco.adb:65:7" }
node: { title: "ada__synchronous_task_control__set_false" label: "Set_False\n/home/becker/async/StratoX.git/runtime/ravenscar-sfp-stm32f427/gnarl-common/a-sytaco.adb:53:4\n16 bytes (static)\n0 dynamic objects" }
node: { title: "ada__synchronous_task_control__current_state" label: "Current_State\n/home/becker/async/StratoX.git/runtime/ravenscar-sfp-stm32f427/gnarl-common/a-sytaco.adb:42:4\n16 bytes (static)\n0 dynamic objects" }
node: { title: "ada__synchronous_task_control__suspension_objectIP" label: "Suspension_Objectip\n/home/becker/async/StratoX.git/runtime/ravenscar-sfp-stm32f427/gnarl-common/a-sytaco.ads:55:9\n16 bytes (static)\n0 dynamic objects" }
}
