graph: { title: "/home/becker/async/StratoX.git/runtime/ravenscar-sfp-stm32f427/gnarl-common/a-taside.adb"
node: { title: "system__tasking__restricted__stages__restricted_terminated" label: "Restricted_Terminated\n/home/becker/async/StratoX.git/runtime/ravenscar-sfp-stm32f427/gnarl-common/s-tarest.ads:244:13" shape : ellipse }
node: { title: "system__secondary_stack__ss_allocate" label: "Ss_Allocate\n/home/becker/async/StratoX.git/runtime/ravenscar-sfp-stm32f427/common/s-secsta.ads:54:14" shape : ellipse }
node: { title: "system__task_primitives__operations__self" label: "Self\n/home/becker/async/StratoX.git/runtime/ravenscar-sfp-stm32f427/gnarl-common/s-taprop.ads:79:13" shape : ellipse }
node: { title: "system__task_primitives__operations__is_task_context" label: "Is_Task_Context\n/home/becker/async/StratoX.git/runtime/ravenscar-sfp-stm32f427/gnarl-common/s-taprop.ads:122:13" shape : ellipse }
node: { title: "__gnat_last_chance_handler" label: "gnat_last_chance_handler\n<built-in>" shape : ellipse }
node: { title: "ada__task_identification__is_terminated" label: "Is_Terminated\n/home/becker/async/StratoX.git/runtime/ravenscar-sfp-stm32f427/gnarl-common/a-taside.adb:156:4\n16 bytes (static)\n0 dynamic objects" }
edge: { sourcename: "ada__task_identification__is_terminated" targetname: "system__tasking__restricted__stages__restricted_terminated" label: "/home/becker/async/StratoX.git/runtime/ravenscar-sfp-stm32f427/gnarl-common/a-taside.adb:161:10" }
edge: { sourcename: "ada__task_identification__is_terminated" targetname: "ada__task_identification__convert_ids" label: "/home/becker/async/StratoX.git/runtime/ravenscar-sfp-stm32f427/gnarl-common/a-taside.adb:161:40" }
edge: { sourcename: "ada__task_identification__is_terminated" targetname: "__gnat_last_chance_handler" label: "/home/becker/async/StratoX.git/runtime/ravenscar-sfp-stm32f427/gnarl-common/a-taside.adb:159:10" }
edge: { sourcename: "ada__task_identification__is_terminated" targetname: "ada__task_identification__Oeq" label: "/home/becker/async/StratoX.git/runtime/ravenscar-sfp-stm32f427/gnarl-common/a-taside.adb:158:12" }
node: { title: "ada__task_identification__is_callable" label: "Is_Callable\n/home/becker/async/StratoX.git/runtime/ravenscar-sfp-stm32f427/gnarl-common/a-taside.adb:143:4\n16 bytes (static)\n0 dynamic objects" }
edge: { sourcename: "ada__task_identification__is_callable" targetname: "__gnat_last_chance_handler" label: "/home/becker/async/StratoX.git/runtime/ravenscar-sfp-stm32f427/gnarl-common/a-taside.adb:146:10" }
edge: { sourcename: "ada__task_identification__is_callable" targetname: "ada__task_identification__Oeq" label: "/home/becker/async/StratoX.git/runtime/ravenscar-sfp-stm32f427/gnarl-common/a-taside.adb:145:12" }
node: { title: "ada__task_identification__image" label: "Image\n/home/becker/async/StratoX.git/runtime/ravenscar-sfp-stm32f427/gnarl-common/a-taside.adb:133:4\n16 bytes (static)\n0 dynamic objects" }
edge: { sourcename: "ada__task_identification__image" targetname: "system__secondary_stack__ss_allocate" label: "/home/becker/async/StratoX.git/runtime/ravenscar-sfp-stm32f427/gnarl-common/a-taside.adb:136:7" }
node: { title: "ada__task_identification__environment_task" label: "Environment_Task\n/home/becker/async/StratoX.git/runtime/ravenscar-sfp-stm32f427/gnarl-common/a-taside.adb:124:4\n8 bytes (static)\n0 dynamic objects" }
edge: { sourcename: "ada__task_identification__environment_task" targetname: "ada__task_identification__convert_ids__2" label: "/home/becker/async/StratoX.git/runtime/ravenscar-sfp-stm32f427/gnarl-common/a-taside.adb:126:7" }
node: { title: "ada__task_identification__current_task" label: "Current_Task\n/home/becker/async/StratoX.git/runtime/ravenscar-sfp-stm32f427/gnarl-common/a-taside.adb:107:4\n8 bytes (static)\n0 dynamic objects" }
edge: { sourcename: "ada__task_identification__current_task" targetname: "ada__task_identification__convert_ids__2" label: "/home/becker/async/StratoX.git/runtime/ravenscar-sfp-stm32f427/gnarl-common/a-taside.adb:117:7" }
edge: { sourcename: "ada__task_identification__current_task" targetname: "system__task_primitives__operations__self" label: "/home/becker/async/StratoX.git/runtime/ravenscar-sfp-stm32f427/gnarl-common/a-taside.adb:117:60" }
edge: { sourcename: "ada__task_identification__current_task" targetname: "__gnat_last_chance_handler" label: "/home/becker/async/StratoX.git/runtime/ravenscar-sfp-stm32f427/gnarl-common/a-taside.adb:114:10" }
edge: { sourcename: "ada__task_identification__current_task" targetname: "system__task_primitives__operations__is_task_context" label: "/home/becker/async/StratoX.git/runtime/ravenscar-sfp-stm32f427/gnarl-common/a-taside.adb:113:47" }
node: { title: "ada__task_identification__convert_ids__2" label: "Convert_Ids\n/home/becker/async/StratoX.git/runtime/ravenscar-sfp-stm32f427/gnarl-common/a-taside.adb:98:4\n16 bytes (static)\n0 dynamic objects" }
node: { title: "ada__task_identification__convert_ids" label: "Convert_Ids\n/home/becker/async/StratoX.git/runtime/ravenscar-sfp-stm32f427/gnarl-common/a-taside.adb:93:4\n16 bytes (static)\n0 dynamic objects" }
node: { title: "ada__task_identification__activation_is_complete" label: "Activation_Is_Complete\n/home/becker/async/StratoX.git/runtime/ravenscar-sfp-stm32f427/gnarl-common/a-taside.adb:83:4\n16 bytes (static)\n0 dynamic objects" }
node: { title: "ada__task_identification__abort_task" label: "Abort_Task\n/home/becker/async/StratoX.git/runtime/ravenscar-sfp-stm32f427/gnarl-common/a-taside.adb:74:4\n16 bytes (static)\n0 dynamic objects" }
edge: { sourcename: "ada__task_identification__abort_task" targetname: "__gnat_last_chance_handler" label: "/home/becker/async/StratoX.git/runtime/ravenscar-sfp-stm32f427/gnarl-common/a-taside.adb:76:7" }
node: { title: "ada__task_identification__Oeq" label: "=\n/home/becker/async/StratoX.git/runtime/ravenscar-sfp-stm32f427/gnarl-common/a-taside.adb:65:4\n24 bytes (static)\n0 dynamic objects" }
edge: { sourcename: "ada__task_identification__Oeq" targetname: "ada__task_identification__convert_ids" label: "/home/becker/async/StratoX.git/runtime/ravenscar-sfp-stm32f427/gnarl-common/a-taside.adb:67:54" }
edge: { sourcename: "ada__task_identification__Oeq" targetname: "ada__task_identification__convert_ids" label: "/home/becker/async/StratoX.git/runtime/ravenscar-sfp-stm32f427/gnarl-common/a-taside.adb:67:34" }
}
