graph: { title: "/home/emu/Software/gnatarm/arm-eabi/lib/gnat/ravenscar-sfp-stm32f4/gnarl-common/a-taside.adb"
node: { title: "system__tasking__restricted__stages__restricted_terminated" label: "Restricted_Terminated\n/home/emu/Software/gnatarm/arm-eabi/lib/gnat/ravenscar-sfp-stm32f4/gnarl-common/s-tarest.ads:244:13" shape : ellipse }
node: { title: "system__secondary_stack__ss_allocate" label: "Ss_Allocate\n/home/emu/Software/gnatarm/arm-eabi/lib/gnat/ravenscar-sfp-stm32f4/common/s-secsta.ads:54:14" shape : ellipse }
node: { title: "system__bb__interrupts__current_interrupt" label: "Current_Interrupt\n/home/emu/Software/gnatarm/arm-eabi/lib/gnat/ravenscar-sfp-stm32f4/gnarl-common/s-bbinte.ads:76:13" shape : ellipse }
node: { title: "__gnat_last_chance_handler" label: "gnat_last_chance_handler\n<built-in>" shape : ellipse }
node: { title: "ada__task_identification__is_terminated" label: "Is_Terminated\n/home/emu/Software/gnatarm/arm-eabi/lib/gnat/ravenscar-sfp-stm32f4/gnarl-common/a-taside.adb:156:4\n8 bytes (static)\n0 dynamic objects" }
edge: { sourcename: "ada__task_identification__is_terminated" targetname: "system__tasking__restricted__stages__restricted_terminated" label: "/home/emu/Software/gnatarm/arm-eabi/lib/gnat/ravenscar-sfp-stm32f4/gnarl-common/a-taside.adb:161:10" }
edge: { sourcename: "ada__task_identification__is_terminated" targetname: "__gnat_last_chance_handler" label: "/home/emu/Software/gnatarm/arm-eabi/lib/gnat/ravenscar-sfp-stm32f4/gnarl-common/a-taside.adb:159:10" }
node: { title: "ada__task_identification__is_callable" label: "Is_Callable\n/home/emu/Software/gnatarm/arm-eabi/lib/gnat/ravenscar-sfp-stm32f4/gnarl-common/a-taside.adb:143:4\n8 bytes (static)\n0 dynamic objects" }
edge: { sourcename: "ada__task_identification__is_callable" targetname: "__gnat_last_chance_handler" label: "/home/emu/Software/gnatarm/arm-eabi/lib/gnat/ravenscar-sfp-stm32f4/gnarl-common/a-taside.adb:146:10" }
node: { title: "ada__task_identification__image" label: "Image\n/home/emu/Software/gnatarm/arm-eabi/lib/gnat/ravenscar-sfp-stm32f4/gnarl-common/a-taside.adb:133:4\n8 bytes (static)\n0 dynamic objects" }
edge: { sourcename: "ada__task_identification__image" targetname: "system__secondary_stack__ss_allocate" label: "/home/emu/Software/gnatarm/arm-eabi/lib/gnat/ravenscar-sfp-stm32f4/gnarl-common/a-taside.adb:136:7" }
node: { title: "ada__task_identification__environment_task" label: "Environment_Task\n/home/emu/Software/gnatarm/arm-eabi/lib/gnat/ravenscar-sfp-stm32f4/gnarl-common/a-taside.adb:124:4\n0 bytes\n0 dynamic objects" }
node: { title: "ada__task_identification__current_task" label: "Current_Task\n/home/emu/Software/gnatarm/arm-eabi/lib/gnat/ravenscar-sfp-stm32f4/gnarl-common/a-taside.adb:107:4\n8 bytes (static)\n0 dynamic objects" }
edge: { sourcename: "ada__task_identification__current_task" targetname: "__gnat_last_chance_handler" label: "/home/emu/Software/gnatarm/arm-eabi/lib/gnat/ravenscar-sfp-stm32f4/gnarl-common/a-taside.adb:114:10" }
edge: { sourcename: "ada__task_identification__current_task" targetname: "system__bb__interrupts__current_interrupt" label: "/home/emu/Software/gnatarm/arm-eabi/lib/gnat/ravenscar-sfp-stm32f4/gnarl-common/s-taprop.adb:302:33" }
node: { title: "ada__task_identification__convert_ids__2" label: "Convert_Ids\n/home/emu/Software/gnatarm/arm-eabi/lib/gnat/ravenscar-sfp-stm32f4/gnarl-common/a-taside.adb:98:4\n0 bytes\n0 dynamic objects" }
node: { title: "ada__task_identification__convert_ids" label: "Convert_Ids\n/home/emu/Software/gnatarm/arm-eabi/lib/gnat/ravenscar-sfp-stm32f4/gnarl-common/a-taside.adb:93:4\n0 bytes\n0 dynamic objects" }
node: { title: "ada__task_identification__activation_is_complete" label: "Activation_Is_Complete\n/home/emu/Software/gnatarm/arm-eabi/lib/gnat/ravenscar-sfp-stm32f4/gnarl-common/a-taside.adb:83:4\n0 bytes\n0 dynamic objects" }
node: { title: "ada__task_identification__abort_task" label: "Abort_Task\n/home/emu/Software/gnatarm/arm-eabi/lib/gnat/ravenscar-sfp-stm32f4/gnarl-common/a-taside.adb:74:4\n8 bytes (static)\n0 dynamic objects" }
edge: { sourcename: "ada__task_identification__abort_task" targetname: "__gnat_last_chance_handler" label: "/home/emu/Software/gnatarm/arm-eabi/lib/gnat/ravenscar-sfp-stm32f4/gnarl-common/a-taside.adb:76:7" }
node: { title: "ada__task_identification__Oeq" label: "=\n/home/emu/Software/gnatarm/arm-eabi/lib/gnat/ravenscar-sfp-stm32f4/gnarl-common/a-taside.adb:65:4\n0 bytes\n0 dynamic objects" }
}
