graph: { title: "/home/becker/async/StratoX.git/runtime/ravenscar-sfp-stm32f427/gnarl-common/s-bbinte.adb"
node: { title: "system__bb__cpu_primitives__disable_interrupts" label: "Disable_Interrupts\n/home/becker/async/StratoX.git/runtime/ravenscar-sfp-stm32f427/gnarl-common/s-bbcppr.ads:112:14" shape : ellipse }
node: { title: "system__bb__cpu_primitives__enable_interrupts" label: "Enable_Interrupts\n/home/becker/async/StratoX.git/runtime/ravenscar-sfp-stm32f427/gnarl-common/s-bbcppr.ads:120:14" shape : ellipse }
node: { title: "system__bb__threads__queues__change_priority" label: "Change_Priority\n/home/becker/async/StratoX.git/runtime/ravenscar-sfp-stm32f427/gnarl-common/s-bbthqu.ads:119:14" shape : ellipse }
node: { title: "system__bb__board_support__priority_of_interrupt" label: "Priority_Of_Interrupt\n/home/becker/async/StratoX.git/runtime/ravenscar-sfp-stm32f427/gnarl-common/s-bbbosu.ads:118:13" shape : ellipse }
node: { title: "system__bb__board_support__get_interrupt_request" label: "Get_Interrupt_Request\n/home/becker/async/StratoX.git/runtime/ravenscar-sfp-stm32f427/gnarl-common/s-bbbosu.ads:106:13" shape : ellipse }
node: { title: "system__bb__threads__get_priority" label: "Get_Priority\n/home/becker/async/StratoX.git/runtime/ravenscar-sfp-stm32f427/gnarl-common/s-bbthre.ads:261:13" shape : ellipse }
node: { title: "system__bb__threads__thread_self" label: "Thread_Self\n/home/becker/async/StratoX.git/runtime/ravenscar-sfp-stm32f427/gnarl-common/s-bbthre.ads:246:13" shape : ellipse }
node: { title: "system__bb__cpu_primitives__multiprocessors__current_cpu" label: "Current_Cpu\n/home/becker/async/StratoX.git/runtime/ravenscar-sfp-stm32f427/gnarl-common/s-bcprmu.ads:36:13" shape : ellipse }
node: { title: "system__bb__board_support__install_interrupt_handler" label: "Install_Interrupt_Handler\n/home/becker/async/StratoX.git/runtime/ravenscar-sfp-stm32f427/gnarl-common/s-bbbosu.ads:125:14" shape : ellipse }
node: { title: "system__bb__interrupts__initialize_interrupts" label: "Initialize_Interrupts\n/home/becker/async/StratoX.git/runtime/ravenscar-sfp-stm32f427/gnarl-common/s-bbinte.adb:251:4\n16 bytes (static)\n0 dynamic objects" }
node: { title: "system__bb__interrupts__within_interrupt_stack" label: "Within_Interrupt_Stack\n/home/becker/async/StratoX.git/runtime/ravenscar-sfp-stm32f427/gnarl-common/s-bbinte.adb:237:4\n16 bytes (static)\n0 dynamic objects" }
edge: { sourcename: "system__bb__interrupts__within_interrupt_stack" targetname: "system__bb__cpu_primitives__multiprocessors__current_cpu" label: "/home/becker/async/StratoX.git/runtime/ravenscar-sfp-stm32f427/gnarl-common/s-bbinte.adb:244:29" }
edge: { sourcename: "system__bb__interrupts__within_interrupt_stack" targetname: "system__bb__cpu_primitives__multiprocessors__current_cpu" label: "/home/becker/async/StratoX.git/runtime/ravenscar-sfp-stm32f427/gnarl-common/s-bbinte.adb:241:29" }
edge: { sourcename: "system__bb__interrupts__within_interrupt_stack" targetname: "system__bb__interrupts__current_interrupt" label: "/home/becker/async/StratoX.git/runtime/ravenscar-sfp-stm32f427/gnarl-common/s-bbinte.adb:240:8" }
node: { title: "system__bb__interrupts__interrupt_wrapper" label: "Interrupt_Wrapper\n/home/becker/async/StratoX.git/runtime/ravenscar-sfp-stm32f427/gnarl-common/s-bbinte.adb:153:4\n48 bytes (static)\n0 dynamic objects" }
edge: { sourcename: "system__bb__interrupts__interrupt_wrapper" targetname: "system__bb__threads__queues__change_priority" label: "/home/becker/async/StratoX.git/runtime/ravenscar-sfp-stm32f427/gnarl-common/s-bbinte.adb:223:21" }
edge: { sourcename: "system__bb__interrupts__interrupt_wrapper" targetname: "__indirect_call" label: "/home/becker/async/StratoX.git/runtime/ravenscar-sfp-stm32f427/gnarl-common/s-bbinte.adb:216:32" }
node: { title: "__indirect_call" label: "Indirect Call Placeholder" shape : ellipse }
edge: { sourcename: "system__bb__interrupts__interrupt_wrapper" targetname: "system__bb__cpu_primitives__disable_interrupts" label: "/home/becker/async/StratoX.git/runtime/ravenscar-sfp-stm32f427/gnarl-common/s-bbinte.adb:209:21" }
edge: { sourcename: "system__bb__interrupts__interrupt_wrapper" targetname: "__indirect_call" label: "/home/becker/async/StratoX.git/runtime/ravenscar-sfp-stm32f427/gnarl-common/s-bbinte.adb:207:44" }
edge: { sourcename: "system__bb__interrupts__interrupt_wrapper" targetname: "system__bb__cpu_primitives__enable_interrupts" label: "/home/becker/async/StratoX.git/runtime/ravenscar-sfp-stm32f427/gnarl-common/s-bbinte.adb:203:21" }
edge: { sourcename: "system__bb__interrupts__interrupt_wrapper" targetname: "system__bb__threads__queues__change_priority" label: "/home/becker/async/StratoX.git/runtime/ravenscar-sfp-stm32f427/gnarl-common/s-bbinte.adb:201:21" }
edge: { sourcename: "system__bb__interrupts__interrupt_wrapper" targetname: "__indirect_call" label: "/home/becker/async/StratoX.git/runtime/ravenscar-sfp-stm32f427/gnarl-common/s-bbinte.adb:177:32" }
edge: { sourcename: "system__bb__interrupts__interrupt_wrapper" targetname: "system__bb__cpu_primitives__multiprocessors__current_cpu" label: "/home/becker/async/StratoX.git/runtime/ravenscar-sfp-stm32f427/gnarl-common/s-bbinte.adb:161:7" }
edge: { sourcename: "system__bb__interrupts__interrupt_wrapper" targetname: "system__bb__board_support__priority_of_interrupt" label: "/home/becker/async/StratoX.git/runtime/ravenscar-sfp-stm32f427/gnarl-common/s-bbinte.adb:159:7" }
edge: { sourcename: "system__bb__interrupts__interrupt_wrapper" targetname: "system__bb__board_support__get_interrupt_request" label: "/home/becker/async/StratoX.git/runtime/ravenscar-sfp-stm32f427/gnarl-common/s-bbinte.adb:157:7" }
edge: { sourcename: "system__bb__interrupts__interrupt_wrapper" targetname: "system__bb__threads__get_priority" label: "/home/becker/async/StratoX.git/runtime/ravenscar-sfp-stm32f427/gnarl-common/s-bbinte.adb:155:7" }
edge: { sourcename: "system__bb__interrupts__interrupt_wrapper" targetname: "system__bb__threads__thread_self" label: "/home/becker/async/StratoX.git/runtime/ravenscar-sfp-stm32f427/gnarl-common/s-bbinte.adb:154:7" }
node: { title: "system__bb__interrupts__current_interrupt" label: "Current_Interrupt\n/home/becker/async/StratoX.git/runtime/ravenscar-sfp-stm32f427/gnarl-common/s-bbinte.adb:135:4\n16 bytes (static)\n0 dynamic objects" }
edge: { sourcename: "system__bb__interrupts__current_interrupt" targetname: "system__bb__threads__thread_self" label: "/home/becker/async/StratoX.git/runtime/ravenscar-sfp-stm32f427/gnarl-common/s-bbinte.adb:139:17" }
edge: { sourcename: "system__bb__interrupts__current_interrupt" targetname: "system__bb__cpu_primitives__multiprocessors__current_cpu" label: "/home/becker/async/StratoX.git/runtime/ravenscar-sfp-stm32f427/gnarl-common/s-bbinte.adb:136:66" }
node: { title: "system__bb__interrupts__attach_handler" label: "Attach_Handler\n/home/becker/async/StratoX.git/runtime/ravenscar-sfp-stm32f427/gnarl-common/s-bbinte.adb:109:4\n24 bytes (static)\n0 dynamic objects" }
edge: { sourcename: "system__bb__interrupts__attach_handler" targetname: "system__bb__board_support__install_interrupt_handler" label: "/home/becker/async/StratoX.git/runtime/ravenscar-sfp-stm32f427/gnarl-common/s-bbinte.adb:127:20" }
node: { title: "system__bb__interrupts__Tinterrupt_stack_tableBIP" label: "Tinterrupt_Stack_Tablebip\n/home/becker/async/StratoX.git/runtime/ravenscar-sfp-stm32f427/gnarl-common/s-bbinte.adb:76:4\n16 bytes (static)\n0 dynamic objects" }
node: { title: "system__bb__interrupts__Tinterrupt_stacksBIP" label: "Tinterrupt_Stacksbip\n/home/becker/async/StratoX.git/runtime/ravenscar-sfp-stm32f427/gnarl-common/s-bbinte.adb:67:4\n16 bytes (static)\n0 dynamic objects" }
}
