class {
  classname: "system__bb__timing_events__timing_event"
  label: "system__bb__timing_events__timing_event\s-bbtiev.ads:42:9"
  virtuals: "1:system__bb__timing_events__set_handler\n
             2:system__bb__timing_events__current_handler\n
             3:system__bb__timing_events__cancel_handler\n
             4:system__bb__timing_events__time_of_event\n
             -1:system__bb__timing_events___size"
}
graph: { title: "/home/becker/async/StratoX.git/runtime/ravenscar-sfp-stm32f427/gnarl-common/s-bbtiev.adb"
node: { title: "system__bb__threads__queues__change_priority" label: "Change_Priority\n/home/becker/async/StratoX.git/runtime/ravenscar-sfp-stm32f427/gnarl-common/s-bbthqu.ads:119:14" shape : ellipse }
node: { title: "system__bb__threads__get_priority" label: "Get_Priority\n/home/becker/async/StratoX.git/runtime/ravenscar-sfp-stm32f427/gnarl-common/s-bbthre.ads:261:13" shape : ellipse }
node: { title: "system__bb__threads__thread_self" label: "Thread_Self\n/home/becker/async/StratoX.git/runtime/ravenscar-sfp-stm32f427/gnarl-common/s-bbthre.ads:246:13" shape : ellipse }
node: { title: "system__bb__time__update_alarm" label: "Update_Alarm\n/home/becker/async/StratoX.git/runtime/ravenscar-sfp-stm32f427/gnarl-common/s-bbtime.ads:147:14" shape : ellipse }
node: { title: "system__bb__time__get_next_timeout" label: "Get_Next_Timeout\n/home/becker/async/StratoX.git/runtime/ravenscar-sfp-stm32f427/gnarl-common/s-bbtime.ads:144:13" shape : ellipse }
node: { title: "system__bb__cpu_primitives__multiprocessors__current_cpu" label: "Current_Cpu\n/home/becker/async/StratoX.git/runtime/ravenscar-sfp-stm32f427/gnarl-common/s-bcprmu.ads:36:13" shape : ellipse }
node: { title: "system__bb__timing_events__insert" label: "Insert\n/home/becker/async/StratoX.git/runtime/ravenscar-sfp-stm32f427/gnarl-common/s-bbtiev.adb:404:4\n24 bytes (static)\n0 dynamic objects" }
edge: { sourcename: "system__bb__timing_events__insert" targetname: "system__bb__cpu_primitives__multiprocessors__current_cpu" label: "/home/becker/async/StratoX.git/runtime/ravenscar-sfp-stm32f427/gnarl-common/s-bbtiev.adb:408:7" }
node: { title: "system__bb__timing_events__extract" label: "Extract\n/home/becker/async/StratoX.git/runtime/ravenscar-sfp-stm32f427/gnarl-common/s-bbtiev.adb:371:4\n24 bytes (static)\n0 dynamic objects" }
edge: { sourcename: "system__bb__timing_events__extract" targetname: "system__bb__cpu_primitives__multiprocessors__current_cpu" label: "/home/becker/async/StratoX.git/runtime/ravenscar-sfp-stm32f427/gnarl-common/s-bbtiev.adb:374:7" }
node: { title: "system__bb__timing_events__time_of_event" label: "Time_Of_Event\n/home/becker/async/StratoX.git/runtime/ravenscar-sfp-stm32f427/gnarl-common/s-bbtiev.adb:358:4\n16 bytes (static)\n0 dynamic objects" }
node: { title: "system__bb__timing_events__get_next_timeout" label: "Get_Next_Timeout\n/home/becker/async/StratoX.git/runtime/ravenscar-sfp-stm32f427/gnarl-common/s-bbtiev.adb:342:4\n24 bytes (static)\n0 dynamic objects" }
node: { title: "system__bb__timing_events__execute_expired_timing_events" label: "Execute_Expired_Timing_Events\n/home/becker/async/StratoX.git/runtime/ravenscar-sfp-stm32f427/gnarl-common/s-bbtiev.adb:273:4\n40 bytes (static)\n0 dynamic objects" }
edge: { sourcename: "system__bb__timing_events__execute_expired_timing_events" targetname: "system__bb__threads__queues__change_priority" label: "/home/becker/async/StratoX.git/runtime/ravenscar-sfp-stm32f427/gnarl-common/s-bbtiev.adb:330:13" }
edge: { sourcename: "system__bb__timing_events__execute_expired_timing_events" targetname: "__indirect_call" label: "/home/becker/async/StratoX.git/runtime/ravenscar-sfp-stm32f427/gnarl-common/s-bbtiev.adb:325:10" }
node: { title: "__indirect_call" label: "Indirect Call Placeholder" shape : ellipse }
edge: { sourcename: "system__bb__timing_events__execute_expired_timing_events" targetname: "system__bb__timing_events__extract" label: "/home/becker/async/StratoX.git/runtime/ravenscar-sfp-stm32f427/gnarl-common/s-bbtiev.adb:314:10" }
edge: { sourcename: "system__bb__timing_events__execute_expired_timing_events" targetname: "system__bb__threads__queues__change_priority" label: "/home/becker/async/StratoX.git/runtime/ravenscar-sfp-stm32f427/gnarl-common/s-bbtiev.adb:300:13" }
edge: { sourcename: "system__bb__timing_events__execute_expired_timing_events" targetname: "system__bb__threads__get_priority" label: "/home/becker/async/StratoX.git/runtime/ravenscar-sfp-stm32f427/gnarl-common/s-bbtiev.adb:298:23" }
edge: { sourcename: "system__bb__timing_events__execute_expired_timing_events" targetname: "system__bb__threads__thread_self" label: "/home/becker/async/StratoX.git/runtime/ravenscar-sfp-stm32f427/gnarl-common/s-bbtiev.adb:297:15" }
edge: { sourcename: "system__bb__timing_events__execute_expired_timing_events" targetname: "system__bb__cpu_primitives__multiprocessors__current_cpu" label: "/home/becker/async/StratoX.git/runtime/ravenscar-sfp-stm32f427/gnarl-common/s-bbtiev.adb:274:7" }
node: { title: "system__bb__timing_events__cancel_handler" label: "Cancel_Handler\n/home/becker/async/StratoX.git/runtime/ravenscar-sfp-stm32f427/gnarl-common/s-bbtiev.adb:240:4\n40 bytes (static)\n0 dynamic objects" }
edge: { sourcename: "system__bb__timing_events__cancel_handler" targetname: "system__bb__time__update_alarm" label: "/home/becker/async/StratoX.git/runtime/ravenscar-sfp-stm32f427/gnarl-common/s-bbtiev.adb:260:17" }
edge: { sourcename: "system__bb__timing_events__cancel_handler" targetname: "system__bb__time__get_next_timeout" label: "/home/becker/async/StratoX.git/runtime/ravenscar-sfp-stm32f427/gnarl-common/s-bbtiev.adb:259:24" }
edge: { sourcename: "system__bb__timing_events__cancel_handler" targetname: "system__bb__timing_events__extract" label: "/home/becker/async/StratoX.git/runtime/ravenscar-sfp-stm32f427/gnarl-common/s-bbtiev.adb:253:10" }
edge: { sourcename: "system__bb__timing_events__cancel_handler" targetname: "system__bb__cpu_primitives__multiprocessors__current_cpu" label: "/home/becker/async/StratoX.git/runtime/ravenscar-sfp-stm32f427/gnarl-common/s-bbtiev.adb:245:7" }
node: { title: "system__bb__timing_events__current_handler" label: "Current_Handler\n/home/becker/async/StratoX.git/runtime/ravenscar-sfp-stm32f427/gnarl-common/s-bbtiev.adb:229:4\n16 bytes (static)\n0 dynamic objects" }
node: { title: "system__bb__timing_events__set_handler" label: "Set_Handler\n/home/becker/async/StratoX.git/runtime/ravenscar-sfp-stm32f427/gnarl-common/s-bbtiev.adb:163:4\n40 bytes (static)\n0 dynamic objects" }
edge: { sourcename: "system__bb__timing_events__set_handler" targetname: "system__bb__time__update_alarm" label: "/home/becker/async/StratoX.git/runtime/ravenscar-sfp-stm32f427/gnarl-common/s-bbtiev.adb:199:14" }
edge: { sourcename: "system__bb__timing_events__set_handler" targetname: "system__bb__time__get_next_timeout" label: "/home/becker/async/StratoX.git/runtime/ravenscar-sfp-stm32f427/gnarl-common/s-bbtiev.adb:198:21" }
edge: { sourcename: "system__bb__timing_events__set_handler" targetname: "system__bb__timing_events__insert" label: "/home/becker/async/StratoX.git/runtime/ravenscar-sfp-stm32f427/gnarl-common/s-bbtiev.adb:192:10" }
edge: { sourcename: "system__bb__timing_events__set_handler" targetname: "system__bb__timing_events__extract" label: "/home/becker/async/StratoX.git/runtime/ravenscar-sfp-stm32f427/gnarl-common/s-bbtiev.adb:178:10" }
edge: { sourcename: "system__bb__timing_events__set_handler" targetname: "system__bb__cpu_primitives__multiprocessors__current_cpu" label: "/home/becker/async/StratoX.git/runtime/ravenscar-sfp-stm32f427/gnarl-common/s-bbtiev.adb:169:7" }
node: { title: "system__bb__timing_events___size" label: "Timing_Events\n/home/becker/async/StratoX.git/runtime/ravenscar-sfp-stm32f427/gnarl-common/s-bbtiev.ads:42:9\n16 bytes (static)\n0 dynamic objects" }
node: { title: "system__bb__timing_events__timing_eventIP" label: "Timing_Eventip\n/home/becker/async/StratoX.git/runtime/ravenscar-sfp-stm32f427/gnarl-common/s-bbtiev.ads:42:9\n16 bytes (static)\n0 dynamic objects" }
}
