graph: { title: "/home/emu/Software/gnatarm/arm-eabi/lib/gnat/ravenscar-sfp-stm32f4/gnarl-common/s-bbcppr.adb"
node: { title: "system__bb__board_support__read_clock" label: "Read_Clock\n/home/emu/Software/gnatarm/arm-eabi/lib/gnat/ravenscar-sfp-stm32f4/gnarl-common/s-bbbosu.ads:84:13" shape : ellipse }
node: { title: "__gnat_last_chance_handler" label: "Last_Chance_Handler\n/home/emu/Software/gnatarm/arm-eabi/lib/gnat/ravenscar-sfp-stm32f4/common/a-except.adb:41:17" shape : ellipse }
node: { title: "system__bb__cpu_primitives__initialize_floating_point" label: "Initialize_Floating_Point\n/home/emu/Software/gnatarm/arm-eabi/lib/gnat/ravenscar-sfp-stm32f4/gnarl-common/s-bbcppr.adb:537:14\n0 bytes\n0 dynamic objects" }
edge: { sourcename: "system__bb__cpu_primitives__initialize_floating_point" targetname: "system__bb__cpu_primitives__initialize_cpu" label: "/home/emu/Software/gnatarm/arm-eabi/lib/gnat/ravenscar-sfp-stm32f4/gnarl-common/s-bbcppr.adb:537:14" }
node: { title: "system__bb__cpu_primitives__enable_interrupts" label: "Enable_Interrupts\n/home/emu/Software/gnatarm/arm-eabi/lib/gnat/ravenscar-sfp-stm32f4/gnarl-common/s-bbcppr.adb:515:4\n0 bytes\n0 dynamic objects" }
node: { title: "system__bb__cpu_primitives__disable_interrupts" label: "Disable_Interrupts\n/home/emu/Software/gnatarm/arm-eabi/lib/gnat/ravenscar-sfp-stm32f4/gnarl-common/s-bbcppr.adb:506:4\n0 bytes\n0 dynamic objects" }
node: { title: "system__bb__cpu_primitives__install_trap_handler" label: "Install_Trap_Handler\n/home/emu/Software/gnatarm/arm-eabi/lib/gnat/ravenscar-sfp-stm32f4/gnarl-common/s-bbcppr.adb:492:4\n0 bytes\n0 dynamic objects" }
node: { title: "system__bb__cpu_primitives__install_error_handlers" label: "Install_Error_Handlers\n/home/emu/Software/gnatarm/arm-eabi/lib/gnat/ravenscar-sfp-stm32f4/gnarl-common/s-bbcppr.adb:476:4\n0 bytes\n0 dynamic objects" }
node: { title: "system__bb__cpu_primitives__initialize_context" label: "Initialize_Context\n/home/emu/Software/gnatarm/arm-eabi/lib/gnat/ravenscar-sfp-stm32f4/gnarl-common/s-bbcppr.adb:445:4\n56 bytes (static)\n0 dynamic objects" }
node: { title: "__gnat_sys_tick_trap" label: "Sys_Tick_Handler\n/home/emu/Software/gnatarm/arm-eabi/lib/gnat/ravenscar-sfp-stm32f4/gnarl-common/s-bbcppr.adb:412:4\n8 bytes (static)\n0 dynamic objects" }
edge: { sourcename: "__gnat_sys_tick_trap" targetname: "__indirect_call" label: "/home/emu/Software/gnatarm/arm-eabi/lib/gnat/ravenscar-sfp-stm32f4/gnarl-common/s-bbcppr.adb:430:7" }
node: { title: "__indirect_call" label: "Indirect Call Placeholder" shape : ellipse }
edge: { sourcename: "__gnat_sys_tick_trap" targetname: "system__bb__board_support__read_clock" label: "/home/emu/Software/gnatarm/arm-eabi/lib/gnat/ravenscar-sfp-stm32f4/gnarl-common/s-bbcppr.adb:414:7" }
node: { title: "system__bb__cpu_primitives__set_context" label: "Set_Context\n/home/emu/Software/gnatarm/arm-eabi/lib/gnat/ravenscar-sfp-stm32f4/gnarl-common/s-bbcppr.adb:400:4\n0 bytes\n0 dynamic objects" }
node: { title: "__gnat_sv_call_trap" label: "Sv_Call_Handler\n/home/emu/Software/gnatarm/arm-eabi/lib/gnat/ravenscar-sfp-stm32f4/gnarl-common/s-bbcppr.adb:391:4\n8 bytes (static)\n0 dynamic objects" }
edge: { sourcename: "__gnat_sv_call_trap" targetname: "system__bb__cpu_primitives__gnat_error_handler" label: "/home/emu/Software/gnatarm/arm-eabi/lib/gnat/ravenscar-sfp-stm32f4/gnarl-common/s-bbcppr.adb:393:7" }
node: { title: "__gnat_pend_sv_trap" label: "Pend_Sv_Handler\n/home/emu/Software/gnatarm/arm-eabi/lib/gnat/ravenscar-sfp-stm32f4/gnarl-common/s-bbcppr.adb:332:4\n0 bytes\n0 dynamic objects" }
node: { title: "__gnat_irq_trap" label: "Interrupt_Request_Handler\n/home/emu/Software/gnatarm/arm-eabi/lib/gnat/ravenscar-sfp-stm32f4/gnarl-common/s-bbcppr.adb:298:4\n8 bytes (static)\n0 dynamic objects" }
edge: { sourcename: "__gnat_irq_trap" targetname: "__indirect_call" label: "/home/emu/Software/gnatarm/arm-eabi/lib/gnat/ravenscar-sfp-stm32f4/gnarl-common/s-bbcppr.adb:302:7" }
node: { title: "system__bb__cpu_primitives__gnat_error_handler" label: "Gnat_Error_Handler\n/home/emu/Software/gnatarm/arm-eabi/lib/gnat/ravenscar-sfp-stm32f4/gnarl-common/s-bbcppr.adb:276:4\n8 bytes (static)\n0 dynamic objects" }
edge: { sourcename: "system__bb__cpu_primitives__gnat_error_handler" targetname: "__gnat_last_chance_handler" label: "/home/emu/Software/gnatarm/arm-eabi/lib/gnat/ravenscar-sfp-stm32f4/gnarl-common/s-bbcppr.adb:290:13" }
edge: { sourcename: "system__bb__cpu_primitives__gnat_error_handler" targetname: "__gnat_last_chance_handler" label: "/home/emu/Software/gnatarm/arm-eabi/lib/gnat/ravenscar-sfp-stm32f4/gnarl-common/s-bbcppr.adb:288:13" }
edge: { sourcename: "system__bb__cpu_primitives__gnat_error_handler" targetname: "__gnat_last_chance_handler" label: "/home/emu/Software/gnatarm/arm-eabi/lib/gnat/ravenscar-sfp-stm32f4/gnarl-common/s-bbcppr.adb:286:13" }
edge: { sourcename: "system__bb__cpu_primitives__gnat_error_handler" targetname: "__gnat_last_chance_handler" label: "/home/emu/Software/gnatarm/arm-eabi/lib/gnat/ravenscar-sfp-stm32f4/gnarl-common/s-bbcppr.adb:284:13" }
edge: { sourcename: "system__bb__cpu_primitives__gnat_error_handler" targetname: "__gnat_last_chance_handler" label: "/home/emu/Software/gnatarm/arm-eabi/lib/gnat/ravenscar-sfp-stm32f4/gnarl-common/s-bbcppr.adb:282:13" }
edge: { sourcename: "system__bb__cpu_primitives__gnat_error_handler" targetname: "__gnat_last_chance_handler" label: "/home/emu/Software/gnatarm/arm-eabi/lib/gnat/ravenscar-sfp-stm32f4/gnarl-common/s-bbcppr.adb:280:13" }
node: { title: "system__bb__cpu_primitives__get_context" label: "Get_Context\n/home/emu/Software/gnatarm/arm-eabi/lib/gnat/ravenscar-sfp-stm32f4/gnarl-common/s-bbcppr.adb:266:4\n0 bytes\n0 dynamic objects" }
node: { title: "system__bb__cpu_primitives__context_switch" label: "Context_Switch\n/home/emu/Software/gnatarm/arm-eabi/lib/gnat/ravenscar-sfp-stm32f4/gnarl-common/s-bbcppr.adb:241:4\n0 bytes\n0 dynamic objects" }
node: { title: "system__bb__cpu_primitives__initialize_cpu" label: "Initialize_Cpu\n/home/emu/Software/gnatarm/arm-eabi/lib/gnat/ravenscar-sfp-stm32f4/gnarl-common/s-bbcppr.adb:179:4\n20 bytes (static)\n0 dynamic objects" }
node: { title: "primask" label: "Primask\n/home/emu/Software/gnatarm/arm-eabi/lib/gnat/ravenscar-sfp-stm32f4/gnarl-common/s-bbcppr.adb:167:4\n0 bytes\n0 dynamic objects" }
node: { title: "system__bb__cpu_primitives__hardware_contextIP" label: "Hardware_Contextip\n/home/emu/Software/gnatarm/arm-eabi/lib/gnat/ravenscar-sfp-stm32f4/gnarl-common/s-bbcppr.adb:138:9\n0 bytes\n0 dynamic objects" }
node: { title: "system__bb__cpu_primitives__Tcontext_bufferBIP" label: "Tcontext_Bufferbip\n/home/emu/Software/gnatarm/arm-eabi/lib/gnat/ravenscar-sfp-stm32f4/gnarl-common/s-bbcppr.ads:135:4\n0 bytes\n0 dynamic objects" }
}
