graph: { title: "/home/emu/Software/gnatarm/arm-eabi/lib/gnat/ravenscar-sfp-stm32f4/gnarl-common/s-bbthqu.adb"
node: { title: "system__bb__time__update_alarm" label: "Update_Alarm\n/home/emu/Software/gnatarm/arm-eabi/lib/gnat/ravenscar-sfp-stm32f4/gnarl-common/s-bbtime.ads:147:14" shape : ellipse }
node: { title: "system__bb__time__get_next_timeout" label: "Get_Next_Timeout\n/home/emu/Software/gnatarm/arm-eabi/lib/gnat/ravenscar-sfp-stm32f4/gnarl-common/s-bbtime.ads:144:13" shape : ellipse }
node: { title: "system__bb__threads__get_cpu" label: "Get_Cpu\n/home/emu/Software/gnatarm/arm-eabi/lib/gnat/ravenscar-sfp-stm32f4/gnarl-common/s-bbthre.ads:154:13" shape : ellipse }
node: { title: "system__bb__threads__queues__yield" label: "Yield\n/home/emu/Software/gnatarm/arm-eabi/lib/gnat/ravenscar-sfp-stm32f4/gnarl-common/s-bbthqu.adb:383:4\n16 bytes (static)\n0 dynamic objects" }
edge: { sourcename: "system__bb__threads__queues__yield" targetname: "system__bb__threads__get_cpu" label: "/home/emu/Software/gnatarm/arm-eabi/lib/gnat/ravenscar-sfp-stm32f4/gnarl-common/s-bbthqu.adb:386:7" }
node: { title: "system__bb__threads__queues__wakeup_expired_alarms" label: "Wakeup_Expired_Alarms\n/home/emu/Software/gnatarm/arm-eabi/lib/gnat/ravenscar-sfp-stm32f4/gnarl-common/s-bbthqu.adb:347:4\n32 bytes (static)\n0 dynamic objects" }
edge: { sourcename: "system__bb__threads__queues__wakeup_expired_alarms" targetname: "system__bb__time__update_alarm" label: "/home/emu/Software/gnatarm/arm-eabi/lib/gnat/ravenscar-sfp-stm32f4/gnarl-common/s-bbthqu.adb:376:7" }
edge: { sourcename: "system__bb__threads__queues__wakeup_expired_alarms" targetname: "system__bb__time__get_next_timeout" label: "/home/emu/Software/gnatarm/arm-eabi/lib/gnat/ravenscar-sfp-stm32f4/gnarl-common/s-bbthqu.adb:375:18" }
edge: { sourcename: "system__bb__threads__queues__wakeup_expired_alarms" targetname: "system__bb__threads__get_cpu" label: "/home/emu/Software/gnatarm/arm-eabi/lib/gnat/ravenscar-sfp-stm32f4/gnarl-common/s-bbthqu.adb:211:7" }
node: { title: "system__bb__threads__queues__running_thread" label: "Running_Thread\n/home/emu/Software/gnatarm/arm-eabi/lib/gnat/ravenscar-sfp-stm32f4/gnarl-common/s-bbthqu.adb:338:4\n0 bytes\n0 dynamic objects" }
node: { title: "system__bb__threads__queues__insert_alarm" label: "Insert_Alarm\n/home/emu/Software/gnatarm/arm-eabi/lib/gnat/ravenscar-sfp-stm32f4/gnarl-common/s-bbthqu.adb:288:4\n24 bytes (static)\n0 dynamic objects" }
edge: { sourcename: "system__bb__threads__queues__insert_alarm" targetname: "system__bb__threads__get_cpu" label: "/home/emu/Software/gnatarm/arm-eabi/lib/gnat/ravenscar-sfp-stm32f4/gnarl-common/s-bbthqu.adb:293:7" }
node: { title: "system__bb__threads__queues__insert" label: "Insert\n/home/emu/Software/gnatarm/arm-eabi/lib/gnat/ravenscar-sfp-stm32f4/gnarl-common/s-bbthqu.adb:209:4\n8 bytes (static)\n0 dynamic objects" }
edge: { sourcename: "system__bb__threads__queues__insert" targetname: "system__bb__threads__get_cpu" label: "/home/emu/Software/gnatarm/arm-eabi/lib/gnat/ravenscar-sfp-stm32f4/gnarl-common/s-bbthqu.adb:211:7" }
node: { title: "system__bb__threads__queues__get_next_alarm_time" label: "Get_Next_Alarm_Time\n/home/emu/Software/gnatarm/arm-eabi/lib/gnat/ravenscar-sfp-stm32f4/gnarl-common/s-bbthqu.adb:188:4\n0 bytes\n0 dynamic objects" }
node: { title: "system__bb__threads__queues__first_thread" label: "First_Thread\n/home/emu/Software/gnatarm/arm-eabi/lib/gnat/ravenscar-sfp-stm32f4/gnarl-common/s-bbthqu.adb:179:4\n0 bytes\n0 dynamic objects" }
node: { title: "system__bb__threads__queues__extract_first_alarm" label: "Extract_First_Alarm\n/home/emu/Software/gnatarm/arm-eabi/lib/gnat/ravenscar-sfp-stm32f4/gnarl-common/s-bbthqu.adb:160:4\n8 bytes (static)\n0 dynamic objects" }
node: { title: "system__bb__threads__queues__extract" label: "Extract\n/home/emu/Software/gnatarm/arm-eabi/lib/gnat/ravenscar-sfp-stm32f4/gnarl-common/s-bbthqu.adb:144:4\n8 bytes (static)\n0 dynamic objects" }
edge: { sourcename: "system__bb__threads__queues__extract" targetname: "system__bb__threads__get_cpu" label: "/home/emu/Software/gnatarm/arm-eabi/lib/gnat/ravenscar-sfp-stm32f4/gnarl-common/s-bbthqu.adb:145:7" }
node: { title: "system__bb__threads__queues__current_priority" label: "Current_Priority\n/home/emu/Software/gnatarm/arm-eabi/lib/gnat/ravenscar-sfp-stm32f4/gnarl-common/s-bbthqu.adb:128:4\n0 bytes\n0 dynamic objects" }
node: { title: "context_switch_needed" label: "Context_Switch_Needed\n/home/emu/Software/gnatarm/arm-eabi/lib/gnat/ravenscar-sfp-stm32f4/gnarl-common/s-bbthqu.adb:115:4\n0 bytes\n0 dynamic objects" }
node: { title: "system__bb__threads__queues__change_priority" label: "Change_Priority\n/home/emu/Software/gnatarm/arm-eabi/lib/gnat/ravenscar-sfp-stm32f4/gnarl-common/s-bbthqu.adb:56:4\n16 bytes (static)\n0 dynamic objects" }
edge: { sourcename: "system__bb__threads__queues__change_priority" targetname: "system__bb__threads__get_cpu" label: "/home/emu/Software/gnatarm/arm-eabi/lib/gnat/ravenscar-sfp-stm32f4/gnarl-common/s-bbthqu.adb:61:7" }
}
