graph: { title: "/home/becker/async/StratoX.git/runtime/ravenscar-sfp-stm32f427/gnarl-common/s-bbexti.adb"
node: { title: "system__bb__time__epoch" label: "Epoch\n/home/becker/async/StratoX.git/runtime/ravenscar-sfp-stm32f427/gnarl-common/s-bbtime.ads:135:13" shape : ellipse }
node: { title: "system__bb__threads__thread_self" label: "Thread_Self\n/home/becker/async/StratoX.git/runtime/ravenscar-sfp-stm32f427/gnarl-common/s-bbthre.ads:246:13" shape : ellipse }
node: { title: "system__bb__protection__leave_kernel" label: "Leave_Kernel\n/home/becker/async/StratoX.git/runtime/ravenscar-sfp-stm32f427/gnarl-common/s-bbprot.ads:54:14" shape : ellipse }
node: { title: "system__bb__protection__enter_kernel" label: "Enter_Kernel\n/home/becker/async/StratoX.git/runtime/ravenscar-sfp-stm32f427/gnarl-common/s-bbprot.ads:48:14" shape : ellipse }
node: { title: "system__bb__interrupts__current_interrupt" label: "Current_Interrupt\n/home/becker/async/StratoX.git/runtime/ravenscar-sfp-stm32f427/gnarl-common/s-bbinte.ads:76:13" shape : ellipse }
node: { title: "system__bb__time__clock" label: "Clock\n/home/becker/async/StratoX.git/runtime/ravenscar-sfp-stm32f427/gnarl-common/s-bbtime.ads:138:13" shape : ellipse }
node: { title: "system__bb__cpu_primitives__multiprocessors__current_cpu" label: "Current_Cpu\n/home/becker/async/StratoX.git/runtime/ravenscar-sfp-stm32f427/gnarl-common/s-bcprmu.ads:36:13" shape : ellipse }
node: { title: "system__bb__execution_time___elabb" label: "Execution_Time\n/home/becker/async/StratoX.git/runtime/ravenscar-sfp-stm32f427/gnarl-common/s-bbexti.adb:44:1\n16 bytes (static)\n0 dynamic objects" }
edge: { sourcename: "system__bb__execution_time___elabb" targetname: "system__bb__time__epoch" label: "/home/becker/async/StratoX.git/runtime/ravenscar-sfp-stm32f427/gnarl-common/s-bbexti.adb:369:7" }
node: { title: "system__bb__execution_time__to_time" label: "To_Time\n/home/becker/async/StratoX.git/runtime/ravenscar-sfp-stm32f427/gnarl-common/s-bbexti.adb:355:4\n16 bytes (static)\n0 dynamic objects" }
node: { title: "system__bb__execution_time__to_composite_execution_time" label: "To_Composite_Execution_Time\n/home/becker/async/StratoX.git/runtime/ravenscar-sfp-stm32f427/gnarl-common/s-bbexti.adb:344:4\n32 bytes (static)\n0 dynamic objects" }
node: { title: "system__bb__execution_time__thread_clock" label: "Thread_Clock\n/home/becker/async/StratoX.git/runtime/ravenscar-sfp-stm32f427/gnarl-common/s-bbexti.adb:294:4\n40 bytes (static)\n0 dynamic objects" }
edge: { sourcename: "system__bb__execution_time__thread_clock" targetname: "system__bb__execution_time__read_execution_time_atomic" label: "/home/becker/async/StratoX.git/runtime/ravenscar-sfp-stm32f427/gnarl-common/s-bbexti.adb:330:17" }
edge: { sourcename: "system__bb__execution_time__thread_clock" targetname: "system__bb__execution_time__read_execution_time_atomic" label: "/home/becker/async/StratoX.git/runtime/ravenscar-sfp-stm32f427/gnarl-common/s-bbexti.adb:320:14" }
edge: { sourcename: "system__bb__execution_time__thread_clock" targetname: "system__bb__execution_time__elapsed_time" label: "/home/becker/async/StratoX.git/runtime/ravenscar-sfp-stm32f427/gnarl-common/s-bbexti.adb:318:13" }
edge: { sourcename: "system__bb__execution_time__thread_clock" targetname: "system__bb__interrupts__current_interrupt" label: "/home/becker/async/StratoX.git/runtime/ravenscar-sfp-stm32f427/gnarl-common/s-bbexti.adb:315:38" }
edge: { sourcename: "system__bb__execution_time__thread_clock" targetname: "system__bb__threads__thread_self" label: "/home/becker/async/StratoX.git/runtime/ravenscar-sfp-stm32f427/gnarl-common/s-bbexti.adb:314:15" }
edge: { sourcename: "system__bb__execution_time__thread_clock" targetname: "system__bb__execution_time__read_execution_time_atomic" label: "/home/becker/async/StratoX.git/runtime/ravenscar-sfp-stm32f427/gnarl-common/s-bbexti.adb:308:11" }
node: { title: "system__bb__execution_time__scheduling_event" label: "Scheduling_Event\n/home/becker/async/StratoX.git/runtime/ravenscar-sfp-stm32f427/gnarl-common/s-bbexti.adb:236:4\n64 bytes (static)\n0 dynamic objects" }
edge: { sourcename: "system__bb__execution_time__scheduling_event" targetname: "system__bb__execution_time__to_composite_execution_time" label: "/home/becker/async/StratoX.git/runtime/ravenscar-sfp-stm32f427/gnarl-common/s-bbexti.adb:285:40" }
edge: { sourcename: "system__bb__execution_time__scheduling_event" targetname: "system__bb__threads__thread_self" label: "/home/becker/async/StratoX.git/runtime/ravenscar-sfp-stm32f427/gnarl-common/s-bbexti.adb:285:13" }
edge: { sourcename: "system__bb__execution_time__scheduling_event" targetname: "system__bb__execution_time__to_time" label: "/home/becker/async/StratoX.git/runtime/ravenscar-sfp-stm32f427/gnarl-common/s-bbexti.adb:282:15" }
edge: { sourcename: "system__bb__execution_time__scheduling_event" targetname: "system__bb__threads__thread_self" label: "/home/becker/async/StratoX.git/runtime/ravenscar-sfp-stm32f427/gnarl-common/s-bbexti.adb:283:27" }
edge: { sourcename: "system__bb__execution_time__scheduling_event" targetname: "system__bb__threads__thread_self" label: "/home/becker/async/StratoX.git/runtime/ravenscar-sfp-stm32f427/gnarl-common/s-bbexti.adb:282:27" }
edge: { sourcename: "system__bb__execution_time__scheduling_event" targetname: "system__bb__interrupts__current_interrupt" label: "/home/becker/async/StratoX.git/runtime/ravenscar-sfp-stm32f427/gnarl-common/s-bbexti.adb:270:39" }
edge: { sourcename: "system__bb__execution_time__scheduling_event" targetname: "system__bb__interrupts__current_interrupt" label: "/home/becker/async/StratoX.git/runtime/ravenscar-sfp-stm32f427/gnarl-common/s-bbexti.adb:269:37" }
edge: { sourcename: "system__bb__execution_time__scheduling_event" targetname: "system__bb__interrupts__current_interrupt" label: "/home/becker/async/StratoX.git/runtime/ravenscar-sfp-stm32f427/gnarl-common/s-bbexti.adb:261:10" }
edge: { sourcename: "system__bb__execution_time__scheduling_event" targetname: "system__bb__cpu_primitives__multiprocessors__current_cpu" label: "/home/becker/async/StratoX.git/runtime/ravenscar-sfp-stm32f427/gnarl-common/s-bbexti.adb:238:7" }
edge: { sourcename: "system__bb__execution_time__scheduling_event" targetname: "system__bb__time__clock" label: "/home/becker/async/StratoX.git/runtime/ravenscar-sfp-stm32f427/gnarl-common/s-bbexti.adb:237:7" }
node: { title: "system__bb__execution_time__read_execution_time_atomic" label: "Read_Execution_Time_Atomic\n/home/becker/async/StratoX.git/runtime/ravenscar-sfp-stm32f427/gnarl-common/s-bbexti.adb:206:4\n32 bytes (static)\n0 dynamic objects" }
node: { title: "system__bb__execution_time__interrupt_clock" label: "Interrupt_Clock\n/home/becker/async/StratoX.git/runtime/ravenscar-sfp-stm32f427/gnarl-common/s-bbexti.adb:166:4\n24 bytes (static)\n0 dynamic objects" }
edge: { sourcename: "system__bb__execution_time__interrupt_clock" targetname: "system__bb__protection__leave_kernel" label: "/home/becker/async/StratoX.git/runtime/ravenscar-sfp-stm32f427/gnarl-common/s-bbexti.adb:197:27" }
edge: { sourcename: "system__bb__execution_time__interrupt_clock" targetname: "system__bb__execution_time__elapsed_time" label: "/home/becker/async/StratoX.git/runtime/ravenscar-sfp-stm32f427/gnarl-common/s-bbexti.adb:190:27" }
edge: { sourcename: "system__bb__execution_time__interrupt_clock" targetname: "system__bb__interrupts__current_interrupt" label: "/home/becker/async/StratoX.git/runtime/ravenscar-sfp-stm32f427/gnarl-common/s-bbexti.adb:189:30" }
edge: { sourcename: "system__bb__execution_time__interrupt_clock" targetname: "system__bb__protection__enter_kernel" label: "/home/becker/async/StratoX.git/runtime/ravenscar-sfp-stm32f427/gnarl-common/s-bbexti.adb:175:27" }
node: { title: "system__bb__execution_time__global_interrupt_clock" label: "Global_Interrupt_Clock\n/home/becker/async/StratoX.git/runtime/ravenscar-sfp-stm32f427/gnarl-common/s-bbexti.adb:134:4\n24 bytes (static)\n0 dynamic objects" }
edge: { sourcename: "system__bb__execution_time__global_interrupt_clock" targetname: "system__bb__execution_time__elapsed_time" label: "/home/becker/async/StratoX.git/runtime/ravenscar-sfp-stm32f427/gnarl-common/s-bbexti.adb:152:23" }
edge: { sourcename: "system__bb__execution_time__global_interrupt_clock" targetname: "system__bb__interrupts__current_interrupt" label: "/home/becker/async/StratoX.git/runtime/ravenscar-sfp-stm32f427/gnarl-common/s-bbexti.adb:151:30" }
node: { title: "system__bb__execution_time__elapsed_time" label: "Elapsed_Time\n/home/becker/async/StratoX.git/runtime/ravenscar-sfp-stm32f427/gnarl-common/s-bbexti.adb:116:4\n24 bytes (static)\n0 dynamic objects" }
edge: { sourcename: "system__bb__execution_time__elapsed_time" targetname: "system__bb__time__clock" label: "/home/becker/async/StratoX.git/runtime/ravenscar-sfp-stm32f427/gnarl-common/s-bbexti.adb:123:7" }
edge: { sourcename: "system__bb__execution_time__elapsed_time" targetname: "system__bb__cpu_primitives__multiprocessors__current_cpu" label: "/home/becker/async/StratoX.git/runtime/ravenscar-sfp-stm32f427/gnarl-common/s-bbexti.adb:117:7" }
node: { title: "system__bb__execution_time__disable_execution_time" label: "Disable_Execution_Time\n/home/becker/async/StratoX.git/runtime/ravenscar-sfp-stm32f427/gnarl-common/s-bbexti.adb:106:4\n16 bytes (static)\n0 dynamic objects" }
edge: { sourcename: "system__bb__execution_time__disable_execution_time" targetname: "system__bb__cpu_primitives__multiprocessors__current_cpu" label: "/home/becker/async/StratoX.git/runtime/ravenscar-sfp-stm32f427/gnarl-common/s-bbexti.adb:107:7" }
node: { title: "system__bb__execution_time__Tcpu_clockBIP" label: "Tcpu_Clockbip\n/home/becker/async/StratoX.git/runtime/ravenscar-sfp-stm32f427/gnarl-common/s-bbexti.adb:61:4\n16 bytes (static)\n0 dynamic objects" }
}
