graph: { title: "/home/emu/Software/gnatarm/arm-eabi/lib/gnat/ravenscar-sfp-stm32f4/common/s-fatflt.ads"
node: { title: "/home/emu/Software/gnatarm/arm-eabi/lib/gnat/ravenscar-sfp-stm32f4/common/s-fatflt.ads:system__fat_flt__attr_float__scaling.part.0" label: "Part\n/home/emu/Software/gnatarm/arm-eabi/lib/gnat/ravenscar-sfp-stm32f4/common/s-fatgen.adb:580:4\n8 bytes (static)\n0 dynamic objects" }
node: { title: "__gnat_last_chance_handler" label: "gnat_last_chance_handler\n<built-in>" shape : ellipse }
node: { title: "system__fat_flt___elabs" label: "Fat_Flt\n/home/emu/Software/gnatarm/arm-eabi/lib/gnat/ravenscar-sfp-stm32f4/common/s-fatflt.ads:37:1\n0 bytes\n0 dynamic objects" }
node: { title: "system__fat_flt__attr_float__valid" label: "Valid\n/home/emu/Software/gnatarm/arm-eabi/lib/gnat/ravenscar-sfp-stm32f4/common/s-fatgen.adb:802:4\n8 bytes (static)\n0 dynamic objects" }
node: { title: "system__fat_flt__attr_float__unbiased_rounding" label: "Unbiased_Rounding\n/home/emu/Software/gnatarm/arm-eabi/lib/gnat/ravenscar-sfp-stm32f4/common/s-fatgen.adb:769:4\n16 bytes (static)\n0 dynamic objects" }
edge: { sourcename: "system__fat_flt__attr_float__unbiased_rounding" targetname: "system__fat_flt__attr_float__truncation" label: "/home/emu/Software/gnatarm/arm-eabi/lib/gnat/ravenscar-sfp-stm32f4/common/s-fatgen.adb:782:26" }
edge: { sourcename: "system__fat_flt__attr_float__unbiased_rounding" targetname: "system__fat_flt__attr_float__truncation" label: "/home/emu/Software/gnatarm/arm-eabi/lib/gnat/ravenscar-sfp-stm32f4/common/s-fatgen.adb:775:14" }
node: { title: "system__fat_flt__attr_float__truncation" label: "Truncation\n/home/emu/Software/gnatarm/arm-eabi/lib/gnat/ravenscar-sfp-stm32f4/common/s-fatgen.adb:735:4\n8 bytes (static)\n0 dynamic objects" }
node: { title: "system__fat_flt__attr_float__succ" label: "Succ\n/home/emu/Software/gnatarm/arm-eabi/lib/gnat/ravenscar-sfp-stm32f4/common/s-fatgen.adb:647:4\n24 bytes (static)\n0 dynamic objects" }
edge: { sourcename: "system__fat_flt__attr_float__succ" targetname: "system__fat_flt__attr_float__gradual_scaling" label: "/home/emu/Software/gnatarm/arm-eabi/lib/gnat/ravenscar-sfp-stm32f4/common/s-fatgen.adb:711:24" }
edge: { sourcename: "system__fat_flt__attr_float__succ" targetname: "system__fat_flt__attr_float__gradual_scaling" label: "/home/emu/Software/gnatarm/arm-eabi/lib/gnat/ravenscar-sfp-stm32f4/common/s-fatgen.adb:706:24" }
edge: { sourcename: "system__fat_flt__attr_float__succ" targetname: "system__fat_flt__attr_float__decompose" label: "/home/emu/Software/gnatarm/arm-eabi/lib/gnat/ravenscar-sfp-stm32f4/common/s-fatgen.adb:695:10" }
node: { title: "system__fat_flt__attr_float__scaling" label: "Scaling\n/home/emu/Software/gnatarm/arm-eabi/lib/gnat/ravenscar-sfp-stm32f4/common/s-fatgen.adb:580:4\n0 bytes\n0 dynamic objects" }
edge: { sourcename: "system__fat_flt__attr_float__scaling" targetname: "/home/emu/Software/gnatarm/arm-eabi/lib/gnat/ravenscar-sfp-stm32f4/common/s-fatflt.ads:system__fat_flt__attr_float__scaling.part.0" }
node: { title: "system__fat_flt__attr_float__rounding" label: "Rounding\n/home/emu/Software/gnatarm/arm-eabi/lib/gnat/ravenscar-sfp-stm32f4/common/s-fatgen.adb:548:4\n16 bytes (static)\n0 dynamic objects" }
edge: { sourcename: "system__fat_flt__attr_float__rounding" targetname: "system__fat_flt__attr_float__truncation" label: "/home/emu/Software/gnatarm/arm-eabi/lib/gnat/ravenscar-sfp-stm32f4/common/s-fatgen.adb:553:14" }
node: { title: "system__fat_flt__attr_float__remainder" label: "Remainder\n/home/emu/Software/gnatarm/arm-eabi/lib/gnat/ravenscar-sfp-stm32f4/common/s-fatgen.adb:466:4\n40 bytes (static)\n0 dynamic objects" }
edge: { sourcename: "system__fat_flt__attr_float__remainder" targetname: "system__fat_flt__attr_float__compose" label: "/home/emu/Software/gnatarm/arm-eabi/lib/gnat/ravenscar-sfp-stm32f4/common/s-fatgen.adb:506:12" }
edge: { sourcename: "system__fat_flt__attr_float__remainder" targetname: "system__fat_flt__attr_float__decompose" label: "/home/emu/Software/gnatarm/arm-eabi/lib/gnat/ravenscar-sfp-stm32f4/common/s-fatgen.adb:504:10" }
edge: { sourcename: "system__fat_flt__attr_float__remainder" targetname: "system__fat_flt__attr_float__decompose" label: "/home/emu/Software/gnatarm/arm-eabi/lib/gnat/ravenscar-sfp-stm32f4/common/s-fatgen.adb:503:10" }
edge: { sourcename: "system__fat_flt__attr_float__remainder" targetname: "system__fat_flt__attr_float__decompose" label: "/home/emu/Software/gnatarm/arm-eabi/lib/gnat/ravenscar-sfp-stm32f4/common/s-fatgen.adb:251:7" }
edge: { sourcename: "system__fat_flt__attr_float__remainder" targetname: "__gnat_last_chance_handler" label: "/home/emu/Software/gnatarm/arm-eabi/lib/gnat/ravenscar-sfp-stm32f4/common/s-fatgen.adb:484:10" }
node: { title: "system__fat_flt__attr_float__pred" label: "Pred\n/home/emu/Software/gnatarm/arm-eabi/lib/gnat/ravenscar-sfp-stm32f4/common/s-fatgen.adb:404:4\n24 bytes (static)\n0 dynamic objects" }
edge: { sourcename: "system__fat_flt__attr_float__pred" targetname: "system__fat_flt__attr_float__gradual_scaling" label: "/home/emu/Software/gnatarm/arm-eabi/lib/gnat/ravenscar-sfp-stm32f4/common/s-fatgen.adb:457:24" }
edge: { sourcename: "system__fat_flt__attr_float__pred" targetname: "system__fat_flt__attr_float__gradual_scaling" label: "/home/emu/Software/gnatarm/arm-eabi/lib/gnat/ravenscar-sfp-stm32f4/common/s-fatgen.adb:452:24" }
edge: { sourcename: "system__fat_flt__attr_float__pred" targetname: "system__fat_flt__attr_float__decompose" label: "/home/emu/Software/gnatarm/arm-eabi/lib/gnat/ravenscar-sfp-stm32f4/common/s-fatgen.adb:441:10" }
edge: { sourcename: "system__fat_flt__attr_float__pred" targetname: "system__fat_flt__attr_float__succ" label: "/home/emu/Software/gnatarm/arm-eabi/lib/gnat/ravenscar-sfp-stm32f4/common/s-fatgen.adb:412:18" }
node: { title: "system__fat_flt__attr_float__model" label: "Model\n/home/emu/Software/gnatarm/arm-eabi/lib/gnat/ravenscar-sfp-stm32f4/common/s-fatgen.adb:395:4\n8 bytes (static)\n0 dynamic objects" }
node: { title: "system__fat_flt__attr_float__machine_rounding" label: "Machine_Rounding\n/home/emu/Software/gnatarm/arm-eabi/lib/gnat/ravenscar-sfp-stm32f4/common/s-fatgen.adb:363:4\n16 bytes (static)\n0 dynamic objects" }
edge: { sourcename: "system__fat_flt__attr_float__machine_rounding" targetname: "system__fat_flt__attr_float__truncation" label: "/home/emu/Software/gnatarm/arm-eabi/lib/gnat/ravenscar-sfp-stm32f4/common/s-fatgen.adb:368:14" }
node: { title: "system__fat_flt__attr_float__machine" label: "Machine\n/home/emu/Software/gnatarm/arm-eabi/lib/gnat/ravenscar-sfp-stm32f4/common/s-fatgen.adb:348:4\n8 bytes (static)\n0 dynamic objects" }
node: { title: "system__fat_flt__attr_float__leading_part" label: "Leading_Part\n/home/emu/Software/gnatarm/arm-eabi/lib/gnat/ravenscar-sfp-stm32f4/common/s-fatgen.adb:320:4\n24 bytes (static)\n0 dynamic objects" }
edge: { sourcename: "system__fat_flt__attr_float__leading_part" targetname: "/home/emu/Software/gnatarm/arm-eabi/lib/gnat/ravenscar-sfp-stm32f4/common/s-fatflt.ads:system__fat_flt__attr_float__scaling.part.0" }
edge: { sourcename: "system__fat_flt__attr_float__leading_part" targetname: "system__fat_flt__attr_float__truncation" label: "/home/emu/Software/gnatarm/arm-eabi/lib/gnat/ravenscar-sfp-stm32f4/common/s-fatgen.adb:333:12" }
edge: { sourcename: "system__fat_flt__attr_float__leading_part" targetname: "/home/emu/Software/gnatarm/arm-eabi/lib/gnat/ravenscar-sfp-stm32f4/common/s-fatflt.ads:system__fat_flt__attr_float__scaling.part.0" }
edge: { sourcename: "system__fat_flt__attr_float__leading_part" targetname: "system__fat_flt__attr_float__decompose" label: "/home/emu/Software/gnatarm/arm-eabi/lib/gnat/ravenscar-sfp-stm32f4/common/s-fatgen.adb:251:7" }
edge: { sourcename: "system__fat_flt__attr_float__leading_part" targetname: "__gnat_last_chance_handler" label: "/home/emu/Software/gnatarm/arm-eabi/lib/gnat/ravenscar-sfp-stm32f4/common/s-fatgen.adb:329:10" }
node: { title: "system__fat_flt__attr_float__gradual_scaling" label: "Gradual_Scaling\n/home/emu/Software/gnatarm/arm-eabi/lib/gnat/ravenscar-sfp-stm32f4/common/s-fatgen.adb:288:4\n0 bytes\n0 dynamic objects" }
edge: { sourcename: "system__fat_flt__attr_float__gradual_scaling" targetname: "/home/emu/Software/gnatarm/arm-eabi/lib/gnat/ravenscar-sfp-stm32f4/common/s-fatflt.ads:system__fat_flt__attr_float__scaling.part.0" }
node: { title: "system__fat_flt__attr_float__fraction" label: "Fraction\n/home/emu/Software/gnatarm/arm-eabi/lib/gnat/ravenscar-sfp-stm32f4/common/s-fatgen.adb:275:4\n16 bytes (static)\n0 dynamic objects" }
edge: { sourcename: "system__fat_flt__attr_float__fraction" targetname: "system__fat_flt__attr_float__decompose" label: "/home/emu/Software/gnatarm/arm-eabi/lib/gnat/ravenscar-sfp-stm32f4/common/s-fatgen.adb:280:7" }
node: { title: "system__fat_flt__attr_float__floor" label: "Floor\n/home/emu/Software/gnatarm/arm-eabi/lib/gnat/ravenscar-sfp-stm32f4/common/s-fatgen.adb:259:4\n16 bytes (static)\n0 dynamic objects" }
edge: { sourcename: "system__fat_flt__attr_float__floor" targetname: "system__fat_flt__attr_float__truncation" label: "/home/emu/Software/gnatarm/arm-eabi/lib/gnat/ravenscar-sfp-stm32f4/common/s-fatgen.adb:260:7" }
node: { title: "system__fat_flt__attr_float__exponent" label: "Exponent\n/home/emu/Software/gnatarm/arm-eabi/lib/gnat/ravenscar-sfp-stm32f4/common/s-fatgen.adb:246:4\n16 bytes (static)\n0 dynamic objects" }
edge: { sourcename: "system__fat_flt__attr_float__exponent" targetname: "system__fat_flt__attr_float__decompose" label: "/home/emu/Software/gnatarm/arm-eabi/lib/gnat/ravenscar-sfp-stm32f4/common/s-fatgen.adb:251:7" }
node: { title: "system__fat_flt__attr_float__decompose" label: "Decompose\n/home/emu/Software/gnatarm/arm-eabi/lib/gnat/ravenscar-sfp-stm32f4/common/s-fatgen.adb:160:4\n12 bytes (static)\n0 dynamic objects" }
node: { title: "system__fat_flt__attr_float__copy_sign" label: "Copy_Sign\n/home/emu/Software/gnatarm/arm-eabi/lib/gnat/ravenscar-sfp-stm32f4/common/s-fatgen.adb:140:4\n0 bytes\n0 dynamic objects" }
node: { title: "system__fat_flt__attr_float__compose" label: "Compose\n/home/emu/Software/gnatarm/arm-eabi/lib/gnat/ravenscar-sfp-stm32f4/common/s-fatgen.adb:127:4\n16 bytes (static)\n0 dynamic objects" }
edge: { sourcename: "system__fat_flt__attr_float__compose" targetname: "/home/emu/Software/gnatarm/arm-eabi/lib/gnat/ravenscar-sfp-stm32f4/common/s-fatflt.ads:system__fat_flt__attr_float__scaling.part.0" }
edge: { sourcename: "system__fat_flt__attr_float__compose" targetname: "system__fat_flt__attr_float__decompose" label: "/home/emu/Software/gnatarm/arm-eabi/lib/gnat/ravenscar-sfp-stm32f4/common/s-fatgen.adb:132:7" }
node: { title: "system__fat_flt__attr_float__ceiling" label: "Ceiling\n/home/emu/Software/gnatarm/arm-eabi/lib/gnat/ravenscar-sfp-stm32f4/common/s-fatgen.adb:111:4\n16 bytes (static)\n0 dynamic objects" }
edge: { sourcename: "system__fat_flt__attr_float__ceiling" targetname: "system__fat_flt__attr_float__truncation" label: "/home/emu/Software/gnatarm/arm-eabi/lib/gnat/ravenscar-sfp-stm32f4/common/s-fatgen.adb:112:7" }
node: { title: "system__fat_flt__attr_float__adjacent" label: "Adjacent\n/home/emu/Software/gnatarm/arm-eabi/lib/gnat/ravenscar-sfp-stm32f4/common/s-fatgen.adb:96:4\n0 bytes\n0 dynamic objects" }
edge: { sourcename: "system__fat_flt__attr_float__adjacent" targetname: "system__fat_flt__attr_float__pred" label: "/home/emu/Software/gnatarm/arm-eabi/lib/gnat/ravenscar-sfp-stm32f4/common/s-fatgen.adb:103:10" }
edge: { sourcename: "system__fat_flt__attr_float__adjacent" targetname: "system__fat_flt__attr_float__succ" label: "/home/emu/Software/gnatarm/arm-eabi/lib/gnat/ravenscar-sfp-stm32f4/common/s-fatgen.adb:101:10" }
}
