graph: { title: "/home/emu/Software/gnatarm/arm-eabi/lib/gnat/ravenscar-sfp-stm32f4/common/s-fatlfl.ads"
node: { title: "__aeabi_dadd" label: "aeabi_dadd\n<built-in>" shape : ellipse }
node: { title: "__aeabi_dsub" label: "aeabi_dsub\n<built-in>" shape : ellipse }
node: { title: "__aeabi_dcmpge" label: "aeabi_dcmpge\n<built-in>" shape : ellipse }
node: { title: "__aeabi_dcmpgt" label: "aeabi_dcmpgt\n<built-in>" shape : ellipse }
node: { title: "__aeabi_dcmpeq" label: "aeabi_dcmpeq\n<built-in>" shape : ellipse }
node: { title: "__aeabi_d2f" label: "aeabi_d2f\n<built-in>" shape : ellipse }
node: { title: "__aeabi_dcmple" label: "aeabi_dcmple\n<built-in>" shape : ellipse }
node: { title: "__aeabi_dcmpun" label: "aeabi_dcmpun\n<built-in>" shape : ellipse }
node: { title: "__aeabi_dcmplt" label: "aeabi_dcmplt\n<built-in>" shape : ellipse }
node: { title: "__aeabi_dmul" label: "aeabi_dmul\n<built-in>" shape : ellipse }
node: { title: "/home/emu/Software/gnatarm/arm-eabi/lib/gnat/ravenscar-sfp-stm32f4/common/s-fatlfl.ads:system__fat_lflt__attr_long_float__scaling.part.0" label: "Part\n/home/emu/Software/gnatarm/arm-eabi/lib/gnat/ravenscar-sfp-stm32f4/common/s-fatgen.adb:580:4\n24 bytes (static)\n0 dynamic objects" }
edge: { sourcename: "/home/emu/Software/gnatarm/arm-eabi/lib/gnat/ravenscar-sfp-stm32f4/common/s-fatlfl.ads:system__fat_lflt__attr_long_float__scaling.part.0" targetname: "__aeabi_dmul" label: "/home/emu/Software/gnatarm/arm-eabi/lib/gnat/ravenscar-sfp-stm32f4/common/s-fatgen.adb:627:21" }
edge: { sourcename: "/home/emu/Software/gnatarm/arm-eabi/lib/gnat/ravenscar-sfp-stm32f4/common/s-fatlfl.ads:system__fat_lflt__attr_long_float__scaling.part.0" targetname: "__aeabi_dmul" label: "/home/emu/Software/gnatarm/arm-eabi/lib/gnat/ravenscar-sfp-stm32f4/common/s-fatgen.adb:619:18" }
edge: { sourcename: "/home/emu/Software/gnatarm/arm-eabi/lib/gnat/ravenscar-sfp-stm32f4/common/s-fatlfl.ads:system__fat_lflt__attr_long_float__scaling.part.0" targetname: "__aeabi_dmul" label: "/home/emu/Software/gnatarm/arm-eabi/lib/gnat/ravenscar-sfp-stm32f4/common/s-fatgen.adb:605:21" }
edge: { sourcename: "/home/emu/Software/gnatarm/arm-eabi/lib/gnat/ravenscar-sfp-stm32f4/common/s-fatlfl.ads:system__fat_lflt__attr_long_float__scaling.part.0" targetname: "__aeabi_dmul" label: "/home/emu/Software/gnatarm/arm-eabi/lib/gnat/ravenscar-sfp-stm32f4/common/s-fatgen.adb:597:18" }
node: { title: "__gnat_last_chance_handler" label: "gnat_last_chance_handler\n<built-in>" shape : ellipse }
node: { title: "system__fat_lflt___elabs" label: "Fat_Lflt\n/home/emu/Software/gnatarm/arm-eabi/lib/gnat/ravenscar-sfp-stm32f4/common/s-fatlfl.ads:37:1\n0 bytes\n0 dynamic objects" }
node: { title: "system__fat_lflt__attr_long_float__valid" label: "Valid\n/home/emu/Software/gnatarm/arm-eabi/lib/gnat/ravenscar-sfp-stm32f4/common/s-fatgen.adb:802:4\n16 bytes (static)\n0 dynamic objects" }
edge: { sourcename: "system__fat_lflt__attr_long_float__valid" targetname: "__aeabi_dcmpeq" label: "/home/emu/Software/gnatarm/arm-eabi/lib/gnat/ravenscar-sfp-stm32f4/common/s-fatgen.adb:928:58" }
node: { title: "system__fat_lflt__attr_long_float__unbiased_rounding" label: "Unbiased_Rounding\n/home/emu/Software/gnatarm/arm-eabi/lib/gnat/ravenscar-sfp-stm32f4/common/s-fatgen.adb:769:4\n32 bytes (static)\n0 dynamic objects" }
edge: { sourcename: "system__fat_lflt__attr_long_float__unbiased_rounding" targetname: "__aeabi_dcmplt" label: "/home/emu/Software/gnatarm/arm-eabi/lib/gnat/ravenscar-sfp-stm32f4/common/s-fatgen.adb:769:4" }
edge: { sourcename: "system__fat_lflt__attr_long_float__unbiased_rounding" targetname: "__aeabi_dcmpgt" label: "/home/emu/Software/gnatarm/arm-eabi/lib/gnat/ravenscar-sfp-stm32f4/common/s-fatgen.adb:769:4" }
edge: { sourcename: "system__fat_lflt__attr_long_float__unbiased_rounding" targetname: "__aeabi_dadd" label: "/home/emu/Software/gnatarm/arm-eabi/lib/gnat/ravenscar-sfp-stm32f4/common/s-fatgen.adb:782:17" }
edge: { sourcename: "system__fat_lflt__attr_long_float__unbiased_rounding" targetname: "__aeabi_dadd" label: "/home/emu/Software/gnatarm/arm-eabi/lib/gnat/ravenscar-sfp-stm32f4/common/s-fatgen.adb:782:26" }
edge: { sourcename: "system__fat_lflt__attr_long_float__unbiased_rounding" targetname: "__aeabi_dmul" label: "/home/emu/Software/gnatarm/arm-eabi/lib/gnat/ravenscar-sfp-stm32f4/common/s-fatgen.adb:782:26" }
edge: { sourcename: "system__fat_lflt__attr_long_float__unbiased_rounding" targetname: "system__fat_lflt__attr_long_float__truncation" label: "/home/emu/Software/gnatarm/arm-eabi/lib/gnat/ravenscar-sfp-stm32f4/common/s-fatgen.adb:782:26" }
edge: { sourcename: "system__fat_lflt__attr_long_float__unbiased_rounding" targetname: "__aeabi_dcmpeq" label: "/home/emu/Software/gnatarm/arm-eabi/lib/gnat/ravenscar-sfp-stm32f4/common/s-fatgen.adb:769:4" }
edge: { sourcename: "system__fat_lflt__attr_long_float__unbiased_rounding" targetname: "__aeabi_dadd" label: "/home/emu/Software/gnatarm/arm-eabi/lib/gnat/ravenscar-sfp-stm32f4/common/s-fatgen.adb:779:17" }
edge: { sourcename: "system__fat_lflt__attr_long_float__unbiased_rounding" targetname: "__aeabi_dcmpgt" label: "/home/emu/Software/gnatarm/arm-eabi/lib/gnat/ravenscar-sfp-stm32f4/common/s-fatgen.adb:769:4" }
edge: { sourcename: "system__fat_lflt__attr_long_float__unbiased_rounding" targetname: "__aeabi_dsub" label: "/home/emu/Software/gnatarm/arm-eabi/lib/gnat/ravenscar-sfp-stm32f4/common/s-fatgen.adb:776:14" }
edge: { sourcename: "system__fat_lflt__attr_long_float__unbiased_rounding" targetname: "system__fat_lflt__attr_long_float__truncation" label: "/home/emu/Software/gnatarm/arm-eabi/lib/gnat/ravenscar-sfp-stm32f4/common/s-fatgen.adb:775:14" }
node: { title: "system__fat_lflt__attr_long_float__truncation" label: "Truncation\n/home/emu/Software/gnatarm/arm-eabi/lib/gnat/ravenscar-sfp-stm32f4/common/s-fatgen.adb:735:4\n48 bytes (static)\n0 dynamic objects" }
edge: { sourcename: "system__fat_lflt__attr_long_float__truncation" targetname: "__aeabi_dcmplt" label: "/home/emu/Software/gnatarm/arm-eabi/lib/gnat/ravenscar-sfp-stm32f4/common/s-fatgen.adb:735:4" }
edge: { sourcename: "system__fat_lflt__attr_long_float__truncation" targetname: "__aeabi_dcmpgt" label: "/home/emu/Software/gnatarm/arm-eabi/lib/gnat/ravenscar-sfp-stm32f4/common/s-fatgen.adb:735:4" }
edge: { sourcename: "system__fat_lflt__attr_long_float__truncation" targetname: "__aeabi_dsub" label: "/home/emu/Software/gnatarm/arm-eabi/lib/gnat/ravenscar-sfp-stm32f4/common/s-fatgen.adb:748:20" }
edge: { sourcename: "system__fat_lflt__attr_long_float__truncation" targetname: "__aeabi_dcmplt" label: "/home/emu/Software/gnatarm/arm-eabi/lib/gnat/ravenscar-sfp-stm32f4/common/s-fatgen.adb:735:4" }
edge: { sourcename: "system__fat_lflt__attr_long_float__truncation" targetname: "__aeabi_dsub" label: "/home/emu/Software/gnatarm/arm-eabi/lib/gnat/ravenscar-sfp-stm32f4/common/s-fatgen.adb:745:17" }
edge: { sourcename: "system__fat_lflt__attr_long_float__truncation" targetname: "__aeabi_dadd" label: "/home/emu/Software/gnatarm/arm-eabi/lib/gnat/ravenscar-sfp-stm32f4/common/s-fatgen.adb:745:48" }
edge: { sourcename: "system__fat_lflt__attr_long_float__truncation" targetname: "__aeabi_dcmpge" label: "/home/emu/Software/gnatarm/arm-eabi/lib/gnat/ravenscar-sfp-stm32f4/common/s-fatgen.adb:735:4" }
node: { title: "system__fat_lflt__attr_long_float__succ" label: "Succ\n/home/emu/Software/gnatarm/arm-eabi/lib/gnat/ravenscar-sfp-stm32f4/common/s-fatgen.adb:647:4\n32 bytes (static)\n0 dynamic objects" }
edge: { sourcename: "system__fat_lflt__attr_long_float__succ" targetname: "__aeabi_dadd" label: "/home/emu/Software/gnatarm/arm-eabi/lib/gnat/ravenscar-sfp-stm32f4/common/s-fatgen.adb:711:13" }
edge: { sourcename: "system__fat_lflt__attr_long_float__succ" targetname: "system__fat_lflt__attr_long_float__gradual_scaling" label: "/home/emu/Software/gnatarm/arm-eabi/lib/gnat/ravenscar-sfp-stm32f4/common/s-fatgen.adb:711:24" }
edge: { sourcename: "system__fat_lflt__attr_long_float__succ" targetname: "__aeabi_dadd" label: "/home/emu/Software/gnatarm/arm-eabi/lib/gnat/ravenscar-sfp-stm32f4/common/s-fatgen.adb:706:13" }
edge: { sourcename: "system__fat_lflt__attr_long_float__succ" targetname: "system__fat_lflt__attr_long_float__gradual_scaling" label: "/home/emu/Software/gnatarm/arm-eabi/lib/gnat/ravenscar-sfp-stm32f4/common/s-fatgen.adb:706:24" }
edge: { sourcename: "system__fat_lflt__attr_long_float__succ" targetname: "__aeabi_dcmpeq" label: "/home/emu/Software/gnatarm/arm-eabi/lib/gnat/ravenscar-sfp-stm32f4/common/s-fatgen.adb:647:4" }
edge: { sourcename: "system__fat_lflt__attr_long_float__succ" targetname: "system__fat_lflt__attr_long_float__decompose" label: "/home/emu/Software/gnatarm/arm-eabi/lib/gnat/ravenscar-sfp-stm32f4/common/s-fatgen.adb:695:10" }
edge: { sourcename: "system__fat_lflt__attr_long_float__succ" targetname: "__aeabi_dcmpgt" label: "/home/emu/Software/gnatarm/arm-eabi/lib/gnat/ravenscar-sfp-stm32f4/common/s-fatgen.adb:647:4" }
edge: { sourcename: "system__fat_lflt__attr_long_float__succ" targetname: "__aeabi_dcmplt" label: "/home/emu/Software/gnatarm/arm-eabi/lib/gnat/ravenscar-sfp-stm32f4/common/s-fatgen.adb:647:4" }
edge: { sourcename: "system__fat_lflt__attr_long_float__succ" targetname: "__aeabi_dcmpeq" label: "/home/emu/Software/gnatarm/arm-eabi/lib/gnat/ravenscar-sfp-stm32f4/common/s-fatgen.adb:647:4" }
edge: { sourcename: "system__fat_lflt__attr_long_float__succ" targetname: "__aeabi_dmul" label: "/home/emu/Software/gnatarm/arm-eabi/lib/gnat/ravenscar-sfp-stm32f4/common/s-fatgen.adb:661:16" }
edge: { sourcename: "system__fat_lflt__attr_long_float__succ" targetname: "__aeabi_dcmpeq" label: "/home/emu/Software/gnatarm/arm-eabi/lib/gnat/ravenscar-sfp-stm32f4/common/s-fatgen.adb:647:4" }
node: { title: "system__fat_lflt__attr_long_float__scaling" label: "Scaling\n/home/emu/Software/gnatarm/arm-eabi/lib/gnat/ravenscar-sfp-stm32f4/common/s-fatgen.adb:580:4\n16 bytes (static)\n0 dynamic objects" }
edge: { sourcename: "system__fat_lflt__attr_long_float__scaling" targetname: "/home/emu/Software/gnatarm/arm-eabi/lib/gnat/ravenscar-sfp-stm32f4/common/s-fatlfl.ads:system__fat_lflt__attr_long_float__scaling.part.0" }
edge: { sourcename: "system__fat_lflt__attr_long_float__scaling" targetname: "__aeabi_dcmpeq" label: "/home/emu/Software/gnatarm/arm-eabi/lib/gnat/ravenscar-sfp-stm32f4/common/s-fatgen.adb:580:4" }
node: { title: "system__fat_lflt__attr_long_float__rounding" label: "Rounding\n/home/emu/Software/gnatarm/arm-eabi/lib/gnat/ravenscar-sfp-stm32f4/common/s-fatgen.adb:548:4\n32 bytes (static)\n0 dynamic objects" }
edge: { sourcename: "system__fat_lflt__attr_long_float__rounding" targetname: "__aeabi_dcmplt" label: "/home/emu/Software/gnatarm/arm-eabi/lib/gnat/ravenscar-sfp-stm32f4/common/s-fatgen.adb:548:4" }
edge: { sourcename: "system__fat_lflt__attr_long_float__rounding" targetname: "__aeabi_dcmpgt" label: "/home/emu/Software/gnatarm/arm-eabi/lib/gnat/ravenscar-sfp-stm32f4/common/s-fatgen.adb:548:4" }
edge: { sourcename: "system__fat_lflt__attr_long_float__rounding" targetname: "__aeabi_dadd" label: "/home/emu/Software/gnatarm/arm-eabi/lib/gnat/ravenscar-sfp-stm32f4/common/s-fatgen.adb:557:17" }
edge: { sourcename: "system__fat_lflt__attr_long_float__rounding" targetname: "__aeabi_dcmpge" label: "/home/emu/Software/gnatarm/arm-eabi/lib/gnat/ravenscar-sfp-stm32f4/common/s-fatgen.adb:548:4" }
edge: { sourcename: "system__fat_lflt__attr_long_float__rounding" targetname: "__aeabi_dsub" label: "/home/emu/Software/gnatarm/arm-eabi/lib/gnat/ravenscar-sfp-stm32f4/common/s-fatgen.adb:548:4" }
edge: { sourcename: "system__fat_lflt__attr_long_float__rounding" targetname: "system__fat_lflt__attr_long_float__truncation" label: "/home/emu/Software/gnatarm/arm-eabi/lib/gnat/ravenscar-sfp-stm32f4/common/s-fatgen.adb:553:14" }
node: { title: "system__fat_lflt__attr_long_float__remainder" label: "Remainder\n/home/emu/Software/gnatarm/arm-eabi/lib/gnat/ravenscar-sfp-stm32f4/common/s-fatgen.adb:466:4\n72 bytes (static)\n0 dynamic objects" }
edge: { sourcename: "system__fat_lflt__attr_long_float__remainder" targetname: "__aeabi_dmul" label: "/home/emu/Software/gnatarm/arm-eabi/lib/gnat/ravenscar-sfp-stm32f4/common/s-fatgen.adb:541:7" }
edge: { sourcename: "system__fat_lflt__attr_long_float__remainder" targetname: "__aeabi_dsub" label: "/home/emu/Software/gnatarm/arm-eabi/lib/gnat/ravenscar-sfp-stm32f4/common/s-fatgen.adb:538:19" }
edge: { sourcename: "system__fat_lflt__attr_long_float__remainder" targetname: "__aeabi_dcmpeq" label: "/home/emu/Software/gnatarm/arm-eabi/lib/gnat/ravenscar-sfp-stm32f4/common/s-fatgen.adb:466:4" }
edge: { sourcename: "system__fat_lflt__attr_long_float__remainder" targetname: "__aeabi_dcmpgt" label: "/home/emu/Software/gnatarm/arm-eabi/lib/gnat/ravenscar-sfp-stm32f4/common/s-fatgen.adb:466:4" }
edge: { sourcename: "system__fat_lflt__attr_long_float__remainder" targetname: "__aeabi_dadd" label: "/home/emu/Software/gnatarm/arm-eabi/lib/gnat/ravenscar-sfp-stm32f4/common/s-fatgen.adb:533:12" }
edge: { sourcename: "system__fat_lflt__attr_long_float__remainder" targetname: "__aeabi_dmul" label: "/home/emu/Software/gnatarm/arm-eabi/lib/gnat/ravenscar-sfp-stm32f4/common/s-fatgen.adb:530:12" }
edge: { sourcename: "system__fat_lflt__attr_long_float__remainder" targetname: "__aeabi_dmul" label: "/home/emu/Software/gnatarm/arm-eabi/lib/gnat/ravenscar-sfp-stm32f4/common/s-fatgen.adb:519:15" }
edge: { sourcename: "system__fat_lflt__attr_long_float__remainder" targetname: "__aeabi_dsub" label: "/home/emu/Software/gnatarm/arm-eabi/lib/gnat/ravenscar-sfp-stm32f4/common/s-fatgen.adb:514:25" }
edge: { sourcename: "system__fat_lflt__attr_long_float__remainder" targetname: "__aeabi_dcmple" label: "/home/emu/Software/gnatarm/arm-eabi/lib/gnat/ravenscar-sfp-stm32f4/common/s-fatgen.adb:466:4" }
edge: { sourcename: "system__fat_lflt__attr_long_float__remainder" targetname: "system__fat_lflt__attr_long_float__compose" label: "/home/emu/Software/gnatarm/arm-eabi/lib/gnat/ravenscar-sfp-stm32f4/common/s-fatgen.adb:506:12" }
edge: { sourcename: "system__fat_lflt__attr_long_float__remainder" targetname: "system__fat_lflt__attr_long_float__decompose" label: "/home/emu/Software/gnatarm/arm-eabi/lib/gnat/ravenscar-sfp-stm32f4/common/s-fatgen.adb:504:10" }
edge: { sourcename: "system__fat_lflt__attr_long_float__remainder" targetname: "system__fat_lflt__attr_long_float__decompose" label: "/home/emu/Software/gnatarm/arm-eabi/lib/gnat/ravenscar-sfp-stm32f4/common/s-fatgen.adb:503:10" }
edge: { sourcename: "system__fat_lflt__attr_long_float__remainder" targetname: "system__fat_lflt__attr_long_float__decompose" label: "/home/emu/Software/gnatarm/arm-eabi/lib/gnat/ravenscar-sfp-stm32f4/common/s-fatgen.adb:251:7" }
edge: { sourcename: "system__fat_lflt__attr_long_float__remainder" targetname: "__aeabi_dcmplt" label: "/home/emu/Software/gnatarm/arm-eabi/lib/gnat/ravenscar-sfp-stm32f4/common/s-fatgen.adb:466:4" }
edge: { sourcename: "system__fat_lflt__attr_long_float__remainder" targetname: "__aeabi_dcmpgt" label: "/home/emu/Software/gnatarm/arm-eabi/lib/gnat/ravenscar-sfp-stm32f4/common/s-fatgen.adb:466:4" }
edge: { sourcename: "system__fat_lflt__attr_long_float__remainder" targetname: "__gnat_last_chance_handler" label: "/home/emu/Software/gnatarm/arm-eabi/lib/gnat/ravenscar-sfp-stm32f4/common/s-fatgen.adb:484:10" }
edge: { sourcename: "system__fat_lflt__attr_long_float__remainder" targetname: "__aeabi_dcmpeq" label: "/home/emu/Software/gnatarm/arm-eabi/lib/gnat/ravenscar-sfp-stm32f4/common/s-fatgen.adb:466:4" }
node: { title: "system__fat_lflt__attr_long_float__pred" label: "Pred\n/home/emu/Software/gnatarm/arm-eabi/lib/gnat/ravenscar-sfp-stm32f4/common/s-fatgen.adb:404:4\n32 bytes (static)\n0 dynamic objects" }
edge: { sourcename: "system__fat_lflt__attr_long_float__pred" targetname: "__aeabi_dsub" label: "/home/emu/Software/gnatarm/arm-eabi/lib/gnat/ravenscar-sfp-stm32f4/common/s-fatgen.adb:457:13" }
edge: { sourcename: "system__fat_lflt__attr_long_float__pred" targetname: "system__fat_lflt__attr_long_float__gradual_scaling" label: "/home/emu/Software/gnatarm/arm-eabi/lib/gnat/ravenscar-sfp-stm32f4/common/s-fatgen.adb:457:24" }
edge: { sourcename: "system__fat_lflt__attr_long_float__pred" targetname: "__aeabi_dsub" label: "/home/emu/Software/gnatarm/arm-eabi/lib/gnat/ravenscar-sfp-stm32f4/common/s-fatgen.adb:452:13" }
edge: { sourcename: "system__fat_lflt__attr_long_float__pred" targetname: "system__fat_lflt__attr_long_float__gradual_scaling" label: "/home/emu/Software/gnatarm/arm-eabi/lib/gnat/ravenscar-sfp-stm32f4/common/s-fatgen.adb:452:24" }
edge: { sourcename: "system__fat_lflt__attr_long_float__pred" targetname: "__aeabi_dcmpeq" label: "/home/emu/Software/gnatarm/arm-eabi/lib/gnat/ravenscar-sfp-stm32f4/common/s-fatgen.adb:404:4" }
edge: { sourcename: "system__fat_lflt__attr_long_float__pred" targetname: "system__fat_lflt__attr_long_float__decompose" label: "/home/emu/Software/gnatarm/arm-eabi/lib/gnat/ravenscar-sfp-stm32f4/common/s-fatgen.adb:441:10" }
edge: { sourcename: "system__fat_lflt__attr_long_float__pred" targetname: "__aeabi_dcmpgt" label: "/home/emu/Software/gnatarm/arm-eabi/lib/gnat/ravenscar-sfp-stm32f4/common/s-fatgen.adb:404:4" }
edge: { sourcename: "system__fat_lflt__attr_long_float__pred" targetname: "__aeabi_dcmplt" label: "/home/emu/Software/gnatarm/arm-eabi/lib/gnat/ravenscar-sfp-stm32f4/common/s-fatgen.adb:404:4" }
edge: { sourcename: "system__fat_lflt__attr_long_float__pred" targetname: "__aeabi_dcmpeq" label: "/home/emu/Software/gnatarm/arm-eabi/lib/gnat/ravenscar-sfp-stm32f4/common/s-fatgen.adb:404:4" }
edge: { sourcename: "system__fat_lflt__attr_long_float__pred" targetname: "system__fat_lflt__attr_long_float__succ" label: "/home/emu/Software/gnatarm/arm-eabi/lib/gnat/ravenscar-sfp-stm32f4/common/s-fatgen.adb:412:18" }
edge: { sourcename: "system__fat_lflt__attr_long_float__pred" targetname: "__aeabi_dcmpeq" label: "/home/emu/Software/gnatarm/arm-eabi/lib/gnat/ravenscar-sfp-stm32f4/common/s-fatgen.adb:404:4" }
node: { title: "system__fat_lflt__attr_long_float__model" label: "Model\n/home/emu/Software/gnatarm/arm-eabi/lib/gnat/ravenscar-sfp-stm32f4/common/s-fatgen.adb:395:4\n8 bytes (static)\n0 dynamic objects" }
node: { title: "system__fat_lflt__attr_long_float__machine_rounding" label: "Machine_Rounding\n/home/emu/Software/gnatarm/arm-eabi/lib/gnat/ravenscar-sfp-stm32f4/common/s-fatgen.adb:363:4\n32 bytes (static)\n0 dynamic objects" }
edge: { sourcename: "system__fat_lflt__attr_long_float__machine_rounding" targetname: "__aeabi_dcmplt" label: "/home/emu/Software/gnatarm/arm-eabi/lib/gnat/ravenscar-sfp-stm32f4/common/s-fatgen.adb:363:4" }
edge: { sourcename: "system__fat_lflt__attr_long_float__machine_rounding" targetname: "__aeabi_dcmpgt" label: "/home/emu/Software/gnatarm/arm-eabi/lib/gnat/ravenscar-sfp-stm32f4/common/s-fatgen.adb:363:4" }
edge: { sourcename: "system__fat_lflt__attr_long_float__machine_rounding" targetname: "__aeabi_dadd" label: "/home/emu/Software/gnatarm/arm-eabi/lib/gnat/ravenscar-sfp-stm32f4/common/s-fatgen.adb:372:17" }
edge: { sourcename: "system__fat_lflt__attr_long_float__machine_rounding" targetname: "__aeabi_dcmpge" label: "/home/emu/Software/gnatarm/arm-eabi/lib/gnat/ravenscar-sfp-stm32f4/common/s-fatgen.adb:363:4" }
edge: { sourcename: "system__fat_lflt__attr_long_float__machine_rounding" targetname: "__aeabi_dsub" label: "/home/emu/Software/gnatarm/arm-eabi/lib/gnat/ravenscar-sfp-stm32f4/common/s-fatgen.adb:363:4" }
edge: { sourcename: "system__fat_lflt__attr_long_float__machine_rounding" targetname: "system__fat_lflt__attr_long_float__truncation" label: "/home/emu/Software/gnatarm/arm-eabi/lib/gnat/ravenscar-sfp-stm32f4/common/s-fatgen.adb:368:14" }
node: { title: "system__fat_lflt__attr_long_float__machine" label: "Machine\n/home/emu/Software/gnatarm/arm-eabi/lib/gnat/ravenscar-sfp-stm32f4/common/s-fatgen.adb:348:4\n8 bytes (static)\n0 dynamic objects" }
node: { title: "system__fat_lflt__attr_long_float__leading_part" label: "Leading_Part\n/home/emu/Software/gnatarm/arm-eabi/lib/gnat/ravenscar-sfp-stm32f4/common/s-fatgen.adb:320:4\n48 bytes (static)\n0 dynamic objects" }
edge: { sourcename: "system__fat_lflt__attr_long_float__leading_part" targetname: "/home/emu/Software/gnatarm/arm-eabi/lib/gnat/ravenscar-sfp-stm32f4/common/s-fatlfl.ads:system__fat_lflt__attr_long_float__scaling.part.0" }
edge: { sourcename: "system__fat_lflt__attr_long_float__leading_part" targetname: "__aeabi_dcmpeq" label: "/home/emu/Software/gnatarm/arm-eabi/lib/gnat/ravenscar-sfp-stm32f4/common/s-fatgen.adb:320:4" }
edge: { sourcename: "system__fat_lflt__attr_long_float__leading_part" targetname: "system__fat_lflt__attr_long_float__truncation" label: "/home/emu/Software/gnatarm/arm-eabi/lib/gnat/ravenscar-sfp-stm32f4/common/s-fatgen.adb:333:12" }
edge: { sourcename: "system__fat_lflt__attr_long_float__leading_part" targetname: "/home/emu/Software/gnatarm/arm-eabi/lib/gnat/ravenscar-sfp-stm32f4/common/s-fatlfl.ads:system__fat_lflt__attr_long_float__scaling.part.0" }
edge: { sourcename: "system__fat_lflt__attr_long_float__leading_part" targetname: "__aeabi_dcmpeq" label: "/home/emu/Software/gnatarm/arm-eabi/lib/gnat/ravenscar-sfp-stm32f4/common/s-fatgen.adb:320:4" }
edge: { sourcename: "system__fat_lflt__attr_long_float__leading_part" targetname: "system__fat_lflt__attr_long_float__decompose" label: "/home/emu/Software/gnatarm/arm-eabi/lib/gnat/ravenscar-sfp-stm32f4/common/s-fatgen.adb:251:7" }
edge: { sourcename: "system__fat_lflt__attr_long_float__leading_part" targetname: "__gnat_last_chance_handler" label: "/home/emu/Software/gnatarm/arm-eabi/lib/gnat/ravenscar-sfp-stm32f4/common/s-fatgen.adb:329:10" }
node: { title: "system__fat_lflt__attr_long_float__gradual_scaling" label: "Gradual_Scaling\n/home/emu/Software/gnatarm/arm-eabi/lib/gnat/ravenscar-sfp-stm32f4/common/s-fatgen.adb:288:4\n24 bytes (static)\n0 dynamic objects" }
edge: { sourcename: "system__fat_lflt__attr_long_float__gradual_scaling" targetname: "/home/emu/Software/gnatarm/arm-eabi/lib/gnat/ravenscar-sfp-stm32f4/common/s-fatlfl.ads:system__fat_lflt__attr_long_float__scaling.part.0" }
edge: { sourcename: "system__fat_lflt__attr_long_float__gradual_scaling" targetname: "__aeabi_dmul" label: "/home/emu/Software/gnatarm/arm-eabi/lib/gnat/ravenscar-sfp-stm32f4/common/s-fatgen.adb:299:15" }
node: { title: "system__fat_lflt__attr_long_float__fraction" label: "Fraction\n/home/emu/Software/gnatarm/arm-eabi/lib/gnat/ravenscar-sfp-stm32f4/common/s-fatgen.adb:275:4\n24 bytes (static)\n0 dynamic objects" }
edge: { sourcename: "system__fat_lflt__attr_long_float__fraction" targetname: "system__fat_lflt__attr_long_float__decompose" label: "/home/emu/Software/gnatarm/arm-eabi/lib/gnat/ravenscar-sfp-stm32f4/common/s-fatgen.adb:280:7" }
node: { title: "system__fat_lflt__attr_long_float__floor" label: "Floor\n/home/emu/Software/gnatarm/arm-eabi/lib/gnat/ravenscar-sfp-stm32f4/common/s-fatgen.adb:259:4\n24 bytes (static)\n0 dynamic objects" }
edge: { sourcename: "system__fat_lflt__attr_long_float__floor" targetname: "__aeabi_dsub" label: "/home/emu/Software/gnatarm/arm-eabi/lib/gnat/ravenscar-sfp-stm32f4/common/s-fatgen.adb:267:10" }
edge: { sourcename: "system__fat_lflt__attr_long_float__floor" targetname: "__aeabi_dcmpeq" label: "/home/emu/Software/gnatarm/arm-eabi/lib/gnat/ravenscar-sfp-stm32f4/common/s-fatgen.adb:259:4" }
edge: { sourcename: "system__fat_lflt__attr_long_float__floor" targetname: "__aeabi_dcmpge" label: "/home/emu/Software/gnatarm/arm-eabi/lib/gnat/ravenscar-sfp-stm32f4/common/s-fatgen.adb:259:4" }
edge: { sourcename: "system__fat_lflt__attr_long_float__floor" targetname: "system__fat_lflt__attr_long_float__truncation" label: "/home/emu/Software/gnatarm/arm-eabi/lib/gnat/ravenscar-sfp-stm32f4/common/s-fatgen.adb:260:7" }
node: { title: "system__fat_lflt__attr_long_float__exponent" label: "Exponent\n/home/emu/Software/gnatarm/arm-eabi/lib/gnat/ravenscar-sfp-stm32f4/common/s-fatgen.adb:246:4\n24 bytes (static)\n0 dynamic objects" }
edge: { sourcename: "system__fat_lflt__attr_long_float__exponent" targetname: "system__fat_lflt__attr_long_float__decompose" label: "/home/emu/Software/gnatarm/arm-eabi/lib/gnat/ravenscar-sfp-stm32f4/common/s-fatgen.adb:251:7" }
node: { title: "system__fat_lflt__attr_long_float__decompose" label: "Decompose\n/home/emu/Software/gnatarm/arm-eabi/lib/gnat/ravenscar-sfp-stm32f4/common/s-fatgen.adb:160:4\n48 bytes (static)\n0 dynamic objects" }
edge: { sourcename: "system__fat_lflt__attr_long_float__decompose" targetname: "__aeabi_dcmple" label: "/home/emu/Software/gnatarm/arm-eabi/lib/gnat/ravenscar-sfp-stm32f4/common/s-fatgen.adb:160:4" }
edge: { sourcename: "system__fat_lflt__attr_long_float__decompose" targetname: "__aeabi_dcmpun" label: "/home/emu/Software/gnatarm/arm-eabi/lib/gnat/ravenscar-sfp-stm32f4/common/s-fatgen.adb:160:4" }
edge: { sourcename: "system__fat_lflt__attr_long_float__decompose" targetname: "__aeabi_dmul" label: "/home/emu/Software/gnatarm/arm-eabi/lib/gnat/ravenscar-sfp-stm32f4/common/s-fatgen.adb:227:25" }
edge: { sourcename: "system__fat_lflt__attr_long_float__decompose" targetname: "__aeabi_dcmplt" label: "/home/emu/Software/gnatarm/arm-eabi/lib/gnat/ravenscar-sfp-stm32f4/common/s-fatgen.adb:160:4" }
edge: { sourcename: "system__fat_lflt__attr_long_float__decompose" targetname: "__aeabi_dcmplt" label: "/home/emu/Software/gnatarm/arm-eabi/lib/gnat/ravenscar-sfp-stm32f4/common/s-fatgen.adb:160:4" }
edge: { sourcename: "system__fat_lflt__attr_long_float__decompose" targetname: "__aeabi_dmul" label: "/home/emu/Software/gnatarm/arm-eabi/lib/gnat/ravenscar-sfp-stm32f4/common/s-fatgen.adb:219:22" }
edge: { sourcename: "system__fat_lflt__attr_long_float__decompose" targetname: "__aeabi_dmul" label: "/home/emu/Software/gnatarm/arm-eabi/lib/gnat/ravenscar-sfp-stm32f4/common/s-fatgen.adb:212:19" }
edge: { sourcename: "system__fat_lflt__attr_long_float__decompose" targetname: "__aeabi_dmul" label: "/home/emu/Software/gnatarm/arm-eabi/lib/gnat/ravenscar-sfp-stm32f4/common/s-fatgen.adb:202:25" }
edge: { sourcename: "system__fat_lflt__attr_long_float__decompose" targetname: "__aeabi_dcmpge" label: "/home/emu/Software/gnatarm/arm-eabi/lib/gnat/ravenscar-sfp-stm32f4/common/s-fatgen.adb:160:4" }
edge: { sourcename: "system__fat_lflt__attr_long_float__decompose" targetname: "__aeabi_dcmpge" label: "/home/emu/Software/gnatarm/arm-eabi/lib/gnat/ravenscar-sfp-stm32f4/common/s-fatgen.adb:160:4" }
edge: { sourcename: "system__fat_lflt__attr_long_float__decompose" targetname: "__aeabi_dmul" label: "/home/emu/Software/gnatarm/arm-eabi/lib/gnat/ravenscar-sfp-stm32f4/common/s-fatgen.adb:194:22" }
edge: { sourcename: "system__fat_lflt__attr_long_float__decompose" targetname: "__aeabi_dcmpge" label: "/home/emu/Software/gnatarm/arm-eabi/lib/gnat/ravenscar-sfp-stm32f4/common/s-fatgen.adb:160:4" }
edge: { sourcename: "system__fat_lflt__attr_long_float__decompose" targetname: "__aeabi_dcmplt" label: "/home/emu/Software/gnatarm/arm-eabi/lib/gnat/ravenscar-sfp-stm32f4/common/s-fatgen.adb:160:4" }
edge: { sourcename: "system__fat_lflt__attr_long_float__decompose" targetname: "__aeabi_dcmpge" label: "/home/emu/Software/gnatarm/arm-eabi/lib/gnat/ravenscar-sfp-stm32f4/common/s-fatgen.adb:160:4" }
edge: { sourcename: "system__fat_lflt__attr_long_float__decompose" targetname: "__aeabi_dcmplt" label: "/home/emu/Software/gnatarm/arm-eabi/lib/gnat/ravenscar-sfp-stm32f4/common/s-fatgen.adb:160:4" }
edge: { sourcename: "system__fat_lflt__attr_long_float__decompose" targetname: "__aeabi_dcmpgt" label: "/home/emu/Software/gnatarm/arm-eabi/lib/gnat/ravenscar-sfp-stm32f4/common/s-fatgen.adb:160:4" }
edge: { sourcename: "system__fat_lflt__attr_long_float__decompose" targetname: "__aeabi_dcmpeq" label: "/home/emu/Software/gnatarm/arm-eabi/lib/gnat/ravenscar-sfp-stm32f4/common/s-fatgen.adb:160:4" }
node: { title: "system__fat_lflt__attr_long_float__copy_sign" label: "Copy_Sign\n/home/emu/Software/gnatarm/arm-eabi/lib/gnat/ravenscar-sfp-stm32f4/common/s-fatgen.adb:140:4\n32 bytes (static)\n0 dynamic objects" }
edge: { sourcename: "system__fat_lflt__attr_long_float__copy_sign" targetname: "__aeabi_d2f" label: "/home/emu/Software/gnatarm/arm-eabi/lib/gnat/ravenscar-sfp-stm32f4/common/s-fatgen.adb:140:4" }
edge: { sourcename: "system__fat_lflt__attr_long_float__copy_sign" targetname: "__aeabi_dcmple" label: "/home/emu/Software/gnatarm/arm-eabi/lib/gnat/ravenscar-sfp-stm32f4/common/s-fatgen.adb:140:4" }
edge: { sourcename: "system__fat_lflt__attr_long_float__copy_sign" targetname: "__aeabi_dcmpun" label: "/home/emu/Software/gnatarm/arm-eabi/lib/gnat/ravenscar-sfp-stm32f4/common/s-fatgen.adb:140:4" }
edge: { sourcename: "system__fat_lflt__attr_long_float__copy_sign" targetname: "__aeabi_dcmplt" label: "/home/emu/Software/gnatarm/arm-eabi/lib/gnat/ravenscar-sfp-stm32f4/common/s-fatgen.adb:140:4" }
node: { title: "system__fat_lflt__attr_long_float__compose" label: "Compose\n/home/emu/Software/gnatarm/arm-eabi/lib/gnat/ravenscar-sfp-stm32f4/common/s-fatgen.adb:127:4\n32 bytes (static)\n0 dynamic objects" }
edge: { sourcename: "system__fat_lflt__attr_long_float__compose" targetname: "/home/emu/Software/gnatarm/arm-eabi/lib/gnat/ravenscar-sfp-stm32f4/common/s-fatlfl.ads:system__fat_lflt__attr_long_float__scaling.part.0" }
edge: { sourcename: "system__fat_lflt__attr_long_float__compose" targetname: "__aeabi_dcmpeq" label: "/home/emu/Software/gnatarm/arm-eabi/lib/gnat/ravenscar-sfp-stm32f4/common/s-fatgen.adb:127:4" }
edge: { sourcename: "system__fat_lflt__attr_long_float__compose" targetname: "system__fat_lflt__attr_long_float__decompose" label: "/home/emu/Software/gnatarm/arm-eabi/lib/gnat/ravenscar-sfp-stm32f4/common/s-fatgen.adb:132:7" }
node: { title: "system__fat_lflt__attr_long_float__ceiling" label: "Ceiling\n/home/emu/Software/gnatarm/arm-eabi/lib/gnat/ravenscar-sfp-stm32f4/common/s-fatgen.adb:111:4\n24 bytes (static)\n0 dynamic objects" }
edge: { sourcename: "system__fat_lflt__attr_long_float__ceiling" targetname: "__aeabi_dadd" label: "/home/emu/Software/gnatarm/arm-eabi/lib/gnat/ravenscar-sfp-stm32f4/common/s-fatgen.adb:119:10" }
edge: { sourcename: "system__fat_lflt__attr_long_float__ceiling" targetname: "__aeabi_dcmpeq" label: "/home/emu/Software/gnatarm/arm-eabi/lib/gnat/ravenscar-sfp-stm32f4/common/s-fatgen.adb:111:4" }
edge: { sourcename: "system__fat_lflt__attr_long_float__ceiling" targetname: "__aeabi_dcmple" label: "/home/emu/Software/gnatarm/arm-eabi/lib/gnat/ravenscar-sfp-stm32f4/common/s-fatgen.adb:111:4" }
edge: { sourcename: "system__fat_lflt__attr_long_float__ceiling" targetname: "system__fat_lflt__attr_long_float__truncation" label: "/home/emu/Software/gnatarm/arm-eabi/lib/gnat/ravenscar-sfp-stm32f4/common/s-fatgen.adb:112:7" }
node: { title: "system__fat_lflt__attr_long_float__adjacent" label: "Adjacent\n/home/emu/Software/gnatarm/arm-eabi/lib/gnat/ravenscar-sfp-stm32f4/common/s-fatgen.adb:96:4\n24 bytes (static)\n0 dynamic objects" }
edge: { sourcename: "system__fat_lflt__attr_long_float__adjacent" targetname: "system__fat_lflt__attr_long_float__pred" label: "/home/emu/Software/gnatarm/arm-eabi/lib/gnat/ravenscar-sfp-stm32f4/common/s-fatgen.adb:103:10" }
edge: { sourcename: "system__fat_lflt__attr_long_float__adjacent" targetname: "system__fat_lflt__attr_long_float__succ" label: "/home/emu/Software/gnatarm/arm-eabi/lib/gnat/ravenscar-sfp-stm32f4/common/s-fatgen.adb:101:10" }
edge: { sourcename: "system__fat_lflt__attr_long_float__adjacent" targetname: "__aeabi_dcmpgt" label: "/home/emu/Software/gnatarm/arm-eabi/lib/gnat/ravenscar-sfp-stm32f4/common/s-fatgen.adb:96:4" }
edge: { sourcename: "system__fat_lflt__attr_long_float__adjacent" targetname: "__aeabi_dcmpeq" label: "/home/emu/Software/gnatarm/arm-eabi/lib/gnat/ravenscar-sfp-stm32f4/common/s-fatgen.adb:96:4" }
}
