graph: { title: "/home/emu/Software/gnatarm/arm-eabi/lib/gnat/ravenscar-sfp-stm32f4/common/s-imguns.adb"
node: { title: "system__img_uns__set_image_unsigned" label: "Set_Image_Unsigned\n/home/emu/Software/gnatarm/arm-eabi/lib/gnat/ravenscar-sfp-stm32f4/common/s-imguns.adb:56:4\n32 bytes (static)\n0 dynamic objects" }
edge: { sourcename: "system__img_uns__set_image_unsigned" targetname: "/home/emu/Software/gnatarm/arm-eabi/lib/gnat/ravenscar-sfp-stm32f4/common/s-imguns.adb:system__img_uns__set_image_unsigned__set_digits.4112" label: "/home/emu/Software/gnatarm/arm-eabi/lib/gnat/ravenscar-sfp-stm32f4/common/s-imguns.adb:84:7" }
node: { title: "/home/emu/Software/gnatarm/arm-eabi/lib/gnat/ravenscar-sfp-stm32f4/common/s-imguns.adb:system__img_uns__set_image_unsigned__set_digits.4112" label: "Set_Digits\n/home/emu/Software/gnatarm/arm-eabi/lib/gnat/ravenscar-sfp-stm32f4/common/s-imguns.adb:68:7\n16 bytes (static)\n0 dynamic objects" }
edge: { sourcename: "/home/emu/Software/gnatarm/arm-eabi/lib/gnat/ravenscar-sfp-stm32f4/common/s-imguns.adb:system__img_uns__set_image_unsigned__set_digits.4112" targetname: "/home/emu/Software/gnatarm/arm-eabi/lib/gnat/ravenscar-sfp-stm32f4/common/s-imguns.adb:system__img_uns__set_image_unsigned__set_digits.4112" label: "/home/emu/Software/gnatarm/arm-eabi/lib/gnat/ravenscar-sfp-stm32f4/common/s-imguns.adb:71:13" }
node: { title: "system__img_uns__image_unsigned" label: "Image_Unsigned\n/home/emu/Software/gnatarm/arm-eabi/lib/gnat/ravenscar-sfp-stm32f4/common/s-imguns.adb:40:4\n32 bytes (static)\n0 dynamic objects" }
edge: { sourcename: "system__img_uns__image_unsigned" targetname: "/home/emu/Software/gnatarm/arm-eabi/lib/gnat/ravenscar-sfp-stm32f4/common/s-imguns.adb:system__img_uns__set_image_unsigned__set_digits.4112" label: "/home/emu/Software/gnatarm/arm-eabi/lib/gnat/ravenscar-sfp-stm32f4/common/s-imguns.adb:84:7" }
}
