graph: { title: "/home/becker/async/StratoX.git/runtime/ravenscar-sfp-stm32f427/common/s-imgint.adb"
node: { title: "system__img_int__set_image_integer" label: "Set_Image_Integer\n/home/becker/async/StratoX.git/runtime/ravenscar-sfp-stm32f427/common/s-imgint.adb:60:4\n40 bytes (static)\n0 dynamic objects" }
edge: { sourcename: "system__img_int__set_image_integer" targetname: "/home/becker/async/StratoX.git/runtime/ravenscar-sfp-stm32f427/common/s-imgint.adb:system__img_int__set_image_integer__set_digits.4113" label: "/home/becker/async/StratoX.git/runtime/ravenscar-sfp-stm32f427/common/s-imgint.adb:94:10" }
edge: { sourcename: "system__img_int__set_image_integer" targetname: "/home/becker/async/StratoX.git/runtime/ravenscar-sfp-stm32f427/common/s-imgint.adb:system__img_int__set_image_integer__set_digits.4113" label: "/home/becker/async/StratoX.git/runtime/ravenscar-sfp-stm32f427/common/s-imgint.adb:90:10" }
node: { title: "/home/becker/async/StratoX.git/runtime/ravenscar-sfp-stm32f427/common/s-imgint.adb:system__img_int__set_image_integer__set_digits.4113" label: "Set_Digits\n/home/becker/async/StratoX.git/runtime/ravenscar-sfp-stm32f427/common/s-imgint.adb:74:7\n24 bytes (static)\n0 dynamic objects" }
edge: { sourcename: "/home/becker/async/StratoX.git/runtime/ravenscar-sfp-stm32f427/common/s-imgint.adb:system__img_int__set_image_integer__set_digits.4113" targetname: "/home/becker/async/StratoX.git/runtime/ravenscar-sfp-stm32f427/common/s-imgint.adb:system__img_int__set_image_integer__set_digits.4113" label: "/home/becker/async/StratoX.git/runtime/ravenscar-sfp-stm32f427/common/s-imgint.adb:77:13" }
node: { title: "system__img_int__image_integer" label: "Image_Integer\n/home/becker/async/StratoX.git/runtime/ravenscar-sfp-stm32f427/common/s-imgint.adb:38:4\n40 bytes (static)\n0 dynamic objects" }
edge: { sourcename: "system__img_int__image_integer" targetname: "system__img_int__set_image_integer" label: "/home/becker/async/StratoX.git/runtime/ravenscar-sfp-stm32f427/common/s-imgint.adb:53:7" }
}
