graph: { title: "/home/becker/async/StratoX.git/runtime/ravenscar-sfp-stm32f427/gnarl-common/s-interr.adb"
node: { title: "system__bb__interrupts__attach_handler" label: "Attach_Handler\n/home/becker/async/StratoX.git/runtime/ravenscar-sfp-stm32f427/gnarl-common/s-bbinte.ads:65:14" shape : ellipse }
node: { title: "__gnat_last_chance_handler" label: "gnat_last_chance_handler\n<built-in>" shape : ellipse }
node: { title: "memcmp" label: "builtin_memcmp\n<built-in>" shape : ellipse }
node: { title: "__gnat_attach_all_handlers" label: "Install_Restricted_Handlers_Sequential\n/home/becker/async/StratoX.git/runtime/ravenscar-sfp-stm32f427/gnarl-common/s-interr.adb:173:4\n16 bytes (static)\n0 dynamic objects" }
edge: { sourcename: "__gnat_attach_all_handlers" targetname: "/home/becker/async/StratoX.git/runtime/ravenscar-sfp-stm32f427/gnarl-common/s-interr.adb:system__interrupts__install_handler" label: "/home/becker/async/StratoX.git/runtime/ravenscar-sfp-stm32f427/gnarl-common/s-interr.adb:177:13" }
edge: { sourcename: "__gnat_attach_all_handlers" targetname: "memcmp" label: "/home/becker/async/StratoX.git/runtime/ravenscar-sfp-stm32f427/gnarl-common/s-interr.adb:176:39" }
node: { title: "system__interrupts__install_restricted_handlers" label: "Install_Restricted_Handlers\n/home/becker/async/StratoX.git/runtime/ravenscar-sfp-stm32f427/gnarl-common/s-interr.adb:146:4\n48 bytes (static)\n0 dynamic objects" }
edge: { sourcename: "system__interrupts__install_restricted_handlers" targetname: "/home/becker/async/StratoX.git/runtime/ravenscar-sfp-stm32f427/gnarl-common/s-interr.adb:system__interrupts__install_handler" label: "/home/becker/async/StratoX.git/runtime/ravenscar-sfp-stm32f427/gnarl-common/s-interr.adb:164:13" }
node: { title: "/home/becker/async/StratoX.git/runtime/ravenscar-sfp-stm32f427/gnarl-common/s-interr.adb:system__interrupts__install_handler" label: "Install_Handler\n/home/becker/async/StratoX.git/runtime/ravenscar-sfp-stm32f427/gnarl-common/s-interr.adb:131:4\n24 bytes (static)\n0 dynamic objects" }
edge: { sourcename: "/home/becker/async/StratoX.git/runtime/ravenscar-sfp-stm32f427/gnarl-common/s-interr.adb:system__interrupts__install_handler" targetname: "system__bb__interrupts__attach_handler" label: "/home/becker/async/StratoX.git/runtime/ravenscar-sfp-stm32f427/gnarl-common/s-interr.adb:136:26" }
node: { title: "/home/becker/async/StratoX.git/runtime/ravenscar-sfp-stm32f427/gnarl-common/s-interr.adb:system__interrupts__default_handler" label: "Default_Handler\n/home/becker/async/StratoX.git/runtime/ravenscar-sfp-stm32f427/gnarl-common/s-interr.adb:82:4\n24 bytes (static)\n0 dynamic objects" }
edge: { sourcename: "/home/becker/async/StratoX.git/runtime/ravenscar-sfp-stm32f427/gnarl-common/s-interr.adb:system__interrupts__default_handler" targetname: "__indirect_call" label: "/home/becker/async/StratoX.git/runtime/ravenscar-sfp-stm32f427/gnarl-common/s-interr.adb:110:18" }
node: { title: "__indirect_call" label: "Indirect Call Placeholder" shape : ellipse }
edge: { sourcename: "/home/becker/async/StratoX.git/runtime/ravenscar-sfp-stm32f427/gnarl-common/s-interr.adb:system__interrupts__default_handler" targetname: "__gnat_last_chance_handler" label: "/home/becker/async/StratoX.git/runtime/ravenscar-sfp-stm32f427/gnarl-common/s-interr.adb:95:10" }
edge: { sourcename: "/home/becker/async/StratoX.git/runtime/ravenscar-sfp-stm32f427/gnarl-common/s-interr.adb:system__interrupts__default_handler" targetname: "memcmp" label: "/home/becker/async/StratoX.git/runtime/ravenscar-sfp-stm32f427/gnarl-common/s-interr.adb:86:18" }
node: { title: "system__interrupts__handler_arrayIP" label: "Handler_Arrayip\n/home/becker/async/StratoX.git/runtime/ravenscar-sfp-stm32f427/gnarl-common/s-interr.ads:82:9\n32 bytes (static)\n0 dynamic objects" }
edge: { sourcename: "system__interrupts__handler_arrayIP" targetname: "system__interrupts__handler_itemIP" label: "/home/becker/async/StratoX.git/runtime/ravenscar-sfp-stm32f427/gnarl-common/s-interr.ads:82:9" }
node: { title: "system__interrupts__handler_itemIP" label: "Handler_Itemip\n/home/becker/async/StratoX.git/runtime/ravenscar-sfp-stm32f427/gnarl-common/s-interr.ads:76:9\n16 bytes (static)\n0 dynamic objects" }
node: { title: "system__interrupts__E3sIP" label: "E3sip\n/home/becker/async/StratoX.git/runtime/ravenscar-sfp-stm32f427/gnarl-common/s-interr.ads:72:4\n16 bytes (static)\n0 dynamic objects" }
}
