graph: { title: "/home/becker/async/StratoX.git/runtime/ravenscar-sfp-stm32f427/arch/s-macres.adb"
node: { title: "system__machine_reset__stop" label: "Stop\n/home/becker/async/StratoX.git/runtime/ravenscar-sfp-stm32f427/arch/s-macres.adb:79:4\n8 bytes (static)\n0 dynamic objects" }
edge: { sourcename: "system__machine_reset__stop" targetname: "exit" label: "/home/becker/async/StratoX.git/runtime/ravenscar-sfp-stm32f427/arch/s-macres.adb:81:7" }
node: { title: "exit" label: "Os_Exit\n/home/becker/async/StratoX.git/runtime/ravenscar-sfp-stm32f427/arch/s-macres.adb:58:4\n24 bytes (static)\n0 dynamic objects" }
node: { title: "abort" label: "Os_Abort\n/home/becker/async/StratoX.git/runtime/ravenscar-sfp-stm32f427/arch/s-macres.adb:49:4\n8 bytes (static)\n0 dynamic objects" }
edge: { sourcename: "abort" targetname: "exit" label: "/home/becker/async/StratoX.git/runtime/ravenscar-sfp-stm32f427/arch/s-macres.adb:51:7" }
}
