graph: { title: "/home/emu/Software/gnatarm/arm-eabi/lib/gnat/ravenscar-sfp-stm32f4/common/s-memory.adb"
node: { title: "__gnat_last_chance_handler" label: "gnat_last_chance_handler\n<built-in>" shape : ellipse }
node: { title: "free" label: "Free\n/home/emu/Software/gnatarm/arm-eabi/lib/gnat/ravenscar-sfp-stm32f4/common/s-memory.adb:121:4\n0 bytes\n0 dynamic objects" }
node: { title: "calloc" label: "Calloc\n/home/emu/Software/gnatarm/arm-eabi/lib/gnat/ravenscar-sfp-stm32f4/common/s-memory.adb:110:4\n0 bytes\n0 dynamic objects" }
edge: { sourcename: "calloc" targetname: "__gnat_malloc" label: "/home/emu/Software/gnatarm/arm-eabi/lib/gnat/ravenscar-sfp-stm32f4/common/s-memory.adb:103:7" }
node: { title: "malloc" label: "Malloc\n/home/emu/Software/gnatarm/arm-eabi/lib/gnat/ravenscar-sfp-stm32f4/common/s-memory.adb:101:4\n0 bytes\n0 dynamic objects" }
edge: { sourcename: "malloc" targetname: "__gnat_malloc" label: "/home/emu/Software/gnatarm/arm-eabi/lib/gnat/ravenscar-sfp-stm32f4/common/s-memory.adb:103:7" }
node: { title: "__gnat_malloc" label: "Alloc\n/home/emu/Software/gnatarm/arm-eabi/lib/gnat/ravenscar-sfp-stm32f4/common/s-memory.adb:72:4\n8 bytes (static)\n0 dynamic objects" }
edge: { sourcename: "__gnat_malloc" targetname: "__gnat_last_chance_handler" label: "/home/emu/Software/gnatarm/arm-eabi/lib/gnat/ravenscar-sfp-stm32f4/common/s-memory.adb:91:10" }
edge: { sourcename: "__gnat_malloc" targetname: "__gnat_last_chance_handler" label: "/home/emu/Software/gnatarm/arm-eabi/lib/gnat/ravenscar-sfp-stm32f4/common/s-memory.adb:85:10" }
node: { title: "system__memory__memoryIP" label: "Memoryip\n/home/emu/Software/gnatarm/arm-eabi/lib/gnat/ravenscar-sfp-stm32f4/common/s-memory.adb:45:9\n0 bytes\n0 dynamic objects" }
}
