graph: { title: "/home/emu/Software/gnatarm/arm-eabi/lib/gnat/ravenscar-sfp-stm32f4/gnarl-common/s-tarest.adb"
node: { title: "system__tasking__initialize" label: "Initialize\n/home/emu/Software/gnatarm/arm-eabi/lib/gnat/ravenscar-sfp-stm32f4/gnarl-common/s-taskin.ads:375:14" shape : ellipse }
node: { title: "__gnat_last_chance_handler" label: "Last_Chance_Handler\n/home/emu/Software/gnatarm/arm-eabi/lib/gnat/ravenscar-sfp-stm32f4/common/a-except.adb:41:17" shape : ellipse }
node: { title: "system__tasking__initialize_atcb" label: "Initialize_Atcb\n/home/emu/Software/gnatarm/arm-eabi/lib/gnat/ravenscar-sfp-stm32f4/gnarl-common/s-taskin.ads:385:14" shape : ellipse }
node: { title: "system__tasking__self" label: "Self\n/home/emu/Software/gnatarm/arm-eabi/lib/gnat/ravenscar-sfp-stm32f4/gnarl-common/s-taskin.ads:70:13" shape : ellipse }
node: { title: "system__bb__threads__thread_create" label: "Thread_Create\n/home/emu/Software/gnatarm/arm-eabi/lib/gnat/ravenscar-sfp-stm32f4/gnarl-common/s-bbthre.ads:226:14" shape : ellipse }
node: { title: "system__bb__threads__sleep" label: "Sleep\n/home/emu/Software/gnatarm/arm-eabi/lib/gnat/ravenscar-sfp-stm32f4/gnarl-common/s-bbthre.ads:268:14" shape : ellipse }
node: { title: "system__bb__protection__leave_kernel" label: "Leave_Kernel\n/home/emu/Software/gnatarm/arm-eabi/lib/gnat/ravenscar-sfp-stm32f4/gnarl-common/s-bbprot.ads:54:14" shape : ellipse }
node: { title: "memcmp" label: "builtin_memcmp\n<built-in>" shape : ellipse }
node: { title: "system__secondary_stack__ss_init" label: "Ss_Init\n/home/emu/Software/gnatarm/arm-eabi/lib/gnat/ravenscar-sfp-stm32f4/common/s-secsta.ads:43:14" shape : ellipse }
node: { title: "__gnat_last_chance_handler" label: "gnat_last_chance_handler\n<built-in>" shape : ellipse }
node: { title: "system__tasking__restricted__stages___elabb" label: "Stages\n/home/emu/Software/gnatarm/arm-eabi/lib/gnat/ravenscar-sfp-stm32f4/gnarl-common/s-tarest.adb:60:1\n0 bytes\n0 dynamic objects" }
edge: { sourcename: "system__tasking__restricted__stages___elabb" targetname: "system__tasking__initialize" label: "/home/emu/Software/gnatarm/arm-eabi/lib/gnat/ravenscar-sfp-stm32f4/gnarl-common/s-tarest.adb:442:11" }
node: { title: "system__tasking__restricted__stages__restricted_terminated" label: "Restricted_Terminated\n/home/emu/Software/gnatarm/arm-eabi/lib/gnat/ravenscar-sfp-stm32f4/gnarl-common/s-tarest.adb:436:4\n0 bytes\n0 dynamic objects" }
node: { title: "system__tasking__restricted__stages__finalize_global_tasks" label: "Finalize_Global_Tasks\n/home/emu/Software/gnatarm/arm-eabi/lib/gnat/ravenscar-sfp-stm32f4/gnarl-common/s-tarest.adb:427:4\n8 bytes (static)\n0 dynamic objects" }
edge: { sourcename: "system__tasking__restricted__stages__finalize_global_tasks" targetname: "__gnat_last_chance_handler" label: "/home/emu/Software/gnatarm/arm-eabi/lib/gnat/ravenscar-sfp-stm32f4/gnarl-common/s-tarest.adb:429:7" }
node: { title: "system__tasking__restricted__stages__create_restricted_task_sequential" label: "Create_Restricted_Task_Sequential\n/home/emu/Software/gnatarm/arm-eabi/lib/gnat/ravenscar-sfp-stm32f4/gnarl-common/s-tarest.adb:397:4\n40 bytes (static)\n0 dynamic objects" }
edge: { sourcename: "system__tasking__restricted__stages__create_restricted_task_sequential" targetname: "/home/emu/Software/gnatarm/arm-eabi/lib/gnat/ravenscar-sfp-stm32f4/gnarl-common/s-tarest.adb:system__tasking__restricted__stages__create_restricted_task__2" label: "/home/emu/Software/gnatarm/arm-eabi/lib/gnat/ravenscar-sfp-stm32f4/gnarl-common/s-tarest.adb:412:7" }
node: { title: "system__tasking__restricted__stages__create_restricted_task" label: "Create_Restricted_Task\n/home/emu/Software/gnatarm/arm-eabi/lib/gnat/ravenscar-sfp-stm32f4/gnarl-common/s-tarest.adb:356:4\n32 bytes (static)\n0 dynamic objects" }
edge: { sourcename: "system__tasking__restricted__stages__create_restricted_task" targetname: "/home/emu/Software/gnatarm/arm-eabi/lib/gnat/ravenscar-sfp-stm32f4/gnarl-common/s-tarest.adb:system__tasking__restricted__stages__create_restricted_task__2" label: "/home/emu/Software/gnatarm/arm-eabi/lib/gnat/ravenscar-sfp-stm32f4/gnarl-common/s-tarest.adb:382:10" }
edge: { sourcename: "system__tasking__restricted__stages__create_restricted_task" targetname: "/home/emu/Software/gnatarm/arm-eabi/lib/gnat/ravenscar-sfp-stm32f4/gnarl-common/s-tarest.adb:system__tasking__restricted__stages__create_restricted_task__2" label: "/home/emu/Software/gnatarm/arm-eabi/lib/gnat/ravenscar-sfp-stm32f4/gnarl-common/s-tarest.adb:412:7" }
node: { title: "/home/emu/Software/gnatarm/arm-eabi/lib/gnat/ravenscar-sfp-stm32f4/gnarl-common/s-tarest.adb:system__tasking__restricted__stages__create_restricted_task__2" label: "Create_Restricted_Task\n/home/emu/Software/gnatarm/arm-eabi/lib/gnat/ravenscar-sfp-stm32f4/gnarl-common/s-tarest.adb:294:4\n48 bytes (static)\n0 dynamic objects" }
edge: { sourcename: "/home/emu/Software/gnatarm/arm-eabi/lib/gnat/ravenscar-sfp-stm32f4/gnarl-common/s-tarest.adb:system__tasking__restricted__stages__create_restricted_task__2" targetname: "__gnat_last_chance_handler" label: "/home/emu/Software/gnatarm/arm-eabi/lib/gnat/ravenscar-sfp-stm32f4/gnarl-common/s-tarest.adb:350:10" }
edge: { sourcename: "/home/emu/Software/gnatarm/arm-eabi/lib/gnat/ravenscar-sfp-stm32f4/gnarl-common/s-tarest.adb:system__tasking__restricted__stages__create_restricted_task__2" targetname: "system__tasking__initialize_atcb" label: "/home/emu/Software/gnatarm/arm-eabi/lib/gnat/ravenscar-sfp-stm32f4/gnarl-common/s-tarest.adb:345:7" }
edge: { sourcename: "/home/emu/Software/gnatarm/arm-eabi/lib/gnat/ravenscar-sfp-stm32f4/gnarl-common/s-tarest.adb:system__tasking__restricted__stages__create_restricted_task__2" targetname: "system__tasking__self" label: "/home/emu/Software/gnatarm/arm-eabi/lib/gnat/ravenscar-sfp-stm32f4/gnarl-common/s-tarest.adb:339:18" }
edge: { sourcename: "/home/emu/Software/gnatarm/arm-eabi/lib/gnat/ravenscar-sfp-stm32f4/gnarl-common/s-tarest.adb:system__tasking__restricted__stages__create_restricted_task__2" targetname: "__gnat_last_chance_handler" label: "/home/emu/Software/gnatarm/arm-eabi/lib/gnat/ravenscar-sfp-stm32f4/gnarl-common/s-tarest.adb:325:10" }
node: { title: "system__tasking__restricted__stages__complete_restricted_task" label: "Complete_Restricted_Task\n/home/emu/Software/gnatarm/arm-eabi/lib/gnat/ravenscar-sfp-stm32f4/gnarl-common/s-tarest.adb:281:4\n0 bytes\n0 dynamic objects" }
node: { title: "system__tasking__restricted__stages__complete_restricted_activation" label: "Complete_Restricted_Activation\n/home/emu/Software/gnatarm/arm-eabi/lib/gnat/ravenscar-sfp-stm32f4/gnarl-common/s-tarest.adb:270:4\n0 bytes\n0 dynamic objects" }
node: { title: "/home/emu/Software/gnatarm/arm-eabi/lib/gnat/ravenscar-sfp-stm32f4/gnarl-common/s-tarest.adb:system__tasking__restricted__stages__activate_tasks" label: "Activate_Tasks\n/home/emu/Software/gnatarm/arm-eabi/lib/gnat/ravenscar-sfp-stm32f4/gnarl-common/s-tarest.adb:215:4\n48 bytes (static)\n0 dynamic objects" }
edge: { sourcename: "/home/emu/Software/gnatarm/arm-eabi/lib/gnat/ravenscar-sfp-stm32f4/gnarl-common/s-tarest.adb:system__tasking__restricted__stages__activate_tasks" targetname: "system__bb__protection__leave_kernel" label: "/home/emu/Software/gnatarm/arm-eabi/lib/gnat/ravenscar-sfp-stm32f4/gnarl-common/s-bbthre.adb:385:17" }
edge: { sourcename: "/home/emu/Software/gnatarm/arm-eabi/lib/gnat/ravenscar-sfp-stm32f4/gnarl-common/s-tarest.adb:system__tasking__restricted__stages__activate_tasks" targetname: "system__bb__threads__thread_create" label: "/home/emu/Software/gnatarm/arm-eabi/lib/gnat/ravenscar-sfp-stm32f4/gnarl-common/s-taprop.adb:233:26" }
edge: { sourcename: "/home/emu/Software/gnatarm/arm-eabi/lib/gnat/ravenscar-sfp-stm32f4/gnarl-common/s-tarest.adb:system__tasking__restricted__stages__activate_tasks" targetname: "system__bb__protection__leave_kernel" label: "/home/emu/Software/gnatarm/arm-eabi/lib/gnat/ravenscar-sfp-stm32f4/gnarl-common/s-bbthre.adb:385:17" }
node: { title: "system__tasking__restricted__stages__activate_restricted_tasks" label: "Activate_Restricted_Tasks\n/home/emu/Software/gnatarm/arm-eabi/lib/gnat/ravenscar-sfp-stm32f4/gnarl-common/s-tarest.adb:193:4\n8 bytes (static)\n0 dynamic objects" }
edge: { sourcename: "system__tasking__restricted__stages__activate_restricted_tasks" targetname: "/home/emu/Software/gnatarm/arm-eabi/lib/gnat/ravenscar-sfp-stm32f4/gnarl-common/s-tarest.adb:system__tasking__restricted__stages__activate_tasks" label: "/home/emu/Software/gnatarm/arm-eabi/lib/gnat/ravenscar-sfp-stm32f4/gnarl-common/s-tarest.adb:206:10" }
node: { title: "__gnat_activate_all_tasks" label: "Activate_All_Tasks_Sequential\n/home/emu/Software/gnatarm/arm-eabi/lib/gnat/ravenscar-sfp-stm32f4/gnarl-common/s-tarest.adb:182:4\n8 bytes (static)\n0 dynamic objects" }
edge: { sourcename: "__gnat_activate_all_tasks" targetname: "/home/emu/Software/gnatarm/arm-eabi/lib/gnat/ravenscar-sfp-stm32f4/gnarl-common/s-tarest.adb:system__tasking__restricted__stages__activate_tasks" label: "/home/emu/Software/gnatarm/arm-eabi/lib/gnat/ravenscar-sfp-stm32f4/gnarl-common/s-tarest.adb:185:7" }
node: { title: "/home/emu/Software/gnatarm/arm-eabi/lib/gnat/ravenscar-sfp-stm32f4/gnarl-common/s-tarest.adb:system__tasking__restricted__stages__task_wrapper" label: "Task_Wrapper\n/home/emu/Software/gnatarm/arm-eabi/lib/gnat/ravenscar-sfp-stm32f4/gnarl-common/s-tarest.adb:109:4\n40 bytes (dynamic)\n1 dynamic objects\n Secondary_Stack /home/emu/Software/gnatarm/arm-eabi/lib/gnat/ravenscar-sfp-stm32f4/gnarl-common/s-tarest.adb:118:7" }
edge: { sourcename: "/home/emu/Software/gnatarm/arm-eabi/lib/gnat/ravenscar-sfp-stm32f4/gnarl-common/s-tarest.adb:system__tasking__restricted__stages__task_wrapper" targetname: "system__bb__threads__sleep" label: "/home/emu/Software/gnatarm/arm-eabi/lib/gnat/ravenscar-sfp-stm32f4/gnarl-common/s-taprop.adb:82:26" }
edge: { sourcename: "/home/emu/Software/gnatarm/arm-eabi/lib/gnat/ravenscar-sfp-stm32f4/gnarl-common/s-tarest.adb:system__tasking__restricted__stages__task_wrapper" targetname: "__indirect_call" label: "/home/emu/Software/gnatarm/arm-eabi/lib/gnat/ravenscar-sfp-stm32f4/gnarl-common/s-tarest.adb:160:13" }
node: { title: "__indirect_call" label: "Indirect Call Placeholder" shape : ellipse }
edge: { sourcename: "/home/emu/Software/gnatarm/arm-eabi/lib/gnat/ravenscar-sfp-stm32f4/gnarl-common/s-tarest.adb:system__tasking__restricted__stages__task_wrapper" targetname: "memcmp" label: "/home/emu/Software/gnatarm/arm-eabi/lib/gnat/ravenscar-sfp-stm32f4/gnarl-common/s-tarest.adb:159:13" }
edge: { sourcename: "/home/emu/Software/gnatarm/arm-eabi/lib/gnat/ravenscar-sfp-stm32f4/gnarl-common/s-tarest.adb:system__tasking__restricted__stages__task_wrapper" targetname: "system__bb__protection__leave_kernel" label: "/home/emu/Software/gnatarm/arm-eabi/lib/gnat/ravenscar-sfp-stm32f4/gnarl-common/s-bbthre.adb:385:17" }
edge: { sourcename: "/home/emu/Software/gnatarm/arm-eabi/lib/gnat/ravenscar-sfp-stm32f4/gnarl-common/s-tarest.adb:system__tasking__restricted__stages__task_wrapper" targetname: "system__bb__protection__leave_kernel" label: "/home/emu/Software/gnatarm/arm-eabi/lib/gnat/ravenscar-sfp-stm32f4/gnarl-common/s-bbthre.adb:385:17" }
edge: { sourcename: "/home/emu/Software/gnatarm/arm-eabi/lib/gnat/ravenscar-sfp-stm32f4/gnarl-common/s-tarest.adb:system__tasking__restricted__stages__task_wrapper" targetname: "__indirect_call" label: "/home/emu/Software/gnatarm/arm-eabi/lib/gnat/ravenscar-sfp-stm32f4/gnarl-common/s-tarest.adb:137:21" }
edge: { sourcename: "/home/emu/Software/gnatarm/arm-eabi/lib/gnat/ravenscar-sfp-stm32f4/gnarl-common/s-tarest.adb:system__tasking__restricted__stages__task_wrapper" targetname: "system__bb__protection__leave_kernel" label: "/home/emu/Software/gnatarm/arm-eabi/lib/gnat/ravenscar-sfp-stm32f4/gnarl-common/s-bbthre.adb:385:17" }
edge: { sourcename: "/home/emu/Software/gnatarm/arm-eabi/lib/gnat/ravenscar-sfp-stm32f4/gnarl-common/s-tarest.adb:system__tasking__restricted__stages__task_wrapper" targetname: "system__secondary_stack__ss_init" label: "/home/emu/Software/gnatarm/arm-eabi/lib/gnat/ravenscar-sfp-stm32f4/gnarl-common/s-tarest.adb:128:7" }
}
