graph: { title: "/home/emu/Software/gnatarm/arm-eabi/lib/gnat/ravenscar-sfp-stm32f427/gnarl-common/s-taprop.adb"
node: { title: "system__bb__interrupts__current_interrupt" label: "Current_Interrupt\n/home/emu/Software/gnatarm/arm-eabi/lib/gnat/ravenscar-sfp-stm32f427/gnarl-common/s-bbinte.ads:76:13" shape : ellipse }
node: { title: "system__bb__threads__initialize_slave_environment" label: "Initialize_Slave_Environment\n/home/emu/Software/gnatarm/arm-eabi/lib/gnat/ravenscar-sfp-stm32f427/gnarl-common/s-bbthre.ads:198:14" shape : ellipse }
node: { title: "system__bb__threads__initialize" label: "Initialize\n/home/emu/Software/gnatarm/arm-eabi/lib/gnat/ravenscar-sfp-stm32f427/gnarl-common/s-bbthre.ads:162:14" shape : ellipse }
node: { title: "system__bb__threads__thread_create" label: "Thread_Create\n/home/emu/Software/gnatarm/arm-eabi/lib/gnat/ravenscar-sfp-stm32f427/gnarl-common/s-bbthre.ads:226:14" shape : ellipse }
node: { title: "system__tasking__debug__add_task_id" label: "Add_Task_Id\n/home/emu/Software/gnatarm/arm-eabi/lib/gnat/ravenscar-sfp-stm32f427/gnarl-common/s-tasdeb.ads:46:14" shape : ellipse }
node: { title: "system__bb__threads__set_atcb" label: "Set_Atcb\n/home/emu/Software/gnatarm/arm-eabi/lib/gnat/ravenscar-sfp-stm32f427/gnarl-common/s-bbthre.ads:297:14" shape : ellipse }
node: { title: "system__bb__threads__get_cpu" label: "Get_Cpu\n/home/emu/Software/gnatarm/arm-eabi/lib/gnat/ravenscar-sfp-stm32f427/gnarl-common/s-bbthre.ads:154:13" shape : ellipse }
node: { title: "system__bb__threads__get_affinity" label: "Get_Affinity\n/home/emu/Software/gnatarm/arm-eabi/lib/gnat/ravenscar-sfp-stm32f427/gnarl-common/s-bbthre.ads:146:13" shape : ellipse }
node: { title: "system__bb__threads__get_priority" label: "Get_Priority\n/home/emu/Software/gnatarm/arm-eabi/lib/gnat/ravenscar-sfp-stm32f427/gnarl-common/s-bbthre.ads:261:13" shape : ellipse }
node: { title: "system__bb__threads__set_priority" label: "Set_Priority\n/home/emu/Software/gnatarm/arm-eabi/lib/gnat/ravenscar-sfp-stm32f427/gnarl-common/s-bbthre.ads:257:14" shape : ellipse }
node: { title: "system__bb__threads__wakeup" label: "Wakeup\n/home/emu/Software/gnatarm/arm-eabi/lib/gnat/ravenscar-sfp-stm32f427/gnarl-common/s-bbthre.ads:275:14" shape : ellipse }
node: { title: "system__bb__time__clock" label: "Clock\n/home/emu/Software/gnatarm/arm-eabi/lib/gnat/ravenscar-sfp-stm32f427/gnarl-common/s-bbtime.ads:138:13" shape : ellipse }
node: { title: "system__bb__time__delay_until" label: "Delay_Until\n/home/emu/Software/gnatarm/arm-eabi/lib/gnat/ravenscar-sfp-stm32f427/gnarl-common/s-bbtime.ads:141:14" shape : ellipse }
node: { title: "system__bb__threads__sleep" label: "Sleep\n/home/emu/Software/gnatarm/arm-eabi/lib/gnat/ravenscar-sfp-stm32f427/gnarl-common/s-bbthre.ads:268:14" shape : ellipse }
node: { title: "system__bb__threads__get_atcb" label: "Get_Atcb\n/home/emu/Software/gnatarm/arm-eabi/lib/gnat/ravenscar-sfp-stm32f427/gnarl-common/s-bbthre.ads:302:13" shape : ellipse }
node: { title: "system__task_primitives__operations__is_task_context" label: "Is_Task_Context\n/home/emu/Software/gnatarm/arm-eabi/lib/gnat/ravenscar-sfp-stm32f427/gnarl-common/s-taprop.adb:300:4\n8 bytes (static)\n0 dynamic objects" }
edge: { sourcename: "system__task_primitives__operations__is_task_context" targetname: "system__bb__interrupts__current_interrupt" label: "/home/emu/Software/gnatarm/arm-eabi/lib/gnat/ravenscar-sfp-stm32f427/gnarl-common/s-taprop.adb:302:33" }
node: { title: "system__task_primitives__operations__initialize_slave" label: "Initialize_Slave\n/home/emu/Software/gnatarm/arm-eabi/lib/gnat/ravenscar-sfp-stm32f427/gnarl-common/s-taprop.adb:277:4\n16 bytes (static)\n0 dynamic objects" }
edge: { sourcename: "system__task_primitives__operations__initialize_slave" targetname: "system__task_primitives__operations__enter_task" label: "/home/emu/Software/gnatarm/arm-eabi/lib/gnat/ravenscar-sfp-stm32f427/gnarl-common/s-taprop.adb:293:7" }
edge: { sourcename: "system__task_primitives__operations__initialize_slave" targetname: "system__bb__threads__initialize_slave_environment" label: "/home/emu/Software/gnatarm/arm-eabi/lib/gnat/ravenscar-sfp-stm32f427/gnarl-common/s-taprop.adb:288:26" }
node: { title: "system__task_primitives__operations__initialize" label: "Initialize\n/home/emu/Software/gnatarm/arm-eabi/lib/gnat/ravenscar-sfp-stm32f427/gnarl-common/s-taprop.adb:249:4\n16 bytes (static)\n0 dynamic objects" }
edge: { sourcename: "system__task_primitives__operations__initialize" targetname: "system__task_primitives__operations__enter_task" label: "/home/emu/Software/gnatarm/arm-eabi/lib/gnat/ravenscar-sfp-stm32f427/gnarl-common/s-taprop.adb:266:7" }
edge: { sourcename: "system__task_primitives__operations__initialize" targetname: "system__bb__threads__initialize" label: "/home/emu/Software/gnatarm/arm-eabi/lib/gnat/ravenscar-sfp-stm32f427/gnarl-common/s-taprop.adb:260:26" }
node: { title: "system__task_primitives__operations__create_task" label: "Create_Task\n/home/emu/Software/gnatarm/arm-eabi/lib/gnat/ravenscar-sfp-stm32f427/gnarl-common/s-taprop.adb:213:4\n56 bytes (static)\n0 dynamic objects" }
edge: { sourcename: "system__task_primitives__operations__create_task" targetname: "system__bb__threads__thread_create" label: "/home/emu/Software/gnatarm/arm-eabi/lib/gnat/ravenscar-sfp-stm32f427/gnarl-common/s-taprop.adb:233:26" }
node: { title: "system__task_primitives__operations__initialize_tcb" label: "Initialize_Tcb\n/home/emu/Software/gnatarm/arm-eabi/lib/gnat/ravenscar-sfp-stm32f427/gnarl-common/s-taprop.adb:201:4\n24 bytes (static)\n0 dynamic objects" }
node: { title: "system__task_primitives__operations__enter_task" label: "Enter_Task\n/home/emu/Software/gnatarm/arm-eabi/lib/gnat/ravenscar-sfp-stm32f427/gnarl-common/s-taprop.adb:176:4\n16 bytes (static)\n0 dynamic objects" }
edge: { sourcename: "system__task_primitives__operations__enter_task" targetname: "system__bb__threads__set_priority" label: "/home/emu/Software/gnatarm/arm-eabi/lib/gnat/ravenscar-sfp-stm32f427/gnarl-common/s-taprop.adb:194:26" }
edge: { sourcename: "system__task_primitives__operations__enter_task" targetname: "system__tasking__debug__add_task_id" label: "/home/emu/Software/gnatarm/arm-eabi/lib/gnat/ravenscar-sfp-stm32f427/gnarl-common/s-taprop.adb:189:27" }
edge: { sourcename: "system__task_primitives__operations__enter_task" targetname: "system__bb__threads__set_atcb" label: "/home/emu/Software/gnatarm/arm-eabi/lib/gnat/ravenscar-sfp-stm32f427/gnarl-common/s-taprop.adb:181:26" }
node: { title: "system__task_primitives__operations__get_thread_id" label: "Get_Thread_Id\n/home/emu/Software/gnatarm/arm-eabi/lib/gnat/ravenscar-sfp-stm32f427/gnarl-common/s-taprop.adb:167:4\n16 bytes (static)\n0 dynamic objects" }
node: { title: "system__task_primitives__operations__get_cpu" label: "Get_Cpu\n/home/emu/Software/gnatarm/arm-eabi/lib/gnat/ravenscar-sfp-stm32f427/gnarl-common/s-taprop.adb:157:4\n16 bytes (static)\n0 dynamic objects" }
edge: { sourcename: "system__task_primitives__operations__get_cpu" targetname: "system__bb__threads__get_cpu" label: "/home/emu/Software/gnatarm/arm-eabi/lib/gnat/ravenscar-sfp-stm32f427/gnarl-common/s-taprop.adb:160:7" }
node: { title: "system__task_primitives__operations__get_affinity" label: "Get_Affinity\n/home/emu/Software/gnatarm/arm-eabi/lib/gnat/ravenscar-sfp-stm32f427/gnarl-common/s-taprop.adb:146:4\n16 bytes (static)\n0 dynamic objects" }
edge: { sourcename: "system__task_primitives__operations__get_affinity" targetname: "system__bb__threads__get_affinity" label: "/home/emu/Software/gnatarm/arm-eabi/lib/gnat/ravenscar-sfp-stm32f427/gnarl-common/s-taprop.adb:150:7" }
node: { title: "system__task_primitives__operations__get_priority" label: "Get_Priority\n/home/emu/Software/gnatarm/arm-eabi/lib/gnat/ravenscar-sfp-stm32f427/gnarl-common/s-taprop.adb:135:4\n16 bytes (static)\n0 dynamic objects" }
edge: { sourcename: "system__task_primitives__operations__get_priority" targetname: "system__bb__threads__get_priority" label: "/home/emu/Software/gnatarm/arm-eabi/lib/gnat/ravenscar-sfp-stm32f427/gnarl-common/s-taprop.adb:139:7" }
node: { title: "system__task_primitives__operations__set_priority" label: "Set_Priority\n/home/emu/Software/gnatarm/arm-eabi/lib/gnat/ravenscar-sfp-stm32f427/gnarl-common/s-taprop.adb:120:4\n16 bytes (static)\n0 dynamic objects" }
edge: { sourcename: "system__task_primitives__operations__set_priority" targetname: "system__bb__threads__set_priority" label: "/home/emu/Software/gnatarm/arm-eabi/lib/gnat/ravenscar-sfp-stm32f427/gnarl-common/s-taprop.adb:128:26" }
node: { title: "system__task_primitives__operations__wakeup" label: "Wakeup\n/home/emu/Software/gnatarm/arm-eabi/lib/gnat/ravenscar-sfp-stm32f427/gnarl-common/s-taprop.adb:110:4\n16 bytes (static)\n0 dynamic objects" }
edge: { sourcename: "system__task_primitives__operations__wakeup" targetname: "system__bb__threads__wakeup" label: "/home/emu/Software/gnatarm/arm-eabi/lib/gnat/ravenscar-sfp-stm32f427/gnarl-common/s-taprop.adb:113:26" }
node: { title: "system__task_primitives__operations__monotonic_clock" label: "Monotonic_Clock\n/home/emu/Software/gnatarm/arm-eabi/lib/gnat/ravenscar-sfp-stm32f427/gnarl-common/s-taprop.adb:101:4\n8 bytes (static)\n0 dynamic objects" }
edge: { sourcename: "system__task_primitives__operations__monotonic_clock" targetname: "system__bb__time__clock" label: "/home/emu/Software/gnatarm/arm-eabi/lib/gnat/ravenscar-sfp-stm32f427/gnarl-common/s-taprop.adb:103:7" }
node: { title: "system__task_primitives__operations__delay_until" label: "Delay_Until\n/home/emu/Software/gnatarm/arm-eabi/lib/gnat/ravenscar-sfp-stm32f427/gnarl-common/s-taprop.adb:89:4\n24 bytes (static)\n0 dynamic objects" }
edge: { sourcename: "system__task_primitives__operations__delay_until" targetname: "system__bb__time__delay_until" label: "/home/emu/Software/gnatarm/arm-eabi/lib/gnat/ravenscar-sfp-stm32f427/gnarl-common/s-taprop.adb:93:26" }
edge: { sourcename: "system__task_primitives__operations__delay_until" targetname: "system__task_primitives__operations__self" label: "/home/emu/Software/gnatarm/arm-eabi/lib/gnat/ravenscar-sfp-stm32f427/gnarl-common/s-taprop.adb:90:7" }
node: { title: "system__task_primitives__operations__sleep" label: "Sleep\n/home/emu/Software/gnatarm/arm-eabi/lib/gnat/ravenscar-sfp-stm32f427/gnarl-common/s-taprop.adb:72:4\n16 bytes (static)\n0 dynamic objects" }
edge: { sourcename: "system__task_primitives__operations__sleep" targetname: "system__bb__threads__sleep" label: "/home/emu/Software/gnatarm/arm-eabi/lib/gnat/ravenscar-sfp-stm32f427/gnarl-common/s-taprop.adb:82:26" }
node: { title: "system__task_primitives__operations__self" label: "Self\n/home/emu/Software/gnatarm/arm-eabi/lib/gnat/ravenscar-sfp-stm32f427/gnarl-common/s-taprop.adb:63:4\n8 bytes (static)\n0 dynamic objects" }
edge: { sourcename: "system__task_primitives__operations__self" targetname: "system__bb__threads__get_atcb" label: "/home/emu/Software/gnatarm/arm-eabi/lib/gnat/ravenscar-sfp-stm32f427/gnarl-common/s-taprop.adb:65:45" }
}
