graph: { title: "/home/emu/Software/gnatarm/arm-eabi/lib/gnat/ravenscar-sfp-stm32f427/gnarl-common/s-tpobmu.adb"
node: { title: "system__task_primitives__operations__wakeup" label: "Wakeup\n/home/emu/Software/gnatarm/arm-eabi/lib/gnat/ravenscar-sfp-stm32f427/gnarl-common/s-taprop.ads:116:14" shape : ellipse }
node: { title: "system__task_primitives__operations__self" label: "Self\n/home/emu/Software/gnatarm/arm-eabi/lib/gnat/ravenscar-sfp-stm32f427/gnarl-common/s-taprop.ads:79:13" shape : ellipse }
node: { title: "system__bb__cpu_primitives__multiprocessors__poke_cpu" label: "Poke_Cpu\n/home/emu/Software/gnatarm/arm-eabi/lib/gnat/ravenscar-sfp-stm32f427/gnarl-common/s-bcprmu.ads:40:14" shape : ellipse }
node: { title: "system__bb__threads__queues__current_priority" label: "Current_Priority\n/home/emu/Software/gnatarm/arm-eabi/lib/gnat/ravenscar-sfp-stm32f427/gnarl-common/s-bbthqu.ads:165:13" shape : ellipse }
node: { title: "system__task_primitives__operations__get_priority" label: "Get_Priority\n/home/emu/Software/gnatarm/arm-eabi/lib/gnat/ravenscar-sfp-stm32f427/gnarl-common/s-taprop.ads:87:13" shape : ellipse }
node: { title: "system__bb__cpu_primitives__enable_interrupts" label: "Enable_Interrupts\n/home/emu/Software/gnatarm/arm-eabi/lib/gnat/ravenscar-sfp-stm32f427/gnarl-common/s-bbcppr.ads:120:14" shape : ellipse }
node: { title: "system__bb__threads__queues__running_thread" label: "Running_Thread\n/home/emu/Software/gnatarm/arm-eabi/lib/gnat/ravenscar-sfp-stm32f427/gnarl-common/s-bbthqu.ads:246:13" shape : ellipse }
node: { title: "system__multiprocessors__fair_locks__unlock" label: "Unlock\n/home/emu/Software/gnatarm/arm-eabi/lib/gnat/ravenscar-sfp-stm32f427/gnarl-common/s-mufalo.ads:67:14" shape : ellipse }
node: { title: "system__multiprocessors__fair_locks__lock" label: "Lock\n/home/emu/Software/gnatarm/arm-eabi/lib/gnat/ravenscar-sfp-stm32f427/gnarl-common/s-mufalo.ads:54:14" shape : ellipse }
node: { title: "system__bb__cpu_primitives__disable_interrupts" label: "Disable_Interrupts\n/home/emu/Software/gnatarm/arm-eabi/lib/gnat/ravenscar-sfp-stm32f427/gnarl-common/s-bbcppr.ads:112:14" shape : ellipse }
node: { title: "system__task_primitives__operations__get_cpu" label: "Get_Cpu\n/home/emu/Software/gnatarm/arm-eabi/lib/gnat/ravenscar-sfp-stm32f427/gnarl-common/s-taprop.ads:93:13" shape : ellipse }
node: { title: "system__multiprocessors__fair_locks__fair_lockIP" label: "Fair_Lockip\n/home/emu/Software/gnatarm/arm-eabi/lib/gnat/ravenscar-sfp-stm32f427/gnarl-common/s-mufalo.ads:45:9" shape : ellipse }
node: { title: "system__tasking__protected_objects__multiprocessors___elabb" label: "Multiprocessors\n/home/emu/Software/gnatarm/arm-eabi/lib/gnat/ravenscar-sfp-stm32f427/gnarl-common/s-tpobmu.adb:44:1\n4 bytes (static)\n0 dynamic objects" }
node: { title: "system__tasking__protected_objects__multiprocessors__wakeup_served_entry" label: "Wakeup_Served_Entry\n/home/emu/Software/gnatarm/arm-eabi/lib/gnat/ravenscar-sfp-stm32f427/gnarl-common/s-tpobmu.adb:130:4\n16 bytes (static)\n0 dynamic objects" }
edge: { sourcename: "system__tasking__protected_objects__multiprocessors__wakeup_served_entry" targetname: "system__task_primitives__operations__wakeup" label: "/home/emu/Software/gnatarm/arm-eabi/lib/gnat/ravenscar-sfp-stm32f427/gnarl-common/s-tpobmu.adb:145:14" }
edge: { sourcename: "system__tasking__protected_objects__multiprocessors__wakeup_served_entry" targetname: "system__multiprocessors__fair_locks__unlock" label: "/home/emu/Software/gnatarm/arm-eabi/lib/gnat/ravenscar-sfp-stm32f427/gnarl-common/s-tpobmu.adb:142:7" }
edge: { sourcename: "system__tasking__protected_objects__multiprocessors__wakeup_served_entry" targetname: "system__multiprocessors__fair_locks__lock" label: "/home/emu/Software/gnatarm/arm-eabi/lib/gnat/ravenscar-sfp-stm32f427/gnarl-common/s-tpobmu.adb:137:7" }
edge: { sourcename: "system__tasking__protected_objects__multiprocessors__wakeup_served_entry" targetname: "system__task_primitives__operations__get_cpu" label: "/home/emu/Software/gnatarm/arm-eabi/lib/gnat/ravenscar-sfp-stm32f427/gnarl-common/s-tpobmu.adb:131:7" }
edge: { sourcename: "system__tasking__protected_objects__multiprocessors__wakeup_served_entry" targetname: "system__task_primitives__operations__self" label: "/home/emu/Software/gnatarm/arm-eabi/lib/gnat/ravenscar-sfp-stm32f427/gnarl-common/s-tpobmu.adb:131:54" }
node: { title: "system__tasking__protected_objects__multiprocessors__served" label: "Served\n/home/emu/Software/gnatarm/arm-eabi/lib/gnat/ravenscar-sfp-stm32f427/gnarl-common/s-tpobmu.adb:68:4\n32 bytes (static)\n0 dynamic objects" }
edge: { sourcename: "system__tasking__protected_objects__multiprocessors__served" targetname: "system__bb__cpu_primitives__multiprocessors__poke_cpu" label: "/home/emu/Software/gnatarm/arm-eabi/lib/gnat/ravenscar-sfp-stm32f427/gnarl-common/s-tpobmu.adb:122:50" }
edge: { sourcename: "system__tasking__protected_objects__multiprocessors__served" targetname: "system__bb__threads__queues__current_priority" label: "/home/emu/Software/gnatarm/arm-eabi/lib/gnat/ravenscar-sfp-stm32f427/gnarl-common/s-tpobmu.adb:118:28" }
edge: { sourcename: "system__tasking__protected_objects__multiprocessors__served" targetname: "system__task_primitives__operations__get_priority" label: "/home/emu/Software/gnatarm/arm-eabi/lib/gnat/ravenscar-sfp-stm32f427/gnarl-common/s-tpobmu.adb:117:14" }
edge: { sourcename: "system__tasking__protected_objects__multiprocessors__served" targetname: "system__bb__cpu_primitives__enable_interrupts" label: "/home/emu/Software/gnatarm/arm-eabi/lib/gnat/ravenscar-sfp-stm32f427/gnarl-common/s-tpobmu.adb:114:34" }
edge: { sourcename: "system__tasking__protected_objects__multiprocessors__served" targetname: "system__bb__cpu_primitives__enable_interrupts" label: "/home/emu/Software/gnatarm/arm-eabi/lib/gnat/ravenscar-sfp-stm32f427/gnarl-common/s-tpobmu.adb:105:34" }
edge: { sourcename: "system__tasking__protected_objects__multiprocessors__served" targetname: "system__bb__threads__queues__running_thread" label: "/home/emu/Software/gnatarm/arm-eabi/lib/gnat/ravenscar-sfp-stm32f427/gnarl-common/s-tpobmu.adb:106:37" }
edge: { sourcename: "system__tasking__protected_objects__multiprocessors__served" targetname: "system__bb__threads__queues__running_thread" label: "/home/emu/Software/gnatarm/arm-eabi/lib/gnat/ravenscar-sfp-stm32f427/gnarl-common/s-tpobmu.adb:99:34" }
edge: { sourcename: "system__tasking__protected_objects__multiprocessors__served" targetname: "system__multiprocessors__fair_locks__unlock" label: "/home/emu/Software/gnatarm/arm-eabi/lib/gnat/ravenscar-sfp-stm32f427/gnarl-common/s-tpobmu.adb:92:7" }
edge: { sourcename: "system__tasking__protected_objects__multiprocessors__served" targetname: "system__multiprocessors__fair_locks__lock" label: "/home/emu/Software/gnatarm/arm-eabi/lib/gnat/ravenscar-sfp-stm32f427/gnarl-common/s-tpobmu.adb:85:7" }
edge: { sourcename: "system__tasking__protected_objects__multiprocessors__served" targetname: "system__bb__cpu_primitives__disable_interrupts" label: "/home/emu/Software/gnatarm/arm-eabi/lib/gnat/ravenscar-sfp-stm32f427/gnarl-common/s-tpobmu.adb:83:31" }
edge: { sourcename: "system__tasking__protected_objects__multiprocessors__served" targetname: "system__task_primitives__operations__get_cpu" label: "/home/emu/Software/gnatarm/arm-eabi/lib/gnat/ravenscar-sfp-stm32f427/gnarl-common/s-tpobmu.adb:70:7" }
node: { title: "system__tasking__protected_objects__multiprocessors__entry_call_listIP" label: "Entry_Call_Listip\n/home/emu/Software/gnatarm/arm-eabi/lib/gnat/ravenscar-sfp-stm32f427/gnarl-common/s-tpobmu.adb:52:9\n16 bytes (static)\n0 dynamic objects" }
edge: { sourcename: "system__tasking__protected_objects__multiprocessors__entry_call_listIP" targetname: "system__multiprocessors__fair_locks__fair_lockIP" label: "/home/emu/Software/gnatarm/arm-eabi/lib/gnat/ravenscar-sfp-stm32f427/gnarl-common/s-tpobmu.adb:54:7" }
}
