graph: { title: "/home/emu/Software/gnatarm/arm-eabi/lib/gnat/NOravenscar-sfp-stm32f427/arch/setup_pll.adb"
node: { title: "/home/emu/Software/gnatarm/arm-eabi/lib/gnat/NOravenscar-sfp-stm32f427/arch/setup_pll.adb:setup_pll__Oand.4093" label: "And\n/home/emu/Software/gnatarm/arm-eabi/lib/gnat/NOravenscar-sfp-stm32f427/arch/setup_pll.adb:44:4\n24 bytes (static)\n0 dynamic objects" }
node: { title: "/home/emu/Software/gnatarm/arm-eabi/lib/gnat/NOravenscar-sfp-stm32f427/arch/setup_pll.adb:setup_pll__reset_clocks.4107" label: "Reset_Clocks\n/home/emu/Software/gnatarm/arm-eabi/lib/gnat/NOravenscar-sfp-stm32f427/arch/setup_pll.adb:285:4\n24 bytes (static)\n0 dynamic objects" }
edge: { sourcename: "/home/emu/Software/gnatarm/arm-eabi/lib/gnat/NOravenscar-sfp-stm32f427/arch/setup_pll.adb:setup_pll__reset_clocks.4107" targetname: "/home/emu/Software/gnatarm/arm-eabi/lib/gnat/NOravenscar-sfp-stm32f427/arch/setup_pll.adb:setup_pll__reset.4098" label: "/home/emu/Software/gnatarm/arm-eabi/lib/gnat/NOravenscar-sfp-stm32f427/arch/setup_pll.adb:301:7" }
edge: { sourcename: "/home/emu/Software/gnatarm/arm-eabi/lib/gnat/NOravenscar-sfp-stm32f427/arch/setup_pll.adb:setup_pll__reset_clocks.4107" targetname: "/home/emu/Software/gnatarm/arm-eabi/lib/gnat/NOravenscar-sfp-stm32f427/arch/setup_pll.adb:setup_pll__reset.4098" label: "/home/emu/Software/gnatarm/arm-eabi/lib/gnat/NOravenscar-sfp-stm32f427/arch/setup_pll.adb:294:7" }
edge: { sourcename: "/home/emu/Software/gnatarm/arm-eabi/lib/gnat/NOravenscar-sfp-stm32f427/arch/setup_pll.adb:setup_pll__reset_clocks.4107" targetname: "/home/emu/Software/gnatarm/arm-eabi/lib/gnat/NOravenscar-sfp-stm32f427/arch/setup_pll.adb:setup_pll__set.4103" label: "/home/emu/Software/gnatarm/arm-eabi/lib/gnat/NOravenscar-sfp-stm32f427/arch/setup_pll.adb:288:7" }
node: { title: "/home/emu/Software/gnatarm/arm-eabi/lib/gnat/NOravenscar-sfp-stm32f427/arch/setup_pll.adb:setup_pll__initialize_clocks.4105" label: "Initialize_Clocks\n/home/emu/Software/gnatarm/arm-eabi/lib/gnat/NOravenscar-sfp-stm32f427/arch/setup_pll.adb:90:4\n104 bytes (static)\n0 dynamic objects" }
edge: { sourcename: "/home/emu/Software/gnatarm/arm-eabi/lib/gnat/NOravenscar-sfp-stm32f427/arch/setup_pll.adb:setup_pll__initialize_clocks.4105" targetname: "/home/emu/Software/gnatarm/arm-eabi/lib/gnat/NOravenscar-sfp-stm32f427/arch/setup_pll.adb:setup_pll__Oand.4093" label: "/home/emu/Software/gnatarm/arm-eabi/lib/gnat/NOravenscar-sfp-stm32f427/arch/setup_pll.adb:275:31" }
edge: { sourcename: "/home/emu/Software/gnatarm/arm-eabi/lib/gnat/NOravenscar-sfp-stm32f427/arch/setup_pll.adb:setup_pll__initialize_clocks.4105" targetname: "/home/emu/Software/gnatarm/arm-eabi/lib/gnat/NOravenscar-sfp-stm32f427/arch/setup_pll.adb:setup_pll__Oand.4093" label: "/home/emu/Software/gnatarm/arm-eabi/lib/gnat/NOravenscar-sfp-stm32f427/arch/setup_pll.adb:242:40" }
edge: { sourcename: "/home/emu/Software/gnatarm/arm-eabi/lib/gnat/NOravenscar-sfp-stm32f427/arch/setup_pll.adb:setup_pll__initialize_clocks.4105" targetname: "/home/emu/Software/gnatarm/arm-eabi/lib/gnat/NOravenscar-sfp-stm32f427/arch/setup_pll.adb:setup_pll__set.4103" label: "/home/emu/Software/gnatarm/arm-eabi/lib/gnat/NOravenscar-sfp-stm32f427/arch/setup_pll.adb:240:10" }
edge: { sourcename: "/home/emu/Software/gnatarm/arm-eabi/lib/gnat/NOravenscar-sfp-stm32f427/arch/setup_pll.adb:setup_pll__initialize_clocks.4105" targetname: "/home/emu/Software/gnatarm/arm-eabi/lib/gnat/NOravenscar-sfp-stm32f427/arch/setup_pll.adb:setup_pll__Oand.4093" label: "/home/emu/Software/gnatarm/arm-eabi/lib/gnat/NOravenscar-sfp-stm32f427/arch/setup_pll.adb:230:41" }
edge: { sourcename: "/home/emu/Software/gnatarm/arm-eabi/lib/gnat/NOravenscar-sfp-stm32f427/arch/setup_pll.adb:setup_pll__initialize_clocks.4105" targetname: "/home/emu/Software/gnatarm/arm-eabi/lib/gnat/NOravenscar-sfp-stm32f427/arch/setup_pll.adb:setup_pll__Oand.4093" label: "/home/emu/Software/gnatarm/arm-eabi/lib/gnat/NOravenscar-sfp-stm32f427/arch/setup_pll.adb:220:40" }
edge: { sourcename: "/home/emu/Software/gnatarm/arm-eabi/lib/gnat/NOravenscar-sfp-stm32f427/arch/setup_pll.adb:setup_pll__initialize_clocks.4105" targetname: "/home/emu/Software/gnatarm/arm-eabi/lib/gnat/NOravenscar-sfp-stm32f427/arch/setup_pll.adb:setup_pll__Oand.4093" label: "/home/emu/Software/gnatarm/arm-eabi/lib/gnat/NOravenscar-sfp-stm32f427/arch/setup_pll.adb:210:37" }
node: { title: "/home/emu/Software/gnatarm/arm-eabi/lib/gnat/NOravenscar-sfp-stm32f427/arch/setup_pll.adb:setup_pll__set.4103" label: "Set\n/home/emu/Software/gnatarm/arm-eabi/lib/gnat/NOravenscar-sfp-stm32f427/arch/setup_pll.adb:81:4\n24 bytes (static)\n0 dynamic objects" }
node: { title: "_ada_setup_pll" label: "Setup_Pll\n/home/emu/Software/gnatarm/arm-eabi/lib/gnat/NOravenscar-sfp-stm32f427/arch/setup_pll.adb:39:1\n8 bytes (static)\n0 dynamic objects" }
edge: { sourcename: "_ada_setup_pll" targetname: "/home/emu/Software/gnatarm/arm-eabi/lib/gnat/NOravenscar-sfp-stm32f427/arch/setup_pll.adb:setup_pll__initialize_clocks.4105" label: "/home/emu/Software/gnatarm/arm-eabi/lib/gnat/NOravenscar-sfp-stm32f427/arch/setup_pll.adb:309:4" }
edge: { sourcename: "_ada_setup_pll" targetname: "/home/emu/Software/gnatarm/arm-eabi/lib/gnat/NOravenscar-sfp-stm32f427/arch/setup_pll.adb:setup_pll__reset_clocks.4107" label: "/home/emu/Software/gnatarm/arm-eabi/lib/gnat/NOravenscar-sfp-stm32f427/arch/setup_pll.adb:308:4" }
node: { title: "/home/emu/Software/gnatarm/arm-eabi/lib/gnat/NOravenscar-sfp-stm32f427/arch/setup_pll.adb:setup_pll__reset.4098" label: "Reset\n/home/emu/Software/gnatarm/arm-eabi/lib/gnat/NOravenscar-sfp-stm32f427/arch/setup_pll.adb:72:4\n24 bytes (static)\n0 dynamic objects" }
}
